[    0.0s] start; dataset dir = /job/output-datasets/huginn-0125-weights (exists=True)
[    0.0s] $ df -h /job/output-datasets/huginn-0125-weights | tail -2
[    0.0s]   rc=0  Filesystem      Size  Used Avail Use% Mounted on
/dev/vdb         25G  8.0K   24G   1% /job/output-datasets/huginn-0125-weights
[    0.0s] $ pip install -q --no-cache-dir 'huggingface_hub>=0.30'
[    4.7s]   rc=0  [notice] A new release of pip is available: 24.0 -> 26.2.1
[notice] To update, run: pip install --upgrade pip
[    4.7s] $ python -c "import huggingface_hub as h; print(h.__version__)"
[    4.7s]   rc=0  1.27.0
[   65.0s]   ... 48 files, 6.03 GB on the dataset device
[  125.0s]   ... 48 files, 6.62 GB on the dataset device
[  185.0s]   ... 49 files, 7.67 GB on the dataset device
[  245.0s]   ... 49 files, 8.49 GB on the dataset device
[  305.0s]   ... 49 files, 9.56 GB on the dataset device
[  365.0s]   ... 49 files, 10.46 GB on the dataset device
[  425.0s]   ... 49 files, 11.42 GB on the dataset device
[  485.0s]   ... 49 files, 12.33 GB on the dataset device
[  545.0s]   ... 49 files, 13.29 GB on the dataset device
[  605.0s]   ... 49 files, 14.32 GB on the dataset device
[  665.0s]   ... 49 files, 15.59 GB on the dataset device
[  725.0s]   ... 49 files, 15.65 GB on the dataset device
[  785.0s]   ... 49 files, 15.65 GB on the dataset device
[  845.0s]   ... 49 files, 15.65 GB on the dataset device
[  905.0s]   ... 49 files, 15.65 GB on the dataset device
[  965.0s]   ... 49 files, 15.65 GB on the dataset device
[ 1010.3s] snapshot_download returned /job/output-datasets/huginn-0125-weights in 1005.3s
[ 1010.3s] SELF-CHECK: 16/16 files, 15651519639 bytes vs expected 15651519639 -> OK
[ 1012.8s] $ python -c "import sysconfig,platform,sys;print(sys.version, platform.machine(), sysconfig.get_platform())"
[ 1012.8s]   ... 52 files, 15.65 GB on the dataset device
[ 1012.8s]   rc=0  3.11.13 (main, Jun  4 2025, 08:57:29) [GCC 11.4.0] x86_64 linux-x86_64
[ 1012.8s] $ pip download --no-cache-dir --dest /job/output-datasets/huginn-0125-weights/wheels 'torch==2.5.1'
[ 1083.9s]   rc=0  /nvidia_nvjitlink_cu12-12.4.127-py3-none-manylinux2014_x86_64.whl
Saved ./output-datasets/huginn-0125-weights/wheels/nvidia_nvtx_cu12-12.4.127-py3-none-manylinux2014_x86_64.whl
Saved ./output-datasets/huginn-0125-weights/wheels/sympy-1.13.1-py3-none-any.whl
Saved ./output-datasets/huginn-0125-weights/wheels/triton-3.1.0-cp311-cp311-manylinux_2_17_x86_64.manylinux2014_x86_64.whl
Saved ./output-datasets/huginn-0125-weights/wheels/typing_extensions-4.16.0-py3-none-any.whl
Saved ./output-datasets/huginn-0125-weights/wheels/filelock-3.32.2-py3-none-any.whl
Saved ./output-datasets/huginn-0125-weights/wheels/fsspec-2026.7.0-py3-none-any.whl
Saved ./output-datasets/huginn-0125-weights/wheels/jinja2-3.1.6-py3-none-any.whl
Saved ./output-datasets/huginn-0125-weights/wheels/networkx-3.6.1-py3-none-any.whl
Saved ./output-datasets/huginn-0125-weights/wheels/markupsafe-3.0.3-cp311-cp311-manylinux2014_x86_64.manylinux_2_17_x86_64.manylinux_2_28_x86_64.whl
Saved ./output-datasets/huginn-0125-weights/wheels/mpmath-1.3.0-py3-none-any.whl
Successfully downloaded torch nvidia-cublas-cu12 nvidia-cuda-cupti-cu12 nvidia-cuda-nvrtc-cu12 nvidia-cuda-runtime-cu12 nvidia-cudnn-cu12 nvidia-cufft-cu12 nvidia-curand-cu12 nvidia-cusolver-cu12 nvidia-cusparse-cu12 nvidia-nccl-cu12 nvidia-nvjitlink-cu12 nvidia-nvtx-cu12 sympy triton typing-extensions filelock fsspec jinja2 networkx MarkupSafe mpmath
[notice] A new release of pip is available: 24.0 -> 26.2.1
[notice] To update, run: pip install --upgrade pip
[ 1086.4s] $ pip download --no-cache-dir --dest /job/output-datasets/huginn-0125-weights/wheels 'transformers==4.53.3' 'accelerate' 'safetensors' 'datasets' 'huggingface_hub' 'numpy' 'scipy' 'scikit-learn' 'matplotlib' 'pandas' 'tqdm' 'pyyaml'
[ 1158.6s]   rc=0  /wheels/multidict-6.7.1-cp311-cp311-manylinux2014_x86_64.manylinux_2_17_x86_64.manylinux_2_28_x86_64.whl
Saved ./output-datasets/huginn-0125-weights/wheels/nvidia_nvjitlink-13.3.33-py3-none-manylinux2010_x86_64.manylinux_2_12_x86_64.whl
Saved ./output-datasets/huginn-0125-weights/wheels/propcache-0.5.2-cp311-cp311-manylinux2014_x86_64.manylinux_2_17_x86_64.manylinux_2_28_x86_64.whl
Saved ./output-datasets/huginn-0125-weights/wheels/yarl-1.24.5-cp311-cp311-manylinux2014_x86_64.manylinux_2_17_x86_64.manylinux_2_28_x86_64.whl
Successfully downloaded transformers accelerate safetensors datasets huggingface_hub numpy scipy scikit-learn matplotlib pandas tqdm pyyaml contourpy cycler dill fonttools fsspec hf-xet httpx httpcore joblib kiwisolver multiprocess narwhals packaging pillow pyarrow pyparsing python-dateutil regex requests threadpoolctl tokenizers torch cuda-toolkit nvidia-cudnn-cu13 nvidia-cusparselt-cu13 nvidia-nccl-cu13 nvidia-nvshmem-cu13 triton nvidia-cublas nvidia-cuda-cupti nvidia-cuda-nvrtc nvidia-cuda-runtime nvidia-cufft nvidia-cufile nvidia-curand nvidia-cusolver nvidia-cusparse nvidia-nvtx typing-extensions filelock psutil xxhash aiohttp certifi charset_normalizer cuda-bindings idna networkx setuptools six sympy urllib3 anyio jinja2 aiohappyeyeballs aiosignal attrs cuda-pathfinder frozenlist h11 MarkupSafe mpmath multidict nvidia-nvjitlink propcache yarl
[notice] A new release of pip is available: 24.0 -> 26.2.1
[notice] To update, run: pip install --upgrade pip
[ 1164.8s] wheel cache: 94 files, 5.91 GB, ok=True
[ 1164.8s] $ df -h /job/output-datasets/huginn-0125-weights | tail -2
[ 1164.8s]   rc=0  Filesystem      Size  Used Avail Use% Mounted on
/dev/vdb         25G   21G  3.1G  87% /job/output-datasets/huginn-0125-weights
[ 1164.8s] $ ls -la /job/output-datasets/huginn-0125-weights
[ 1164.8s]   rc=0  total 15284780
drwxr-xr-x 4 1000 1000       4096 Aug 10 20:57 .
drwxr-xr-x 3 root root       4096 Aug 10 20:40 ..
drwxr-xr-x 3 root root       4096 Aug 10 20:40 .cache
-rw-r--r-- 1 root root       1566 Aug 10 20:40 .gitattributes
-rw-r--r-- 1 root root       3438 Aug 10 20:59 MANIFEST.json
-rw-r--r-- 1 root root      13691 Aug 10 20:40 README.md
-rw-r--r-- 1 root root    3015077 Aug 10 20:40 asset1.gif
-rw-r--r-- 1 root root      46921 Aug 10 20:40 asset2.jpeg
-rw-r--r-- 1 root root       1447 Aug 10 20:40 config.json
-rw-r--r-- 1 root root        178 Aug 10 20:40 generation_config.json
-rw-r--r-- 1 root root 4771970936 Aug 10 20:49 model-00001-of-00004.safetensors
-rw-r--r-- 1 root root 4744780096 Aug 10 20:51 model-00002-of-00004.safetensors
-rw-r--r-- 1 root root 4744737616 Aug 10 20:50 model-00003-of-00004.safetensors
-rw-r--r-- 1 root root 1384120448 Aug 10 20:40 model-00004-of-00004.safetensors
-rw-r--r-- 1 root root       6188 Aug 10 20:40 model.safetensors.index.json
-rw-r--r-- 1 root root       3913 Aug 10 20:40 raven_config_minimal.py
-rw-r--r-- 1 root root      88021 Aug 10 20:40 raven_modeling_minimal.py
-rw-r--r-- 1 root root        435 Aug 10 20:40 special_tokens_map.json
-rw-r--r-- 1 root root    2726482 Aug 10 20:40 tokenizer.json
-rw-r--r-- 1 root root       6624 Aug 10 20:40 tokenizer_config.json
drwxr-xr-x 2 root root      12288 Aug 10 20:59 wheels
[ 1171.4s] DONE: 146 files, 21.56 GB total, weights_ok=True wheels_ok=True, 1171.4s
