[    0.0s] MOUNT-COST CLOCK: this line's wall-clock, minus the job proto's started_at, is the cost of mounting 21.56 GB. mount=/job/datasets/bt102r0j5cb8r6r6nb36 exists=True
[    0.0s] $ free -g
[    0.1s]   rc=0  total        used        free      shared  buff/cache   available
Mem:              31           1          29           0           1          29
Swap:              0           0           0
[    0.1s] $ df -h / /job/datasets/bt102r0j5cb8r6r6nb36
[    0.1s]   rc=0  Filesystem      Size  Used Avail Use% Mounted on
overlay          97G   54G   44G  56% /
/dev/vdb         25G   15G  8.4G  64% /job/datasets/bt102r0j5cb8r6r6nb36
[    0.1s] $ ls -la /job/datasets/bt102r0j5cb8r6r6nb36
[    0.1s]   rc=0  t       1566 Aug 10 20:40 .gitattributes
-rw-r--r-- 1 root root       1347 Aug 10 20:57 MANIFEST.json
-rw-r--r-- 1 root root      13691 Aug 10 20:40 README.md
-rw-r--r-- 1 root root    3015077 Aug 10 20:40 asset1.gif
-rw-r--r-- 1 root root      46921 Aug 10 20:40 asset2.jpeg
-rw-r--r-- 1 root root       1447 Aug 10 20:40 config.json
-rw-r--r-- 1 root root        178 Aug 10 20:40 generation_config.json
-rw-r--r-- 1 root root 4771970936 Aug 10 20:49 model-00001-of-00004.safetensors
-rw-r--r-- 1 root root 4744780096 Aug 10 20:51 model-00002-of-00004.safetensors
-rw-r--r-- 1 root root 4744737616 Aug 10 20:50 model-00003-of-00004.safetensors
-rw-r--r-- 1 root root 1384120448 Aug 10 20:40 model-00004-of-00004.safetensors
-rw-r--r-- 1 root root       6188 Aug 10 20:40 model.safetensors.index.json
-rw-r--r-- 1 root root       3913 Aug 10 20:40 raven_config_minimal.py
-rw-r--r-- 1 root root      88021 Aug 10 20:40 raven_modeling_minimal.py
-rw-r--r-- 1 root root        435 Aug 10 20:40 special_tokens_map.json
-rw-r--r-- 1 root root    2726482 Aug 10 20:40 tokenizer.json
-rw-r--r-- 1 root root       6624 Aug 10 20:40 tokenizer_config.json
drwxr-xr-x 2 root root       4096 Aug 10 20:57 wheels
[    0.1s] bytes on mount 15651519639 vs HF API 15651519639 ; 17 top-level files ; wheels/ present=True (0) ; symlinks=0
[    0.1s] MANIFEST: weights_ok=True, per-file sizes agree with the mount: True
[    0.1s] $ pip install --no-index --find-links=/job/datasets/bt102r0j5cb8r6r6nb36/wheels torch==2.5.1 transformers==4.53.3 accelerate safetensors datasets numpy scipy scikit-learn matplotlib pandas tqdm pyyaml
[    0.4s]   rc=1  Looking in links: /job/datasets/bt102r0j5cb8r6r6nb36/wheels
ERROR: Could not find a version that satisfies the requirement torch==2.5.1 (from versions: none)
ERROR: No matching distribution found for torch==2.5.1
[    0.4s] OFFLINE install from the mounted wheel cache: rc=1 in 0.3s
[    0.4s] $ pip install torch==2.5.1 transformers==4.53.3 accelerate safetensors datasets numpy scipy scikit-learn matplotlib pandas tqdm pyyaml
[  248.4s]   rc=0  tasets-5.0.1 dill-0.4.1 filelock-3.32.2 fonttools-4.63.0 frozenlist-1.8.0 fsspec-2026.6.0 h11-0.16.0 hf-xet-1.6.0 httpcore-1.0.9 httpx-0.28.1 huggingface-hub-0.36.2 idna-3.18 jinja2-3.1.6 joblib-1.5.3 kiwisolver-1.5.0 matplotlib-3.11.1 mpmath-1.3.0 multidict-6.7.1 multiprocess-0.70.19 narwhals-2.24.0 networkx-3.6.1 numpy-2.4.6 nvidia-cublas-cu12-12.4.5.8 nvidia-cuda-cupti-cu12-12.4.127 nvidia-cuda-nvrtc-cu12-12.4.127 nvidia-cuda-runtime-cu12-12.4.127 nvidia-cudnn-cu12-9.1.0.70 nvidia-cufft-cu12-11.2.1.3 nvidia-curand-cu12-10.3.5.147 nvidia-cusolver-cu12-11.6.1.9 nvidia-cusparse-cu12-12.3.1.170 nvidia-nccl-cu12-2.21.5 nvidia-nvjitlink-cu12-12.4.127 nvidia-nvtx-cu12-12.4.127 packaging-26.3 pandas-3.0.5 pillow-12.3.0 propcache-0.5.2 psutil-7.2.2 pyarrow-25.0.1 pyparsing-3.3.2 python-dateutil-2.9.0.post0 pyyaml-6.0.3 regex-2026.7.19 requests-2.34.2 safetensors-0.8.0 scikit-learn-1.9.0 scipy-1.17.1 six-1.17.0 sympy-1.13.1 threadpoolctl-3.6.0 tokenizers-0.21.4 torch-2.5.1 tqdm-4.70.0 transformers-4.53.3 triton-3.1.0 typing-extensions-4.16.0 urllib3-2.7.0 xxhash-3.8.1 yarl-1.24.5
[notice] A new release of pip is available: 24.0 -> 26.2.1
[notice] To update, run: pip install --upgrade pip
[  252.1s] AutoConfig from the mount -> RavenConfig n_embd=5280 mean_recurrence=32 (0.0s) -- remote code imported out of a READ-ONLY dir
[  252.2s] AutoTokenizer -> PreTrainedTokenizerFast vocab=65536, 'The capital of France is' -> [475, 9090, 286, 15471, 305]
[  252.2s] shard 1: 23 tensors; freqs_cis [1, 4096, 1, 48, 2] torch.float32 finite=True absmean=0.623594
[  252.2s] VERDICT ok=False (bytes=True wheels=True offline_install=False load=True) in 252.2s
