[{"stream_name":"stdout","time":0.954629578,"data":"$ pip install -q 'transformers\u003e=4.50,\u003c4.54'\n"}
,{"stream_name":"stdout","time":3.755770042,"data":"     ━━━━━━━━━━━━━━━━━━━━━━━━━━━━━━━━━━━━━━━━ 40.9/40.9 kB 3.1 MB/s eta 0:00:00\n"}
,{"stream_name":"stdout","time":4.718280502,"data":"   ━━━━━━━━━━━━━━━━━━━━━━━━━━━━━━━━━━━━━━━━ 10.8/10.8 MB 101.9 MB/s eta 0:00:00\n"}
,{"stream_name":"stdout","time":4.7386083679999995,"data":"   ━━━━━━━━━━━━━━━━━━━━━━━━━━━━━━━━━━━━━━━━ 566.4/566.4 kB 40.2 MB/s eta 0:00:00\n"}
,{"stream_name":"stdout","time":4.777686925,"data":"   ━━━━━━━━━━━━━━━━━━━━━━━━━━━━━━━━━━━━━━━━ 3.1/3.1 MB 95.1 MB/s eta 0:00:00\n"}
,{"stream_name":"stdout","time":31.914502893,"data":"CUDA: True Tesla T4\n"}
,{"stream_name":"stdout","time":32.462144138,"data":"P1 length gate: kept 216 prompts, dropped 0 item(s) whose two markers tokenised differently\n"}
,{"stream_name":"stdout","time":32.46218243,"data":"       count_vs_last: 72 prompts (36 matched items)  OK\n"}
,{"stream_name":"stdout","time":32.462187732,"data":"       first_vs_last: 72 prompts (36 matched items)  OK\n"}
,{"stream_name":"stdout","time":32.462205808,"data":"          max_vs_min: 72 prompts (36 matched items)  OK\n"}
,{"stream_name":"stderr","time":122.497117749,"data":"\rFetching 4 files:   0%|          | 0/4 [00:00\u003c?, ?it/s]\rFetching 4 files:  25%|██▌       | 1/4 [01:08\u003c03:26, 68.86s/it]\rFetching 4 files:  50%|█████     | 2/4 [01:09\u003c00:57, 28.71s/it]\rFetching 4 files: 100%|██████████| 4/4 [01:09\u003c00:00, 17.36s/it]\n"}
,{"stream_name":"stderr","time":122.696139103,"data":"\rLoading checkpoint shards:   0%|          | 0/4 [00:00\u003c?, ?it/s]\rLoading checkpoint shards: 100%|██████████| 4/4 [00:00\u003c00:00, 38.55it/s]\rLoading checkpoint shards: 100%|██████████| 4/4 [00:00\u003c00:00, 38.44it/s]\n"}
,{"stream_name":"stdout","time":3484.658719511,"data":"\n"}
,{"stream_name":"stdout","time":3484.663467501,"data":"     count_vs_last A: 24 prompts, gold reaches rank 1 in 0%, median best rank 6\n"}
,{"stream_name":"stdout","time":3484.663663813,"data":"     count_vs_last B: 24 prompts, gold reaches rank 1 in 58%, median best rank 1\n"}
,{"stream_name":"stdout","time":3484.663896563,"data":"     count_vs_last C: 24 prompts, gold reaches rank 1 in 0%, median best rank 8\n"}
,{"stream_name":"stdout","time":3484.664172819,"data":"     first_vs_last A: 24 prompts, gold reaches rank 1 in 21%, median best rank 3\n"}
,{"stream_name":"stdout","time":3484.664368921,"data":"     first_vs_last B: 24 prompts, gold reaches rank 1 in 0%, median best rank 3\n"}
,{"stream_name":"stdout","time":3484.664584339,"data":"     first_vs_last C: 24 prompts, gold reaches rank 1 in 12%, median best rank 3\n"}
,{"stream_name":"stdout","time":3484.66477897,"data":"        max_vs_min A: 24 prompts, gold reaches rank 1 in 0%, median best rank 4\n"}
,{"stream_name":"stdout","time":3484.664985992,"data":"        max_vs_min B: 24 prompts, gold reaches rank 1 in 4%, median best rank 4\n"}
,{"stream_name":"stdout","time":3484.665180045,"data":"        max_vs_min C: 24 prompts, gold reaches rank 1 in 4%, median best rank 4\n"}
,{"stream_name":"stdout","time":3497.609991516,"data":"  after cleanup: 14.31 GiB free of 14.56 GiB\n"}
,{"stream_name":"stdout","time":3498.47711435,"data":"  purged /root/.cache/huggingface/hub/models--tomg-group-umd--huginn-0125\n"}
,{"stream_name":"stdout","time":3498.477316721,"data":"\n"}
,{"stream_name":"stdout","time":3498.477387779,"data":"=== banked 216/216 in 56.1 min ===\n"}
,{"stream_name":"stdout","time":3498.477412596,"data":"no analysis here by design; see scripts/run_shape_decode.py\n"}
,{"stream_name":"stdout","time":3498.477416951,"data":"DONE\n"}
,{"stream_name":"stderr","time":3505.238558256,"data":"/usr/local/lib/python3.12/dist-packages/mistune.py:435: SyntaxWarning: invalid escape sequence '\\|'\n"}
,{"stream_name":"stderr","time":3505.238607339,"data":"  cells[i][c] = re.sub('\\\\\\\\\\|', '|', cell)\n"}
,{"stream_name":"stderr","time":3505.476801048,"data":"/usr/local/lib/python3.12/dist-packages/nbconvert/filters/filter_links.py:36: SyntaxWarning: invalid escape sequence '\\_'\n"}
,{"stream_name":"stderr","time":3505.476827261,"data":"  text = re.sub(r'_', '\\_', text) # Escape underscores in display text\n"}
,{"stream_name":"stderr","time":3506.095792427,"data":"[NbConvertApp] Converting notebook __script__.ipynb to html\n"}
,{"stream_name":"stderr","time":3507.095760636,"data":"[NbConvertApp] Writing 335093 bytes to __results__.html\n"}
]