Cloning into 'repo'...
Updating files:   8% (218/2551)
Updating files:   9% (230/2551)
Updating files:  10% (256/2551)
Updating files:  11% (281/2551)
Updating files:  12% (307/2551)
Updating files:  12% (317/2551)
Updating files:  13% (332/2551)
Updating files:  14% (358/2551)
Updating files:  15% (383/2551)
Updating files:  15% (391/2551)
Updating files:  16% (409/2551)
Updating files:  17% (434/2551)
Updating files:  18% (460/2551)
Updating files:  19% (485/2551)
Updating files:  20% (511/2551)
Updating files:  21% (536/2551)
Updating files:  22% (562/2551)
Updating files:  22% (582/2551)
Updating files:  23% (587/2551)
Updating files:  24% (613/2551)
Updating files:  25% (638/2551)
Updating files:  26% (664/2551)
Updating files:  27% (689/2551)
Updating files:  27% (696/2551)
Updating files:  28% (715/2551)
Updating files:  29% (740/2551)
Updating files:  30% (766/2551)
Updating files:  31% (791/2551)
Updating files:  31% (812/2551)
Updating files:  32% (817/2551)
Updating files:  33% (842/2551)
Updating files:  34% (868/2551)
Updating files:  35% (893/2551)
Updating files:  36% (919/2551)
Updating files:  36% (928/2551)
Updating files:  37% (944/2551)
Updating files:  38% (970/2551)
Updating files:  39% (995/2551)
Updating files:  40% (1021/2551)
Updating files:  40% (1042/2551)
Updating files:  41% (1046/2551)
Updating files:  42% (1072/2551)
Updating files:  43% (1097/2551)
Updating files:  44% (1123/2551)
Updating files:  45% (1148/2551)
Updating files:  45% (1158/2551)
Updating files:  46% (1174/2551)
Updating files:  47% (1199/2551)
Updating files:  48% (1225/2551)
Updating files:  49% (1250/2551)
Updating files:  50% (1276/2551)
Updating files:  50% (1286/2551)
Updating files:  51% (1302/2551)
Updating files:  52% (1327/2551)
Updating files:  53% (1353/2551)
Updating files:  54% (1378/2551)
Updating files:  54% (1400/2551)
Updating files:  55% (1404/2551)
Updating files:  56% (1429/2551)
Updating files:  57% (1455/2551)
Updating files:  58% (1480/2551)
Updating files:  59% (1506/2551)
Updating files:  59% (1515/2551)
Updating files:  60% (1531/2551)
Updating files:  61% (1557/2551)
Updating files:  62% (1582/2551)
Updating files:  63% (1608/2551)
Updating files:  63% (1628/2551)
Updating files:  64% (1633/2551)
Updating files:  65% (1659/2551)
Updating files:  66% (1684/2551)
Updating files:  67% (1710/2551)
Updating files:  68% (1735/2551)
Updating files:  68% (1759/2551)
Updating files:  69% (1761/2551)
Updating files:  70% (1786/2551)
Updating files:  71% (1812/2551)
Updating files:  72% (1837/2551)
Updating files:  73% (1863/2551)
Updating files:  73% (1873/2551)
Updating files:  74% (1888/2551)
Updating files:  75% (1914/2551)
Updating files:  75% (1920/2551)
Updating files:  76% (1939/2551)
Updating files:  77% (1965/2551)
Updating files:  78% (1990/2551)
Updating files:  79% (2016/2551)
Updating files:  79% (2037/2551)
Updating files:  80% (2041/2551)
Updating files:  81% (2067/2551)
Updating files:  82% (2092/2551)
Updating files:  83% (2118/2551)
Updating files:  84% (2143/2551)
Updating files:  84% (2155/2551)
Updating files:  85% (2169/2551)
Updating files:  86% (2194/2551)
Updating files:  87% (2220/2551)
Updating files:  88% (2245/2551)
Updating files:  89% (2271/2551)
Updating files:  90% (2296/2551)
Updating files:  91% (2322/2551)
Updating files:  92% (2347/2551)
Updating files:  93% (2373/2551)
Updating files:  94% (2398/2551)
Updating files:  95% (2424/2551)
Updating files:  96% (2449/2551)
Updating files:  97% (2475/2551)
Updating files:  98% (2500/2551)
Updating files:  99% (2526/2551)
Updating files: 100% (2551/2551)
Updating files: 100% (2551/2551), done.
[notice] A new release of pip is available: 24.0 -> 26.2.1
[notice] To update, run: pip install --upgrade pip
[notice] A new release of pip is available: 24.0 -> 26.2.1
[notice] To update, run: pip install --upgrade pip
Fetching 4 files:   0%|          | 0/4 [00:00<?, ?it/s]
Fetching 4 files:  25%|██▌       | 1/4 [01:48<05:24, 108.10s/it]
Fetching 4 files:  50%|█████     | 2/4 [04:20<04:20, 130.04s/it]
Fetching 4 files:  75%|███████▌  | 3/4 [04:36<01:32, 92.06s/it] 
Fetching 4 files: 100%|██████████| 4/4 [04:36<00:00, 69.08s/it]
Fetching 4 files: 100%|██████████| 4/4 [04:36<00:00, 69.08s/it]
Loading checkpoint shards:   0%|          | 0/4 [00:00<?, ?it/s]
Loading checkpoint shards: 100%|██████████| 4/4 [00:00<00:00, 53.93it/s]
'(ProtocolError('Connection aborted.', RemoteDisconnected('Remote end closed connection without response')), '(Request ID: d7af4228-967c-498a-9978-1b79171dad38)')' thrown while requesting HEAD https://huggingface.co/tomg-group-umd/huginn-0125/resolve/bb6621b65e90b6a4b9b29ef88dc83866d450470c/generation_config.json
Retrying in 1s [Retry 1/5].
