[{"stream_name":"stdout","time":1.391809568,"data":"$ pip install -q 'transformers\u003e=4.50,\u003c4.54'\n"}
,{"stream_name":"stdout","time":5.0850745,"data":"     ━━━━━━━━━━━━━━━━━━━━━━━━━━━━━━━━━━━━━━━━ 40.9/40.9 kB 1.2 MB/s eta 0:00:00\n"}
,{"stream_name":"stdout","time":6.23091094,"data":"   ━━━━━━━━━━━━━━━━━━━━━━━━━━━━━━━━━━━━━━━━ 10.8/10.8 MB 87.0 MB/s eta 0:00:00\n"}
,{"stream_name":"stdout","time":6.268273294,"data":"   ━━━━━━━━━━━━━━━━━━━━━━━━━━━━━━━━━━━━━━━━ 566.4/566.4 kB 31.5 MB/s eta 0:00:00\n"}
,{"stream_name":"stdout","time":6.328855352,"data":"   ━━━━━━━━━━━━━━━━━━━━━━━━━━━━━━━━━━━━━━━━ 3.1/3.1 MB 87.1 MB/s eta 0:00:00\n"}
,{"stream_name":"stdout","time":37.771040371,"data":"CUDA: True Tesla T4\n"}
,{"stream_name":"stdout","time":38.710924129,"data":"\n"}
,{"stream_name":"stdout","time":38.710971159,"data":"=== trained ===\n"}
,{"stream_name":"stderr","time":127.082324515,"data":"\rFetching 4 files:   0%|          | 0/4 [00:00\u003c?, ?it/s]\rFetching 4 files:  25%|██▌       | 1/4 [01:04\u003c03:13, 64.57s/it]\rFetching 4 files:  75%|███████▌  | 3/4 [01:04\u003c00:16, 16.81s/it]\rFetching 4 files: 100%|██████████| 4/4 [01:04\u003c00:00, 16.19s/it]\n"}
,{"stream_name":"stderr","time":127.231193813,"data":"\rLoading checkpoint shards:   0%|          | 0/4 [00:00\u003c?, ?it/s]\rLoading checkpoint shards: 100%|██████████| 4/4 [00:00\u003c00:00, 63.27it/s]\n"}
,{"stream_name":"stdout","time":145.911201064,"data":"    forward-mode AD unavailable (OutOfMemoryError); reverse mode\n"}
,{"stream_name":"stdout","time":178.949163127,"data":"{\"ok\": true, \"converged\": true, \"matvecs\": 333, \"ad_mode\": \"reverse\", \"n_tokens\": 22, \"rho\": 0.8254775119028624, \"lead_is_real\": false, \"n_osc\": 8, \"arg_osc\": 1.1006669660483113, \"rho_osc\": 0.8254775119028624, \"eigs\": [[0.3739426464746859, 0.7359212048887085], [0.3739426464746859, -0.7359212048887085], [0.5278362086892123, -0.578226422792733], [0.5278362086892123, 0.578226422792733], [0.6571127545824298, -0.34560158318649686], [0.6571127545824298, 0.34560158318649686], [0.6234613159739542, -0.393652057301949], [0.6234613159739542, 0.393652057301949]], \"arm\": \"trained\", \"kind\": \"track\", \"n_ops\": 4, \"seed\": 0, \"secs\": 37.8}\n"}
,{"stream_name":"stdout","time":182.865034839,"data":"    forward-mode AD unavailable (OutOfMemoryError); reverse mode\n"}
,{"stream_name":"stdout","time":206.548942697,"data":"{\"ok\": true, \"converged\": true, \"matvecs\": 212, \"ad_mode\": \"reverse\", \"n_tokens\": 25, \"rho\": 0.8685971821521684, \"lead_is_real\": true, \"n_osc\": 6, \"arg_osc\": 0.34016016879033745, \"rho_osc\": 0.7983841133454435, \"eigs\": [[0.8685971821521684, 0.0], [0.7526376930176837, -0.2663713488560827], [0.7526376930176837, 0.2663713488560827], [0.7562439955676574, 0.0], [0.5790224526052763, -0.4650363845412986], [0.5790224526052763, 0.4650363845412986], [-0.16039004978106225, -0.7229289600421372], [-0.16039004978106225, 0.7229289600421372]], \"arm\": \"trained\", \"kind\": \"local\", \"n_ops\": 4, \"seed\": 0, \"secs\": 27.6}\n"}
,{"stream_name":"stdout","time":210.693946179,"data":"    forward-mode AD unavailable (OutOfMemoryError); reverse mode\n"}
,{"stream_name":"stdout","time":240.101195008,"data":"{\"ok\": true, \"converged\": true, \"matvecs\": 237, \"ad_mode\": \"reverse\", \"n_tokens\": 22, \"rho\": 0.8162077110350846, \"lead_is_real\": false, \"n_osc\": 7, \"arg_osc\": 1.0890088344404196, \"rho_osc\": 0.8162077110350846, \"eigs\": [[0.3782012156348037, 0.7232972197136451], [0.3782012156348037, -0.7232972197136451], [0.5160023866842729, -0.5670898751480534], [0.5160023866842729, 0.5670898751480534], [0.761141431567072, 0.0], [0.6703490234505545, -0.325940652539094], [0.6703490234505545, 0.325940652539094], [-0.6249870779963753, 0.398733212174773]], \"arm\": \"trained\", \"kind\": \"track\", \"n_ops\": 4, \"seed\": 1, \"secs\": 33.6}\n"}
,{"stream_name":"stdout","time":245.236912135,"data":"    forward-mode AD unavailable (OutOfMemoryError); reverse mode\n"}
,{"stream_name":"stdout","time":298.145735488,"data":"{\"ok\": true, \"converged\": true, \"matvecs\": 392, \"ad_mode\": \"reverse\", \"n_tokens\": 25, \"rho\": 0.940303209541592, \"lead_is_real\": true, \"n_osc\": 7, \"arg_osc\": 1.7166232183883974, \"rho_osc\": 0.7923195944823294, \"eigs\": [[0.940303209541592, 0.0], [-0.11513243117689448, 0.7839099840491512], [-0.11513243117689448, -0.7839099840491512], [0.7281801076176369, -0.26274687886788894], [0.7281801076176369, 0.26274687886788894], [0.5561377768799384, 0.49887987725163224], [0.5561377768799384, -0.49887987725163224], [0.3900749029693803, 0.6326335230307536]], \"arm\": \"trained\", \"kind\": \"local\", \"n_ops\": 4, \"seed\": 1, \"secs\": 58.0}\n"}
,{"stream_name":"stdout","time":305.814995385,"data":"    forward-mode AD unavailable (OutOfMemoryError); reverse mode\n"}
,{"stream_name":"stdout","time":504.307476094,"data":"{\"ok\": true, \"converged\": true, \"matvecs\": 987, \"ad_mode\": \"reverse\", \"n_tokens\": 34, \"rho\": 0.8156915727557696, \"lead_is_real\": false, \"n_osc\": 7, \"arg_osc\": 1.0754092851853463, \"rho_osc\": 0.8156915727557696, \"eigs\": [[0.38775709761580135, 0.7176330365258772], [0.38775709761580135, -0.7176330365258772], [0.8019418252627077, 0.0], [0.5336574008611936, 0.5787209322592292], [0.5336574008611936, -0.5787209322592292], [0.6660389280892609, 0.3485660196765419], [0.6660389280892609, -0.3485660196765419], [0.5192374982312256, 0.5197597907555823]], \"arm\": \"trained\", \"kind\": \"track\", \"n_ops\": 8, \"seed\": 0, \"secs\": 206.2}\n"}
,{"stream_name":"stdout","time":512.25902561,"data":"    forward-mode AD unavailable (OutOfMemoryError); reverse mode\n"}
,{"stream_name":"stdout","time":586.321282859,"data":"{\"ok\": true, \"converged\": true, \"matvecs\": 362, \"ad_mode\": \"reverse\", \"n_tokens\": 37, \"rho\": 0.8087607122817438, \"lead_is_real\": false, \"n_osc\": 8, \"arg_osc\": 0.36729059059481883, \"rho_osc\": 0.8087607122817438, \"eigs\": [[0.7548193543507936, 0.29041630813011293], [0.7548193543507936, -0.29041630813011293], [0.7716477634624298, 0.10680757164710222], [0.7716477634624298, -0.10680757164710222], [0.6033679482056855, 0.4796480925971735], [0.6033679482056855, -0.4796480925971735], [-0.17840847922146288, 0.6835054104894905], [-0.17840847922146288, -0.6835054104894905]], \"arm\": \"trained\", \"kind\": \"local\", \"n_ops\": 8, \"seed\": 0, \"secs\": 82.0}\n"}
,{"stream_name":"stdout","time":594.155117337,"data":"    forward-mode AD unavailable (OutOfMemoryError); reverse mode\n"}
,{"stream_name":"stdout","time":659.851407555,"data":"{\"ok\": true, \"converged\": true, \"matvecs\": 326, \"ad_mode\": \"reverse\", \"n_tokens\": 34, \"rho\": 0.7948175297098312, \"lead_is_real\": true, \"n_osc\": 7, \"arg_osc\": 1.0579455923884995, \"rho_osc\": 0.7944832236157586, \"eigs\": [[0.7948175297098312, 0.0], [0.3898236988634048, 0.6922724004402754], [0.3898236988634048, -0.6922724004402754], [0.528265834940592, -0.5379738676247499], [0.528265834940592, 0.5379738676247499], [0.41841958535098944, -0.6171715358352992], [0.41841958535098944, 0.6171715358352992], [0.6644041634674067, 0.3324574803326514]], \"arm\": \"trained\", \"kind\": \"track\", \"n_ops\": 8, \"seed\": 1, \"secs\": 73.5}\n"}
,{"stream_name":"stdout","time":667.816070296,"data":"    forward-mode AD unavailable (OutOfMemoryError); reverse mode\n"}
,{"stream_name":"stdout","time":885.777685514,"data":"{\"ok\": true, \"converged\": true, \"matvecs\": 1065, \"ad_mode\": \"reverse\", \"n_tokens\": 37, \"rho\": 0.9452963284929812, \"lead_is_real\": true, \"n_osc\": 7, \"arg_osc\": 1.7710154577351755, \"rho_osc\": 0.7832993064883863, \"eigs\": [[0.9452963284929812, 0.0], [-0.15578576893372725, 0.7676513516844181], [-0.15578576893372725, -0.7676513516844181], [0.31853815645829825, 0.6914490584863617], [0.31853815645829825, -0.6914490584863617], [0.547650387763284, 0.510842203509018], [0.547650387763284, -0.510842203509018], [0.6871807637468466, 0.26408619859327526]], \"arm\": \"trained\", \"kind\": \"local\", \"n_ops\": 8, \"seed\": 1, \"secs\": 225.9}\n"}
,{"stream_name":"stdout","time":894.05895474,"data":"    forward-mode AD unavailable (OutOfMemoryError); reverse mode\n"}
,{"stream_name":"stdout","time":974.393093021,"data":"{\"ok\": true, \"converged\": true, \"matvecs\": 378, \"ad_mode\": \"reverse\", \"n_tokens\": 46, \"rho\": 0.8206112401305347, \"lead_is_real\": false, \"n_osc\": 7, \"arg_osc\": 1.0789796676944305, \"rho_osc\": 0.8206112401305347, \"eigs\": [[0.38751561185626315, -0.7233494715531629], [0.38751561185626315, 0.7233494715531629], [0.7977364054214343, 0.0], [0.5417073807911319, 0.5752904691159915], [0.5417073807911319, -0.5752904691159915], [0.6619735759826206, -0.3574431684755107], [0.6619735759826206, 0.3574431684755107], [0.6716172794673961, -0.3134674606764952]], \"arm\": \"trained\", \"kind\": \"track\", \"n_ops\": 12, \"seed\": 0, \"secs\": 88.6}\n"}
,{"stream_name":"stdout","time":982.764053647,"data":"    forward-mode AD unavailable (OutOfMemoryError); reverse mode\n"}
,{"stream_name":"stdout","time":1058.419275916,"data":"{\"ok\": true, \"converged\": true, \"matvecs\": 352, \"ad_mode\": \"reverse\", \"n_tokens\": 49, \"rho\": 0.8008203669290141, \"lead_is_real\": false, \"n_osc\": 8, \"arg_osc\": 0.4003517982605199, \"rho_osc\": 0.8008203669290141, \"eigs\": [[0.7374946477960431, -0.3121136084192922], [0.7374946477960431, 0.3121136084192922], [0.6052259907122111, -0.47931863940178093], [0.6052259907122111, 0.47931863940178093], [0.7353492370831407, 0.13215585639430438], [0.7353492370831407, -0.13215585639430438], [0.5957993054106953, -0.4382242683392332], [0.5957993054106953, 0.4382242683392332]], \"arm\": \"trained\", \"kind\": \"local\", \"n_ops\": 12, \"seed\": 0, \"secs\": 84.0}\n"}
,{"stream_name":"stdout","time":1066.715188751,"data":"    forward-mode AD unavailable (OutOfMemoryError); reverse mode\n"}
,{"stream_name":"stdout","time":1151.452733426,"data":"{\"ok\": true, \"converged\": true, \"matvecs\": 399, \"ad_mode\": \"reverse\", \"n_tokens\": 46, \"rho\": 0.8053263047203775, \"lead_is_real\": false, \"n_osc\": 7, \"arg_osc\": 1.0676062391056096, \"rho_osc\": 0.8053263047203775, \"eigs\": [[0.3883465925964451, -0.7055050539105364], [0.3883465925964451, 0.7055050539105364], [0.7813100753252725, 0.0], [0.5391684970295392, 0.5541120154783813], [0.5391684970295392, -0.5541120154783813], [0.6581080063199685, -0.3587687092015256], [0.6581080063199685, 0.3587687092015256], [0.6724290101068962, -0.3111896530059589]], \"arm\": \"trained\", \"kind\": \"track\", \"n_ops\": 12, \"seed\": 1, \"secs\": 93.0}\n"}
,{"stream_name":"stdout","time":1159.808895951,"data":"    forward-mode AD unavailable (OutOfMemoryError); reverse mode\n"}
,{"stream_name":"stdout","time":1232.841102446,"data":"{\"ok\": true, \"converged\": true, \"matvecs\": 340, \"ad_mode\": \"reverse\", \"n_tokens\": 49, \"rho\": 0.81740834656579, \"lead_is_real\": true, \"n_osc\": 7, \"arg_osc\": 0.7663584798429139, \"rho_osc\": 0.799979073834508, \"eigs\": [[0.81740834656579, 0.0], [0.5763376395579856, -0.5547985614633897], [0.5763376395579856, 0.5547985614633897], [-0.1820717246403987, -0.7435106948075793], [-0.1820717246403987, 0.7435106948075793], [0.32060390208428774, -0.6828788356537921], [0.32060390208428774, 0.6828788356537921], [0.6781667662707518, 0.32513809926470455]], \"arm\": \"trained\", \"kind\": \"local\", \"n_ops\": 12, \"seed\": 1, \"secs\": 81.4}\n"}
,{"stream_name":"stdout","time":1241.640822841,"data":"    forward-mode AD unavailable (OutOfMemoryError); reverse mode\n"}
,{"stream_name":"stdout","time":1303.612952064,"data":"{\"ok\": true, \"converged\": true, \"matvecs\": 246, \"ad_mode\": \"reverse\", \"n_tokens\": 58, \"rho\": 0.8076891154853914, \"lead_is_real\": true, \"n_osc\": 7, \"arg_osc\": 1.0667477420682667, \"rho_osc\": 0.8044819086300619, \"eigs\": [[0.8076891154853914, 0.0], [0.38854430157541897, 0.7044320173205765], [0.38854430157541897, -0.7044320173205765], [0.5412015412934575, 0.564832467725884], [0.5412015412934575, -0.564832467725884], [0.6889841568322616, 0.31566130425927846], [0.6889841568322616, -0.31566130425927846], [0.6625742924333959, 0.3652983819314203]], \"arm\": \"trained\", \"kind\": \"track\", \"n_ops\": 16, \"seed\": 0, \"secs\": 70.8}\n"}
,{"stream_name":"stdout","time":1312.508219509,"data":"    forward-mode AD unavailable (OutOfMemoryError); reverse mode\n"}
,{"stream_name":"stdout","time":1396.110910326,"data":"{\"ok\": true, \"converged\": true, \"matvecs\": 311, \"ad_mode\": \"reverse\", \"n_tokens\": 61, \"rho\": 0.8011774522583289, \"lead_is_real\": false, \"n_osc\": 7, \"arg_osc\": 0.4240178180601211, \"rho_osc\": 0.8011774522583289, \"eigs\": [[0.7302277949201799, -0.3296250559850669], [0.7302277949201799, 0.3296250559850669], [0.6278449110189821, -0.4710551455871798], [0.6278449110189821, 0.4710551455871798], [0.6112036151244943, -0.46326029678452535], [0.6112036151244943, 0.46326029678452535], [-0.7398282850030445, 0.0], [0.7156605188075127, 0.13969442938142518]], \"arm\": \"trained\", \"kind\": \"local\", \"n_ops\": 16, \"seed\": 0, \"secs\": 92.5}\n"}
,{"stream_name":"stdout","time":1405.005399173,"data":"    forward-mode AD unavailable (OutOfMemoryError); reverse mode\n"}
,{"stream_name":"stdout","time":1532.026285428,"data":"{\"ok\": true, \"converged\": true, \"matvecs\": 475, \"ad_mode\": \"reverse\", \"n_tokens\": 58, \"rho\": 0.7798588253086234, \"lead_is_real\": false, \"n_osc\": 7, \"arg_osc\": 1.0546425135465236, \"rho_osc\": 0.7798588253086234, \"eigs\": [[0.38489049229234584, -0.6782618199152165], [0.38489049229234584, 0.6782618199152165], [0.7773681140203689, 0.0], [0.5574086537533618, 0.5305269108140995], [0.5574086537533618, -0.5305269108140995], [0.40936319135547095, 0.6310531043823677], [0.40936319135547095, -0.6310531043823677], [0.6561081362656688, 0.36110022877679726]], \"arm\": \"trained\", \"kind\": \"track\", \"n_ops\": 16, \"seed\": 1, \"secs\": 135.9}\n"}
,{"stream_name":"stdout","time":1541.29111703,"data":"    forward-mode AD unavailable (OutOfMemoryError); reverse mode\n"}
,{"stream_name":"stdout","time":1779.991940535,"data":"{\"ok\": true, \"converged\": true, \"matvecs\": 890, \"ad_mode\": \"reverse\", \"n_tokens\": 61, \"rho\": 0.8636662012632913, \"lead_is_real\": true, \"n_osc\": 7, \"arg_osc\": 0.7367664006157033, \"rho_osc\": 0.7931233987879243, \"eigs\": [[0.8636662012632913, 0.0], [0.5874229361137682, -0.5328968191239167], [0.5874229361137682, 0.5328968191239167], [0.6940148613755387, -0.3143092587605118], [0.6940148613755387, 0.3143092587605118], [-0.1835234914422726, 0.7206007942272492], [-0.1835234914422726, -0.7206007942272492], [0.6510588715575379, 0.3508110799954323]], \"arm\": \"trained\", \"kind\": \"local\", \"n_ops\": 16, \"seed\": 1, \"secs\": 248.0}\n"}
,{"stream_name":"stdout","time":1792.358065207,"data":"    forward-mode AD unavailable (OutOfMemoryError); reverse mode\n"}
,{"stream_name":"stdout","time":1898.978286304,"data":"{\"ok\": true, \"converged\": true, \"matvecs\": 327, \"ad_mode\": \"reverse\", \"n_tokens\": 82, \"rho\": 0.8109082282354947, \"lead_is_real\": true, \"n_osc\": 7, \"arg_osc\": 1.0694874569027286, \"rho_osc\": 0.801718968613806, \"eigs\": [[0.8109082282354947, 0.0], [0.38528510643179836, -0.703070900689982], [0.38528510643179836, 0.703070900689982], [0.5529148967090955, 0.5560125578119148], [0.5529148967090955, -0.5560125578119148], [0.6954961934468047, 0.31719654538671266], [0.6954961934468047, -0.31719654538671266], [0.661915499006349, 0.3721755383653072]], \"arm\": \"trained\", \"kind\": \"track\", \"n_ops\": 24, \"seed\": 0, \"secs\": 119.0}\n"}
,{"stream_name":"stdout","time":1911.033258993,"data":"    forward-mode AD unavailable (OutOfMemoryError); reverse mode\n"}
,{"stream_name":"stdout","time":2279.725945425,"data":"{\"ok\": true, \"converged\": true, \"matvecs\": 1106, \"ad_mode\": \"reverse\", \"n_tokens\": 85, \"rho\": 0.8141767658611454, \"lead_is_real\": false, \"n_osc\": 8, \"arg_osc\": 0.4316109170187227, \"rho_osc\": 0.8141767658611454, \"eigs\": [[0.7395110785973213, 0.340598254105832], [0.7395110785973213, -0.340598254105832], [0.6368096519573558, 0.4714200878165699], [0.6368096519573558, -0.4714200878165699], [0.5835539206450703, 0.44297652407011623], [0.5835539206450703, -0.44297652407011623], [0.6100742085660726, -0.39624408835851765], [0.6100742085660726, 0.39624408835851765]], \"arm\": \"trained\", \"kind\": \"local\", \"n_ops\": 24, \"seed\": 0, \"secs\": 380.7}\n"}
,{"stream_name":"stdout","time":2291.685373764,"data":"    forward-mode AD unavailable (OutOfMemoryError); reverse mode\n"}
,{"stream_name":"stdout","time":2408.856793532,"data":"{\"ok\": true, \"converged\": true, \"matvecs\": 360, \"ad_mode\": \"reverse\", \"n_tokens\": 82, \"rho\": 0.8063934593499192, \"lead_is_real\": false, \"n_osc\": 7, \"arg_osc\": 1.0685454568326664, \"rho_osc\": 0.8063934593499192, \"eigs\": [[0.3881975264162532, 0.7068048470169346], [0.3881975264162532, -0.7068048470169346], [0.5485397118027935, -0.5388430824612781], [0.5485397118027935, 0.5388430824612781], [0.6522515179112018, -0.3937529342040551], [0.6522515179112018, 0.3937529342040551], [0.7528511588607232, 0.0], [0.6878803240151571, 0.29223014662688435]], \"arm\": \"trained\", \"kind\": \"track\", \"n_ops\": 24, \"seed\": 1, \"secs\": 129.1}\n"}
,{"stream_name":"stdout","time":2421.030885586,"data":"    forward-mode AD unavailable (OutOfMemoryError); reverse mode\n"}
,{"stream_name":"stdout","time":2520.629947689,"data":"{\"ok\": true, \"converged\": true, \"matvecs\": 298, \"ad_mode\": \"reverse\", \"n_tokens\": 85, \"rho\": 0.794833094657374, \"lead_is_real\": false, \"n_osc\": 8, \"arg_osc\": 0.4400918884725612, \"rho_osc\": 0.794833094657374, \"eigs\": [[0.7190954524232556, 0.3386168611673251], [0.7190954524232556, -0.3386168611673251], [0.7748171778271191, 0.0856049484123163], [0.7748171778271191, -0.0856049484123163], [0.5888399677755155, 0.49518133942803544], [0.5888399677755155, -0.49518133942803544], [0.3416890194837563, -0.6614367632531073], [0.3416890194837563, 0.6614367632531073]], \"arm\": \"trained\", \"kind\": \"local\", \"n_ops\": 24, \"seed\": 1, \"secs\": 111.8}\n"}
,{"stream_name":"stdout","time":2533.242777264,"data":"    forward-mode AD unavailable (OutOfMemoryError); reverse mode\n"}
,{"stream_name":"stdout","time":2669.262499108,"data":"{\"ok\": true, \"converged\": true, \"matvecs\": 398, \"ad_mode\": \"reverse\", \"n_tokens\": 106, \"rho\": 0.8109891527630056, \"lead_is_real\": true, \"n_osc\": 7, \"arg_osc\": 0.7888487054819421, \"rho_osc\": 0.788072528158348, \"eigs\": [[0.8109891527630056, 0.0], [0.5553252956551926, -0.5591709270369509], [0.5553252956551926, 0.5591709270369509], [0.3892790987089028, -0.6793348661460239], [0.3892790987089028, 0.6793348661460239], [0.700158860240986, -0.3206753903171555], [0.700158860240986, 0.3206753903171555], [0.6496455108501045, -0.3910693275142984]], \"arm\": \"trained\", \"kind\": \"track\", \"n_ops\": 32, \"seed\": 0, \"secs\": 148.6}\n"}
,{"stream_name":"stdout","time":2681.69932602,"data":"    forward-mode AD unavailable (OutOfMemoryError); reverse mode\n"}
,{"stream_name":"stdout","time":3468.923955061,"data":"{\"ok\": false, \"why\": \"ArpackNoConvergence: ARPACK error -1: No convergence (401 iterations, 6/8 eigenvectors converged)\", \"arm\": \"trained\", \"kind\": \"local\", \"n_ops\": 32, \"seed\": 0, \"secs\": 799.7}\n"}
,{"stream_name":"stdout","time":3468.92402278,"data":"Traceback (most recent call last):\n"}
,{"stream_name":"stdout","time":3468.924027281,"data":"  File \"/kaggle/src/script.py\", line 312, in main\n"}
,{"stream_name":"stdout","time":3468.92403092,"data":"    rec = spectrum(model, tok, v[kind])\n"}
,{"stream_name":"stdout","time":3468.924034296,"data":"          ^^^^^^^^^^^^^^^^^^^^^^^^^^^^^\n"}
,{"stream_name":"stdout","time":3468.924037591,"data":"  File \"/kaggle/src/script.py\", line 254, in spectrum\n"}
,{"stream_name":"stdout","time":3468.924041548,"data":"    vals = eigs(op, k=N_EIGS, which=\"LM\", return_eigenvectors=False, tol=TOL,\n"}
,{"stream_name":"stdout","time":3468.9240451,"data":"           ^^^^^^^^^^^^^^^^^^^^^^^^^^^^^^^^^^^^^^^^^^^^^^^^^^^^^^^^^^^^^^^^^^\n"}
,{"stream_name":"stdout","time":3468.924048662,"data":"  File \"/usr/local/lib/python3.12/dist-packages/scipy/sparse/linalg/_eigen/arpack/arpack.py\", line 1357, in eigs\n"}
,{"stream_name":"stdout","time":3468.924052391,"data":"    params.iterate()\n"}
,{"stream_name":"stdout","time":3468.924055745,"data":"  File \"/usr/local/lib/python3.12/dist-packages/scipy/sparse/linalg/_eigen/arpack/arpack.py\", line 767, in iterate\n"}
,{"stream_name":"stdout","time":3468.924059399,"data":"    self._raise_no_convergence()\n"}
,{"stream_name":"stdout","time":3468.924062811,"data":"  File \"/usr/local/lib/python3.12/dist-packages/scipy/sparse/linalg/_eigen/arpack/arpack.py\", line 386, in _raise_no_convergence\n"}
,{"stream_name":"stdout","time":3468.924066526,"data":"    raise ArpackNoConvergence(msg % (num_iter, k_ok, self.k), ev, vec)\n"}
,{"stream_name":"stdout","time":3468.92407017,"data":"scipy.sparse.linalg._eigen.arpack.arpack.ArpackNoConvergence: ARPACK error -1: No convergence (401 iterations, 6/8 eigenvectors converged)\n"}
,{"stream_name":"stdout","time":3468.924073874,"data":"\n"}
,{"stream_name":"stdout","time":3481.37978865,"data":"    forward-mode AD unavailable (OutOfMemoryError); reverse mode\n"}
,{"stream_name":"stdout","time":3564.869368348,"data":"{\"ok\": true, \"converged\": true, \"matvecs\": 245, \"ad_mode\": \"reverse\", \"n_tokens\": 106, \"rho\": 0.777134830888125, \"lead_is_real\": false, \"n_osc\": 8, \"arg_osc\": 0.7661599344358695, \"rho_osc\": 0.777134830888125, \"eigs\": [[0.5599867088787969, 0.5388445334775219], [0.5599867088787969, -0.5388445334775219], [0.3681753243840604, 0.6801124230717799], [0.3681753243840604, -0.6801124230717799], [0.6584083104615771, 0.39066088029958984], [0.6584083104615771, -0.39066088029958984], [0.6971717476737571, -0.2960111653098441], [0.6971717476737571, 0.2960111653098441]], \"arm\": \"trained\", \"kind\": \"track\", \"n_ops\": 32, \"seed\": 1, \"secs\": 95.9}\n"}
,{"stream_name":"stdout","time":3577.460619176,"data":"    forward-mode AD unavailable (OutOfMemoryError); reverse mode\n"}
,{"stream_name":"stdout","time":4028.024987678,"data":"{\"ok\": true, \"converged\": true, \"matvecs\": 1312, \"ad_mode\": \"reverse\", \"n_tokens\": 109, \"rho\": 0.7955804273967791, \"lead_is_real\": false, \"n_osc\": 8, \"arg_osc\": 0.4315626523701917, \"rho_osc\": 0.7955804273967791, \"eigs\": [[0.7226362165946284, 0.33278388621242333], [0.7226362165946284, -0.33278388621242333], [0.612975545795674, 0.4901207024460442], [0.612975545795674, -0.4901207024460442], [0.6291419401496995, 0.38808129808329106], [0.6291419401496995, -0.38808129808329106], [0.590998714434515, 0.4388499846312673], [0.590998714434515, -0.4388499846312673]], \"arm\": \"trained\", \"kind\": \"local\", \"n_ops\": 32, \"seed\": 1, \"secs\": 463.2}\n"}
,{"stream_name":"stdout","time":4040.727082484,"data":"  after cleanup: 13.70 GiB free of 14.56 GiB\n"}
,{"stream_name":"stdout","time":4041.6162968,"data":"  purged /root/.cache/huggingface/hub/models--tomg-group-umd--huginn-0125\n"}
,{"stream_name":"stdout","time":4041.616324953,"data":"\n"}
,{"stream_name":"stdout","time":4041.616341346,"data":"=== untrained ===\n"}
,{"stream_name":"stderr","time":4041.787851232,"data":"A new version of the following files was downloaded from https://huggingface.co/tomg-group-umd/huginn-0125:\n"}
,{"stream_name":"stderr","time":4041.787875814,"data":"- raven_modeling_minimal.py\n"}
,{"stream_name":"stderr","time":4041.787880419,"data":". Make sure to double-check they do not contain any added malicious code. To avoid downloading new versions of the code file, you can pin a revision.\n"}
,{"stream_name":"stdout","time":4766.042871349,"data":"{\"ok\": false, \"why\": \"ArpackNoConvergence: ARPACK error -1: No convergence (401 iterations, 6/8 eigenvectors converged)\", \"arm\": \"untrained\", \"kind\": \"track\", \"n_ops\": 4, \"seed\": 0, \"secs\": 658.1}\n"}
,{"stream_name":"stdout","time":4766.047215341,"data":"Traceback (most recent call last):\n"}
,{"stream_name":"stdout","time":4766.047227797,"data":"  File \"/kaggle/src/script.py\", line 312, in main\n"}
,{"stream_name":"stdout","time":4766.047232639,"data":"    rec = spectrum(model, tok, v[kind])\n"}
,{"stream_name":"stdout","time":4766.047237138,"data":"          ^^^^^^^^^^^^^^^^^^^^^^^^^^^^^\n"}
,{"stream_name":"stdout","time":4766.047241377,"data":"  File \"/kaggle/src/script.py\", line 254, in spectrum\n"}
,{"stream_name":"stdout","time":4766.047245737,"data":"    vals = eigs(op, k=N_EIGS, which=\"LM\", return_eigenvectors=False, tol=TOL,\n"}
,{"stream_name":"stdout","time":4766.0472502,"data":"           ^^^^^^^^^^^^^^^^^^^^^^^^^^^^^^^^^^^^^^^^^^^^^^^^^^^^^^^^^^^^^^^^^^\n"}
,{"stream_name":"stdout","time":4766.047254675,"data":"  File \"/usr/local/lib/python3.12/dist-packages/scipy/sparse/linalg/_eigen/arpack/arpack.py\", line 1357, in eigs\n"}
,{"stream_name":"stdout","time":4766.047259275,"data":"    params.iterate()\n"}
,{"stream_name":"stdout","time":4766.047263555,"data":"  File \"/usr/local/lib/python3.12/dist-packages/scipy/sparse/linalg/_eigen/arpack/arpack.py\", line 767, in iterate\n"}
,{"stream_name":"stdout","time":4766.047268127,"data":"    self._raise_no_convergence()\n"}
,{"stream_name":"stdout","time":4766.047272424,"data":"  File \"/usr/local/lib/python3.12/dist-packages/scipy/sparse/linalg/_eigen/arpack/arpack.py\", line 386, in _raise_no_convergence\n"}
,{"stream_name":"stdout","time":4766.047277044,"data":"    raise ArpackNoConvergence(msg % (num_iter, k_ok, self.k), ev, vec)\n"}
,{"stream_name":"stdout","time":4766.047281402,"data":"scipy.sparse.linalg._eigen.arpack.arpack.ArpackNoConvergence: ARPACK error -1: No convergence (401 iterations, 6/8 eigenvectors converged)\n"}
,{"stream_name":"stdout","time":4766.047285996,"data":"\n"}
,{"stream_name":"stdout","time":5463.368987307,"data":"{\"ok\": false, \"why\": \"ArpackNoConvergence: ARPACK error -1: No convergence (401 iterations, 6/8 eigenvectors converged)\", \"arm\": \"untrained\", \"kind\": \"local\", \"n_ops\": 4, \"seed\": 0, \"secs\": 697.3}\n"}
,{"stream_name":"stdout","time":5463.369060277,"data":"Traceback (most recent call last):\n"}
,{"stream_name":"stdout","time":5463.369069051,"data":"  File \"/kaggle/src/script.py\", line 312, in main\n"}
,{"stream_name":"stdout","time":5463.369075753,"data":"    rec = spectrum(model, tok, v[kind])\n"}
,{"stream_name":"stdout","time":5463.369081524,"data":"          ^^^^^^^^^^^^^^^^^^^^^^^^^^^^^\n"}
,{"stream_name":"stdout","time":5463.369087091,"data":"  File \"/kaggle/src/script.py\", line 254, in spectrum\n"}
,{"stream_name":"stdout","time":5463.369094416,"data":"    vals = eigs(op, k=N_EIGS, which=\"LM\", return_eigenvectors=False, tol=TOL,\n"}
,{"stream_name":"stdout","time":5463.369100682,"data":"           ^^^^^^^^^^^^^^^^^^^^^^^^^^^^^^^^^^^^^^^^^^^^^^^^^^^^^^^^^^^^^^^^^^\n"}
,{"stream_name":"stdout","time":5463.369122458,"data":"  File \"/usr/local/lib/python3.12/dist-packages/scipy/sparse/linalg/_eigen/arpack/arpack.py\", line 1357, in eigs\n"}
,{"stream_name":"stdout","time":5463.369127309,"data":"    params.iterate()\n"}
,{"stream_name":"stdout","time":5463.369131669,"data":"  File \"/usr/local/lib/python3.12/dist-packages/scipy/sparse/linalg/_eigen/arpack/arpack.py\", line 767, in iterate\n"}
,{"stream_name":"stdout","time":5463.369136334,"data":"    self._raise_no_convergence()\n"}
,{"stream_name":"stdout","time":5463.369140125,"data":"  File \"/usr/local/lib/python3.12/dist-packages/scipy/sparse/linalg/_eigen/arpack/arpack.py\", line 386, in _raise_no_convergence\n"}
,{"stream_name":"stdout","time":5463.369144406,"data":"    raise ArpackNoConvergence(msg % (num_iter, k_ok, self.k), ev, vec)\n"}
,{"stream_name":"stdout","time":5463.369148382,"data":"scipy.sparse.linalg._eigen.arpack.arpack.ArpackNoConvergence: ARPACK error -1: No convergence (401 iterations, 6/8 eigenvectors converged)\n"}
,{"stream_name":"stdout","time":5463.369163563,"data":"\n"}
,{"stream_name":"stdout","time":5471.313681103,"data":"    forward-mode AD unavailable (OutOfMemoryError); reverse mode\n"}
,{"stream_name":"stdout","time":6133.524932505,"data":"{\"ok\": false, \"why\": \"ArpackNoConvergence: ARPACK error -1: No convergence (401 iterations, 6/8 eigenvectors converged)\", \"arm\": \"untrained\", \"kind\": \"track\", \"n_ops\": 8, \"seed\": 0, \"secs\": 670.2}\n"}
,{"stream_name":"stdout","time":6133.524971729,"data":"Traceback (most recent call last):\n"}
,{"stream_name":"stdout","time":6133.524977293,"data":"  File \"/kaggle/src/script.py\", line 312, in main\n"}
,{"stream_name":"stdout","time":6133.524982214,"data":"    rec = spectrum(model, tok, v[kind])\n"}
,{"stream_name":"stdout","time":6133.524986801,"data":"          ^^^^^^^^^^^^^^^^^^^^^^^^^^^^^\n"}
,{"stream_name":"stdout","time":6133.524991355,"data":"  File \"/kaggle/src/script.py\", line 254, in spectrum\n"}
,{"stream_name":"stdout","time":6133.52499672,"data":"    vals = eigs(op, k=N_EIGS, which=\"LM\", return_eigenvectors=False, tol=TOL,\n"}
,{"stream_name":"stdout","time":6133.525001504,"data":"           ^^^^^^^^^^^^^^^^^^^^^^^^^^^^^^^^^^^^^^^^^^^^^^^^^^^^^^^^^^^^^^^^^^\n"}
,{"stream_name":"stdout","time":6133.525006553,"data":"  File \"/usr/local/lib/python3.12/dist-packages/scipy/sparse/linalg/_eigen/arpack/arpack.py\", line 1357, in eigs\n"}
,{"stream_name":"stdout","time":6133.525011441,"data":"    params.iterate()\n"}
,{"stream_name":"stdout","time":6133.5250159,"data":"  File \"/usr/local/lib/python3.12/dist-packages/scipy/sparse/linalg/_eigen/arpack/arpack.py\", line 767, in iterate\n"}
,{"stream_name":"stdout","time":6133.525021003,"data":"    self._raise_no_convergence()\n"}
,{"stream_name":"stdout","time":6133.525025498,"data":"  File \"/usr/local/lib/python3.12/dist-packages/scipy/sparse/linalg/_eigen/arpack/arpack.py\", line 386, in _raise_no_convergence\n"}
,{"stream_name":"stdout","time":6133.525030414,"data":"    raise ArpackNoConvergence(msg % (num_iter, k_ok, self.k), ev, vec)\n"}
,{"stream_name":"stdout","time":6133.525035114,"data":"scipy.sparse.linalg._eigen.arpack.arpack.ArpackNoConvergence: ARPACK error -1: No convergence (401 iterations, 6/8 eigenvectors converged)\n"}
,{"stream_name":"stdout","time":6133.525040044,"data":"\n"}
,{"stream_name":"stdout","time":6141.650423065,"data":"    forward-mode AD unavailable (OutOfMemoryError); reverse mode\n"}
,{"stream_name":"stdout","time":6688.06714371,"data":"{\"ok\": true, \"converged\": true, \"matvecs\": 2675, \"ad_mode\": \"reverse\", \"n_tokens\": 37, \"rho\": 0.7210063707260146, \"lead_is_real\": false, \"n_osc\": 8, \"arg_osc\": 0.724856448786406, \"rho_osc\": 0.7210063707260146, \"eigs\": [[0.539741481568206, -0.47804740319560046], [0.539741481568206, 0.47804740319560046], [0.29391572728315685, 0.6566579271945582], [0.29391572728315685, -0.6566579271945582], [0.6063949896296283, 0.3841964241987308], [0.6063949896296283, -0.3841964241987308], [0.24301311135729298, 0.6751504399521431], [0.24301311135729298, -0.6751504399521431]], \"arm\": \"untrained\", \"kind\": \"local\", \"n_ops\": 8, \"seed\": 0, \"secs\": 554.5}\n"}
,{"stream_name":"stdout","time":6696.370635327,"data":"    forward-mode AD unavailable (OutOfMemoryError); reverse mode\n"}
,{"stream_name":"stdout","time":7414.791986436,"data":"{\"ok\": false, \"why\": \"ArpackNoConvergence: ARPACK error -1: No convergence (401 iterations, 6/8 eigenvectors converged)\", \"arm\": \"untrained\", \"kind\": \"track\", \"n_ops\": 12, \"seed\": 0, \"secs\": 726.7}\n"}
,{"stream_name":"stdout","time":7414.792036977,"data":"Traceback (most recent call last):\n"}
,{"stream_name":"stdout","time":7414.792041941,"data":"  File \"/kaggle/src/script.py\", line 312, in main\n"}
,{"stream_name":"stdout","time":7414.792046568,"data":"    rec = spectrum(model, tok, v[kind])\n"}
,{"stream_name":"stdout","time":7414.792050866,"data":"          ^^^^^^^^^^^^^^^^^^^^^^^^^^^^^\n"}
,{"stream_name":"stdout","time":7414.792055107,"data":"  File \"/kaggle/src/script.py\", line 254, in spectrum\n"}
,{"stream_name":"stdout","time":7414.792059464,"data":"    vals = eigs(op, k=N_EIGS, which=\"LM\", return_eigenvectors=False, tol=TOL,\n"}
,{"stream_name":"stdout","time":7414.792064045,"data":"           ^^^^^^^^^^^^^^^^^^^^^^^^^^^^^^^^^^^^^^^^^^^^^^^^^^^^^^^^^^^^^^^^^^\n"}
,{"stream_name":"stdout","time":7414.79206847,"data":"  File \"/usr/local/lib/python3.12/dist-packages/scipy/sparse/linalg/_eigen/arpack/arpack.py\", line 1357, in eigs\n"}
,{"stream_name":"stdout","time":7414.79207313,"data":"    params.iterate()\n"}
,{"stream_name":"stdout","time":7414.79207733,"data":"  File \"/usr/local/lib/python3.12/dist-packages/scipy/sparse/linalg/_eigen/arpack/arpack.py\", line 767, in iterate\n"}
,{"stream_name":"stdout","time":7414.792081937,"data":"    self._raise_no_convergence()\n"}
,{"stream_name":"stdout","time":7414.79208613,"data":"  File \"/usr/local/lib/python3.12/dist-packages/scipy/sparse/linalg/_eigen/arpack/arpack.py\", line 386, in _raise_no_convergence\n"}
,{"stream_name":"stdout","time":7414.792090767,"data":"    raise ArpackNoConvergence(msg % (num_iter, k_ok, self.k), ev, vec)\n"}
,{"stream_name":"stdout","time":7414.792095161,"data":"scipy.sparse.linalg._eigen.arpack.arpack.ArpackNoConvergence: ARPACK error -1: No convergence (401 iterations, 6/8 eigenvectors converged)\n"}
,{"stream_name":"stdout","time":7414.792099819,"data":"\n"}
,{"stream_name":"stdout","time":7423.174889982,"data":"    forward-mode AD unavailable (OutOfMemoryError); reverse mode\n"}
,{"stream_name":"stdout","time":7949.387098645,"data":"{\"ok\": true, \"converged\": true, \"matvecs\": 2432, \"ad_mode\": \"reverse\", \"n_tokens\": 49, \"rho\": 0.7265055321957069, \"lead_is_real\": false, \"n_osc\": 8, \"arg_osc\": 1.8915569282123759, \"rho_osc\": 0.7265055321957069, \"eigs\": [[-0.22905880996276481, 0.6894507595828794], [-0.22905880996276481, -0.6894507595828794], [-0.4024195141440862, -0.60459630530669], [-0.4024195141440862, 0.60459630530669], [-0.6247132621790616, 0.36270800805303927], [-0.6247132621790616, -0.36270800805303927], [0.2939659502184584, 0.6564625853716312], [0.2939659502184584, -0.6564625853716312]], \"arm\": \"untrained\", \"kind\": \"local\", \"n_ops\": 12, \"seed\": 0, \"secs\": 534.6}\n"}
,{"stream_name":"stdout","time":7958.344036405,"data":"    forward-mode AD unavailable (OutOfMemoryError); reverse mode\n"}
,{"stream_name":"stdout","time":9056.50657103,"data":"{\"ok\": false, \"why\": \"matvec cap 4000 hit\", \"matvecs\": 4001, \"ad_mode\": \"reverse\", \"arm\": \"untrained\", \"kind\": \"track\", \"n_ops\": 16, \"seed\": 0, \"secs\": 1107.1}\n"}
,{"stream_name":"stdout","time":9056.50662007,"data":"\n"}
,{"stream_name":"stdout","time":9067.06896039,"data":"    forward-mode AD unavailable (OutOfMemoryError); reverse mode\n"}
,{"stream_name":"stdout","time":10078.534864673,"data":"{\"ok\": true, \"converged\": true, \"matvecs\": 3669, \"ad_mode\": \"reverse\", \"n_tokens\": 61, \"rho\": 0.7263878114863702, \"lead_is_real\": false, \"n_osc\": 8, \"arg_osc\": 1.891572740252824, \"rho_osc\": 0.7263878114863702, \"eigs\": [[-0.22903259380988494, -0.6893354217278224], [-0.22903259380988494, 0.6893354217278224], [-0.40240702859025457, -0.6044928448686094], [-0.40240702859025457, 0.6044928448686094], [-0.08780844780269847, -0.7177986250211189], [-0.08780844780269847, 0.7177986250211189], [-0.6245898996848089, 0.36270069312648145], [-0.6245898996848089, -0.36270069312648145]], \"arm\": \"untrained\", \"kind\": \"local\", \"n_ops\": 16, \"seed\": 0, \"secs\": 1022.0}\n"}
,{"stream_name":"stdout","time":10090.883003505,"data":"    forward-mode AD unavailable (OutOfMemoryError); reverse mode\n"}
,{"stream_name":"stdout","time":10987.606928459,"data":"{\"ok\": true, \"converged\": true, \"matvecs\": 2729, \"ad_mode\": \"reverse\", \"n_tokens\": 82, \"rho\": 0.7263802435947754, \"lead_is_real\": false, \"n_osc\": 8, \"arg_osc\": 1.8915820217593646, \"rho_osc\": 0.7263802435947754, \"eigs\": [[-0.229036605622145, 0.6893261140925181], [-0.229036605622145, -0.6893261140925181], [-0.40238895975454747, -0.6044936568360875], [-0.40238895975454747, 0.6044936568360875], [-0.6243497435753766, 0.3625984059847711], [-0.6243497435753766, -0.3625984059847711], [-0.5131466612948345, 0.5073447511825049], [-0.5131466612948345, -0.5073447511825049]], \"arm\": \"untrained\", \"kind\": \"track\", \"n_ops\": 24, \"seed\": 0, \"secs\": 909.1}\n"}
,{"stream_name":"stdout","time":10999.712708907,"data":"    forward-mode AD unavailable (OutOfMemoryError); reverse mode\n"}
,{"stream_name":"stdout","time":12016.446868172,"data":"{\"ok\": true, \"converged\": true, \"matvecs\": 3053, \"ad_mode\": \"reverse\", \"n_tokens\": 85, \"rho\": 0.726433453396177, \"lead_is_real\": false, \"n_osc\": 8, \"arg_osc\": 1.891588030613845, \"rho_osc\": 0.726433453396177, \"eigs\": [[-0.2290575256851612, 0.6893752331931337], [-0.2290575256851612, -0.6893752331931337], [-0.4024374463873803, -0.6045319849336507], [-0.4024374463873803, 0.6045319849336507], [-0.6244835824612764, -0.36263951597652366], [-0.6244835824612764, 0.36263951597652366], [-0.5132594525073522, 0.5074035227456937], [-0.5132594525073522, -0.5074035227456937]], \"arm\": \"untrained\", \"kind\": \"local\", \"n_ops\": 24, \"seed\": 0, \"secs\": 1028.8}\n"}
,{"stream_name":"stdout","time":12028.886526613,"data":"    forward-mode AD unavailable (OutOfMemoryError); reverse mode\n"}
,{"stream_name":"stdout","time":13301.575953679,"data":"{\"ok\": false, \"why\": \"ArpackNoConvergence: ARPACK error -1: No convergence (401 iterations, 4/8 eigenvectors converged)\", \"arm\": \"untrained\", \"kind\": \"track\", \"n_ops\": 32, \"seed\": 0, \"secs\": 1285.1}\n"}
,{"stream_name":"stdout","time":13301.575995561,"data":"Traceback (most recent call last):\n"}
,{"stream_name":"stdout","time":13301.576000871,"data":"  File \"/kaggle/src/script.py\", line 312, in main\n"}
,{"stream_name":"stdout","time":13301.576005577,"data":"    rec = spectrum(model, tok, v[kind])\n"}
,{"stream_name":"stdout","time":13301.576010203,"data":"          ^^^^^^^^^^^^^^^^^^^^^^^^^^^^^\n"}
,{"stream_name":"stdout","time":13301.576014529,"data":"  File \"/kaggle/src/script.py\", line 254, in spectrum\n"}
,{"stream_name":"stdout","time":13301.576018995,"data":"    vals = eigs(op, k=N_EIGS, which=\"LM\", return_eigenvectors=False, tol=TOL,\n"}
,{"stream_name":"stdout","time":13301.576023409,"data":"           ^^^^^^^^^^^^^^^^^^^^^^^^^^^^^^^^^^^^^^^^^^^^^^^^^^^^^^^^^^^^^^^^^^\n"}
,{"stream_name":"stdout","time":13301.576035147,"data":"  File \"/usr/local/lib/python3.12/dist-packages/scipy/sparse/linalg/_eigen/arpack/arpack.py\", line 1357, in eigs\n"}
,{"stream_name":"stdout","time":13301.576039055,"data":"    params.iterate()\n"}
,{"stream_name":"stdout","time":13301.576042374,"data":"  File \"/usr/local/lib/python3.12/dist-packages/scipy/sparse/linalg/_eigen/arpack/arpack.py\", line 767, in iterate\n"}
,{"stream_name":"stdout","time":13301.57604609,"data":"    self._raise_no_convergence()\n"}
,{"stream_name":"stdout","time":13301.576049558,"data":"  File \"/usr/local/lib/python3.12/dist-packages/scipy/sparse/linalg/_eigen/arpack/arpack.py\", line 386, in _raise_no_convergence\n"}
,{"stream_name":"stdout","time":13301.576053221,"data":"    raise ArpackNoConvergence(msg % (num_iter, k_ok, self.k), ev, vec)\n"}
,{"stream_name":"stdout","time":13301.576056774,"data":"scipy.sparse.linalg._eigen.arpack.arpack.ArpackNoConvergence: ARPACK error -1: No convergence (401 iterations, 4/8 eigenvectors converged)\n"}
,{"stream_name":"stdout","time":13301.576060502,"data":"\n"}
,{"stream_name":"stdout","time":13314.128904638,"data":"    forward-mode AD unavailable (OutOfMemoryError); reverse mode\n"}
,{"stream_name":"stdout","time":14645.363950729,"data":"{\"ok\": false, \"why\": \"ArpackNoConvergence: ARPACK error -1: No convergence (401 iterations, 4/8 eigenvectors converged)\", \"arm\": \"untrained\", \"kind\": \"local\", \"n_ops\": 32, \"seed\": 0, \"secs\": 1343.8}\n"}
,{"stream_name":"stdout","time":14645.364037304,"data":"Traceback (most recent call last):\n"}
,{"stream_name":"stdout","time":14645.364046442,"data":"  File \"/kaggle/src/script.py\", line 312, in main\n"}
,{"stream_name":"stdout","time":14645.364052767,"data":"    rec = spectrum(model, tok, v[kind])\n"}
,{"stream_name":"stdout","time":14645.364059311,"data":"          ^^^^^^^^^^^^^^^^^^^^^^^^^^^^^\n"}
,{"stream_name":"stdout","time":14645.364065234,"data":"  File \"/kaggle/src/script.py\", line 254, in spectrum\n"}
,{"stream_name":"stdout","time":14645.364070653,"data":"    vals = eigs(op, k=N_EIGS, which=\"LM\", return_eigenvectors=False, tol=TOL,\n"}
,{"stream_name":"stdout","time":14645.364077338,"data":"           ^^^^^^^^^^^^^^^^^^^^^^^^^^^^^^^^^^^^^^^^^^^^^^^^^^^^^^^^^^^^^^^^^^\n"}
,{"stream_name":"stdout","time":14645.364083206,"data":"  File \"/usr/local/lib/python3.12/dist-packages/scipy/sparse/linalg/_eigen/arpack/arpack.py\", line 1357, in eigs\n"}
,{"stream_name":"stdout","time":14645.364089292,"data":"    params.iterate()\n"}
,{"stream_name":"stdout","time":14645.364114999,"data":"  File \"/usr/local/lib/python3.12/dist-packages/scipy/sparse/linalg/_eigen/arpack/arpack.py\", line 767, in iterate\n"}
,{"stream_name":"stdout","time":14645.364122192,"data":"    self._raise_no_convergence()\n"}
,{"stream_name":"stdout","time":14645.364127826,"data":"  File \"/usr/local/lib/python3.12/dist-packages/scipy/sparse/linalg/_eigen/arpack/arpack.py\", line 386, in _raise_no_convergence\n"}
,{"stream_name":"stdout","time":14645.364134172,"data":"    raise ArpackNoConvergence(msg % (num_iter, k_ok, self.k), ev, vec)\n"}
,{"stream_name":"stdout","time":14645.36414019,"data":"scipy.sparse.linalg._eigen.arpack.arpack.ArpackNoConvergence: ARPACK error -1: No convergence (401 iterations, 4/8 eigenvectors converged)\n"}
,{"stream_name":"stdout","time":14645.364146275,"data":"\n"}
,{"stream_name":"stdout","time":14658.385020483,"data":"  after cleanup: 13.70 GiB free of 14.56 GiB\n"}
,{"stream_name":"stdout","time":14658.38674594,"data":"\n"}
,{"stream_name":"stdout","time":14658.386765273,"data":"=== MEASURED 28/36 prompts in 243.7 min ===\n"}
,{"stream_name":"stdout","time":14658.386884581,"data":"  trained: 23/23 have a complex oscillatory mode (P1 gate wants \u003e= 80%)\n"}
,{"stream_name":"stdout","time":14658.386905684,"data":"  untrained: 5/5 have a complex oscillatory mode (P1 gate wants \u003e= 80%)\n"}
,{"stream_name":"stdout","time":14658.386922661,"data":"saved /kaggle/working/h2rot.json\n"}
,{"stream_name":"stdout","time":14658.387124304,"data":"DONE\n"}
,{"stream_name":"stderr","time":14668.702817979,"data":"/usr/local/lib/python3.12/dist-packages/mistune.py:435: SyntaxWarning: invalid escape sequence '\\|'\n"}
,{"stream_name":"stderr","time":14668.702866583,"data":"  cells[i][c] = re.sub('\\\\\\\\\\|', '|', cell)\n"}
,{"stream_name":"stderr","time":14669.052279946,"data":"/usr/local/lib/python3.12/dist-packages/nbconvert/filters/filter_links.py:36: SyntaxWarning: invalid escape sequence '\\_'\n"}
,{"stream_name":"stderr","time":14669.052323387,"data":"  text = re.sub(r'_', '\\_', text) # Escape underscores in display text\n"}
,{"stream_name":"stderr","time":14670.70077044,"data":"[NbConvertApp] Converting notebook __script__.ipynb to html\n"}
,{"stream_name":"stderr","time":14671.916254467,"data":"[NbConvertApp] Writing 337163 bytes to __results__.html\n"}
]