[{"stream_name":"stdout","time":0.973363429,"data":"$ pip install -q 'transformers\u003e=4.50,\u003c4.54'\n"}
,{"stream_name":"stdout","time":4.522671897,"data":"     ━━━━━━━━━━━━━━━━━━━━━━━━━━━━━━━━━━━━━━━━ 40.9/40.9 kB 2.2 MB/s eta 0:00:00\n"}
,{"stream_name":"stdout","time":5.49768836,"data":"   ━━━━━━━━━━━━━━━━━━━━━━━━━━━━━━━━━━━━━━━━ 10.8/10.8 MB 102.2 MB/s eta 0:00:00\n"}
,{"stream_name":"stdout","time":5.528565511,"data":"   ━━━━━━━━━━━━━━━━━━━━━━━━━━━━━━━━━━━━━━━━ 566.4/566.4 kB 29.7 MB/s eta 0:00:00\n"}
,{"stream_name":"stdout","time":5.571889207,"data":"   ━━━━━━━━━━━━━━━━━━━━━━━━━━━━━━━━━━━━━━━━ 3.1/3.1 MB 97.9 MB/s eta 0:00:00\n"}
,{"stream_name":"stdout","time":34.847371925,"data":"CUDA: True\n"}
,{"stream_name":"stdout","time":35.761229575,"data":"chat template present: True\n"}
,{"stream_name":"stdout","time":35.769321524,"data":"\n"}
,{"stream_name":"stdout","time":35.76934523,"data":"CHAT-RENDERED EXAMPLE:\n"}
,{"stream_name":"stdout","time":35.769349811,"data":"'\u003c|begin_text|\u003e\u003c|begin_header|\u003euser\u003c|end_header|\u003e\\n\\nDecode this Caesar cipher. Each letter was shifted forward by 13. Shift each letter back by 13 to recover the original word.\\nCiphertext: onanan\u003c|end_turn|\u003e\u003c|begin_header|\u003eHuginn\u003c|end_header|\u003e\\n\\n'\n"}
,{"stream_name":"stdout","time":35.769374056,"data":"\n"}
,{"stream_name":"stderr","time":127.687868806,"data":"\rFetching 4 files:   0%|          | 0/4 [00:00\u003c?, ?it/s]\rFetching 4 files:  25%|██▌       | 1/4 [01:09\u003c03:27, 69.07s/it]\rFetching 4 files: 100%|██████████| 4/4 [01:09\u003c00:00, 17.27s/it]\n"}
,{"stream_name":"stderr","time":127.868274197,"data":"\rLoading checkpoint shards:   0%|          | 0/4 [00:00\u003c?, ?it/s]\rLoading checkpoint shards: 100%|██████████| 4/4 [00:00\u003c00:00, 47.27it/s]\n"}
,{"stream_name":"stdout","time":337.563213567,"data":"       raw    caesar:   0.0%   e.g. 'banana' -\u003e 'ONANAN'\n"}
,{"stream_name":"stdout","time":667.731147319,"data":"       raw  counting:   0.0%   e.g. '37' -\u003e '10'\n"}
,{"stream_name":"stdout","time":1168.245449802,"data":"       raw      copy:  15.0%   e.g. 'banana' -\u003e \"The word 'banana' in the word list is a noun.\"\n"}
,{"stream_name":"stdout","time":1926.534370263,"data":"      chat    caesar:   0.0%   e.g. 'banana' -\u003e 'Original word: ONAN'\n"}
,{"stream_name":"stdout","time":3049.446287634,"data":"      chat  counting:   0.0%   e.g. '37' -\u003e 'There are 19 ones in the sequence.'\n"}
,{"stream_name":"stdout","time":3152.055003939,"data":"      chat      copy: 100.0%   e.g. 'banana' -\u003e 'banana'\n"}
,{"stream_name":"stdout","time":3309.263916839,"data":"   fewshot    caesar:   0.0%   e.g. 'banana' -\u003e 'hello'\n"}
,{"stream_name":"stdout","time":3648.124567357,"data":"   fewshot  counting:   0.0%   e.g. '37' -\u003e '16'\n"}
,{"stream_name":"stdout","time":3737.909808091,"data":"   fewshot      copy: 100.0%   e.g. 'banana' -\u003e 'banana'\n"}
,{"stream_name":"stdout","time":3737.911086972,"data":"\n"}
,{"stream_name":"stdout","time":3737.911105888,"data":"=== VERDICT ===\n"}
,{"stream_name":"stdout","time":3737.911111635,"data":"       task       raw      chat   fewshot\n"}
,{"stream_name":"stdout","time":3737.911117228,"data":"     caesar     0.0%      0.0%      0.0% \n"}
,{"stream_name":"stdout","time":3737.911132067,"data":"   counting     0.0%      0.0%      0.0% \n"}
,{"stream_name":"stdout","time":3737.91122358,"data":"       copy    15.0%    100.0%    100.0% \n"}
,{"stream_name":"stdout","time":3737.911306676,"data":"\n"}
,{"stream_name":"stdout","time":3737.911313559,"data":"  FORMAT MATTERS on: ['copy']. Every accuracy figure in this\n"}
,{"stream_name":"stdout","time":3737.911404623,"data":"  project was measured under `raw` and must be re-read (D57(5)).\n"}
,{"stream_name":"stderr","time":3744.483336324,"data":"/usr/local/lib/python3.12/dist-packages/mistune.py:435: SyntaxWarning: invalid escape sequence '\\|'\n"}
,{"stream_name":"stderr","time":3744.48337175,"data":"  cells[i][c] = re.sub('\\\\\\\\\\|', '|', cell)\n"}
,{"stream_name":"stderr","time":3744.800033864,"data":"/usr/local/lib/python3.12/dist-packages/nbconvert/filters/filter_links.py:36: SyntaxWarning: invalid escape sequence '\\_'\n"}
,{"stream_name":"stderr","time":3744.800078095,"data":"  text = re.sub(r'_', '\\_', text) # Escape underscores in display text\n"}
,{"stream_name":"stderr","time":3745.465342278,"data":"[NbConvertApp] Converting notebook __script__.ipynb to html\n"}
,{"stream_name":"stderr","time":3746.488461113,"data":"[NbConvertApp] Writing 312006 bytes to __results__.html\n"}
]