[{"stream_name":"stdout","time":1.206476796,"data":"$ pip install -q 'transformers\u003e=4.50,\u003c4.54' scikit-learn scipy\n"}
,{"stream_name":"stdout","time":4.456231997,"data":"     ━━━━━━━━━━━━━━━━━━━━━━━━━━━━━━━━━━━━━━━━ 40.9/40.9 kB 2.1 MB/s eta 0:00:00\n"}
,{"stream_name":"stdout","time":5.506458276,"data":"   ━━━━━━━━━━━━━━━━━━━━━━━━━━━━━━━━━━━━━━━━ 10.8/10.8 MB 94.3 MB/s eta 0:00:00\n"}
,{"stream_name":"stdout","time":5.539179895,"data":"   ━━━━━━━━━━━━━━━━━━━━━━━━━━━━━━━━━━━━━━━━ 566.4/566.4 kB 32.9 MB/s eta 0:00:00\n"}
,{"stream_name":"stdout","time":5.592225587,"data":"   ━━━━━━━━━━━━━━━━━━━━━━━━━━━━━━━━━━━━━━━━ 3.1/3.1 MB 85.6 MB/s eta 0:00:00\n"}
,{"stream_name":"stdout","time":33.548405853,"data":"CUDA: True\n"}
,{"stream_name":"stderr","time":135.296992324,"data":"\rFetching 4 files:   0%|          | 0/4 [00:00\u003c?, ?it/s]\rFetching 4 files:  25%|██▌       | 1/4 [01:19\u003c03:57, 79.01s/it]\rFetching 4 files: 100%|██████████| 4/4 [01:19\u003c00:00, 19.75s/it]\n"}
,{"stream_name":"stderr","time":135.433817416,"data":"\rLoading checkpoint shards:   0%|          | 0/4 [00:00\u003c?, ?it/s]\rLoading checkpoint shards: 100%|██████████| 4/4 [00:00\u003c00:00, 81.19it/s]\n"}
,{"stream_name":"stdout","time":154.103187535,"data":"{\"task\": \"a\", \"seed\": 0, \"n\": 64, \"probe_r2\": 0.8902076678790898, \"probe_r2_pos\": 0.9005777691566819, \"probe_r2_resid\": 0.5367151741659855, \"resid_sd\": 0.8467604600306075, \"radial_fraction\": 0.4953013427878999, \"target_sd\": 7.772507010892625}\n"}
,{"stream_name":"stdout","time":163.746279784,"data":"{\"task\": \"a\", \"seed\": 1, \"n\": 64, \"probe_r2\": 0.8940343026880796, \"probe_r2_pos\": 0.8906581865569067, \"probe_r2_resid\": 0.7490254088488385, \"resid_sd\": 1.6455430059921246, \"radial_fraction\": 0.48591225530502896, \"target_sd\": 10.619116017823705}\n"}
,{"stream_name":"stdout","time":173.557682359,"data":"{\"task\": \"a\", \"seed\": 2, \"n\": 64, \"probe_r2\": 0.8902015185913796, \"probe_r2_pos\": 0.8998620829363175, \"probe_r2_resid\": 0.663911095923247, \"resid_sd\": 1.3210968021046505, \"radial_fraction\": 0.502371624566495, \"target_sd\": 7.937192415300261}\n"}
,{"stream_name":"stdout","time":183.626961403,"data":"{\"task\": \"a\", \"seed\": 3, \"n\": 64, \"probe_r2\": 0.881447095520788, \"probe_r2_pos\": 0.8947518311865967, \"probe_r2_resid\": 0.43054932265283985, \"resid_sd\": 0.9901278745646576, \"radial_fraction\": 0.50967005548485, \"target_sd\": 7.148928432595685}\n"}
,{"stream_name":"stdout","time":193.927648042,"data":"{\"task\": \"a\", \"seed\": 4, \"n\": 64, \"probe_r2\": 0.871001400247251, \"probe_r2_pos\": 0.8989294699433608, \"probe_r2_resid\": 0.7117178899686605, \"resid_sd\": 1.2079904208227195, \"radial_fraction\": 0.5094830128642726, \"target_sd\": 8.46417946314792}\n"}
,{"stream_name":"stdout","time":204.493332677,"data":"{\"task\": \"a\", \"seed\": 5, \"n\": 64, \"probe_r2\": 0.9108799497767764, \"probe_r2_pos\": 0.8973195296713595, \"probe_r2_resid\": 0.5700842239574506, \"resid_sd\": 0.9262569885990447, \"radial_fraction\": 0.44681796906035165, \"target_sd\": 9.676758157435785}\n"}
,{"stream_name":"stdout","time":215.27561577,"data":"{\"task\": \"a\", \"seed\": 6, \"n\": 64, \"probe_r2\": 0.861497065815732, \"probe_r2_pos\": 0.8837592896026136, \"probe_r2_resid\": 0.47016894468185944, \"resid_sd\": 0.8460282462767827, \"radial_fraction\": 0.49706863542707125, \"target_sd\": 7.875434015817795}\n"}
,{"stream_name":"stdout","time":226.418597191,"data":"{\"task\": \"a\", \"seed\": 7, \"n\": 64, \"probe_r2\": 0.8881482020854221, \"probe_r2_pos\": 0.8988227811069354, \"probe_r2_resid\": 0.6514371476818456, \"resid_sd\": 0.9491991711471361, \"radial_fraction\": 0.510556802944033, \"target_sd\": 10.272163062586916}\n"}
,{"stream_name":"stdout","time":237.942649867,"data":"{\"task\": \"a\", \"seed\": 8, \"n\": 64, \"probe_r2\": 0.8851767681720621, \"probe_r2_pos\": 0.8984434255611592, \"probe_r2_resid\": 0.8104807529936091, \"resid_sd\": 1.6192169567768102, \"radial_fraction\": 0.49755781521151204, \"target_sd\": 9.770811122931402}\n"}
,{"stream_name":"stdout","time":249.812763211,"data":"{\"task\": \"a\", \"seed\": 9, \"n\": 64, \"probe_r2\": 0.9136490757619076, \"probe_r2_pos\": 0.9096395197986545, \"probe_r2_resid\": 0.49701916764425014, \"resid_sd\": 0.8461519112375899, \"radial_fraction\": 0.4676141937733207, \"target_sd\": 10.935970875252686}\n"}
,{"stream_name":"stdout","time":261.9391704,"data":"{\"task\": \"a\", \"seed\": 10, \"n\": 64, \"probe_r2\": 0.9087084027545613, \"probe_r2_pos\": 0.9011757761328718, \"probe_r2_resid\": 0.6219974550920269, \"resid_sd\": 0.8033608736663196, \"radial_fraction\": 0.4573396230490192, \"target_sd\": 9.4066003879922}\n"}
,{"stream_name":"stdout","time":274.498011092,"data":"{\"task\": \"a\", \"seed\": 11, \"n\": 64, \"probe_r2\": 0.9058888371782863, \"probe_r2_pos\": 0.8978652497420254, \"probe_r2_resid\": 0.5005628965679034, \"resid_sd\": 0.7668935023113461, \"radial_fraction\": 0.49858723425338075, \"target_sd\": 9.638776159833519}\n"}
,{"stream_name":"stdout","time":286.796136813,"data":"{\"task\": \"b\", \"balanced\": true, \"seed\": 0, \"n\": 64, \"probe_r2\": 0.020801366602255733, \"radial_fraction\": 0.3770216636758507, \"winding\": 0.28991597922856055, \"dist_to_int\": 0.28991597922856055, \"max_depth\": 4}\n"}
,{"stream_name":"stdout","time":299.381093638,"data":"{\"task\": \"b\", \"balanced\": true, \"seed\": 1, \"n\": 64, \"probe_r2\": 0.8787958194747301, \"radial_fraction\": 0.44090952694665425, \"winding\": 0.7308366442050354, \"dist_to_int\": 0.26916335579496464, \"max_depth\": 16}\n"}
,{"stream_name":"stdout","time":311.567448851,"data":"{\"task\": \"b\", \"balanced\": true, \"seed\": 2, \"n\": 64, \"probe_r2\": 0.6637696388019191, \"radial_fraction\": 0.32514795570549593, \"winding\": 0.7104698918833, \"dist_to_int\": 0.2895301081167, \"max_depth\": 9}\n"}
,{"stream_name":"stdout","time":323.450791108,"data":"{\"task\": \"b\", \"balanced\": true, \"seed\": 3, \"n\": 64, \"probe_r2\": 0.21065495278329283, \"radial_fraction\": 0.21486318957091283, \"winding\": 1.3249488479054692, \"dist_to_int\": 0.3249488479054692, \"max_depth\": 5}\n"}
,{"stream_name":"stdout","time":335.090502538,"data":"{\"task\": \"b\", \"balanced\": true, \"seed\": 4, \"n\": 64, \"probe_r2\": 0.5918809328741379, \"radial_fraction\": 0.00856754005492429, \"winding\": 1.269418182373298, \"dist_to_int\": 0.26941818237329795, \"max_depth\": 8}\n"}
,{"stream_name":"stdout","time":346.781432044,"data":"{\"task\": \"b\", \"balanced\": true, \"seed\": 5, \"n\": 64, \"probe_r2\": 0.6760577442907953, \"radial_fraction\": 0.45817205990671106, \"winding\": 0.7127614971675466, \"dist_to_int\": 0.28723850283245345, \"max_depth\": 7}\n"}
,{"stream_name":"stdout","time":358.634423348,"data":"{\"task\": \"b\", \"balanced\": true, \"seed\": 6, \"n\": 64, \"probe_r2\": 0.3711750790321242, \"radial_fraction\": 0.3313144961486845, \"winding\": 2.340601905755677, \"dist_to_int\": 0.34060190575567706, \"max_depth\": 4}\n"}
,{"stream_name":"stdout","time":370.604000985,"data":"{\"task\": \"b\", \"balanced\": true, \"seed\": 7, \"n\": 64, \"probe_r2\": 0.7343751134437719, \"radial_fraction\": 0.5594465639553099, \"winding\": 0.24281786991275556, \"dist_to_int\": 0.24281786991275556, \"max_depth\": 13}\n"}
,{"stream_name":"stdout","time":382.587939043,"data":"{\"task\": \"b\", \"balanced\": true, \"seed\": 8, \"n\": 64, \"probe_r2\": 0.8260849517052069, \"radial_fraction\": 0.5555595998525049, \"winding\": 0.7811533011870393, \"dist_to_int\": 0.2188466988129607, \"max_depth\": 12}\n"}
,{"stream_name":"stdout","time":394.530568881,"data":"{\"task\": \"b\", \"balanced\": true, \"seed\": 9, \"n\": 64, \"probe_r2\": 0.7149254588891134, \"radial_fraction\": 0.3643240314442823, \"winding\": 0.7507621635584528, \"dist_to_int\": 0.24923783644154718, \"max_depth\": 10}\n"}
,{"stream_name":"stdout","time":406.424602437,"data":"{\"task\": \"b\", \"balanced\": true, \"seed\": 10, \"n\": 64, \"probe_r2\": 0.7047505498778563, \"radial_fraction\": 0.2949265037982747, \"winding\": 1.7049042735754265, \"dist_to_int\": 0.2950957264245735, \"max_depth\": 9}\n"}
,{"stream_name":"stdout","time":418.249471058,"data":"{\"task\": \"b\", \"balanced\": true, \"seed\": 11, \"n\": 64, \"probe_r2\": 0.6880961990756749, \"radial_fraction\": 0.37867959280571906, \"winding\": 0.7036115364550136, \"dist_to_int\": 0.2963884635449864, \"max_depth\": 8}\n"}
,{"stream_name":"stdout","time":430.030451036,"data":"{\"task\": \"b\", \"balanced\": false, \"seed\": 0, \"n\": 64, \"probe_r2\": 0.46014217759862963, \"radial_fraction\": 0.6029567064352546, \"winding\": 0.37307172458412446, \"dist_to_int\": 0.37307172458412446, \"max_depth\": -1}\n"}
,{"stream_name":"stdout","time":441.847222207,"data":"{\"task\": \"b\", \"balanced\": false, \"seed\": 1, \"n\": 64, \"probe_r2\": 0.6678344004669519, \"radial_fraction\": 0.19095579126943668, \"winding\": 0.647736872709845, \"dist_to_int\": 0.35226312729015496, \"max_depth\": 3}\n"}
,{"stream_name":"stdout","time":453.689858813,"data":"{\"task\": \"b\", \"balanced\": false, \"seed\": 2, \"n\": 64, \"probe_r2\": 0.8755178453909976, \"radial_fraction\": 0.2773597410701278, \"winding\": 2.5111500826667585, \"dist_to_int\": 0.48884991733324146, \"max_depth\": 4}\n"}
,{"stream_name":"stdout","time":465.552551102,"data":"{\"task\": \"b\", \"balanced\": false, \"seed\": 3, \"n\": 64, \"probe_r2\": 0.8412316318202384, \"radial_fraction\": 0.2110715991431893, \"winding\": 0.6561868005058301, \"dist_to_int\": 0.3438131994941699, \"max_depth\": 5}\n"}
,{"stream_name":"stdout","time":477.415165559,"data":"{\"task\": \"b\", \"balanced\": false, \"seed\": 4, \"n\": 64, \"probe_r2\": 0.7011970983782901, \"radial_fraction\": 0.013425909763729395, \"winding\": 1.6890401358839473, \"dist_to_int\": 0.3109598641160527, \"max_depth\": 4}\n"}
,{"stream_name":"stdout","time":489.321106452,"data":"{\"task\": \"b\", \"balanced\": false, \"seed\": 5, \"n\": 64, \"probe_r2\": 0.8398689260102514, \"radial_fraction\": 0.4370863235855718, \"winding\": 0.38856386359288736, \"dist_to_int\": 0.38856386359288736, \"max_depth\": 14}\n"}
,{"stream_name":"stdout","time":501.248922125,"data":"{\"task\": \"b\", \"balanced\": false, \"seed\": 6, \"n\": 64, \"probe_r2\": 0.5433946622709507, \"radial_fraction\": 0.3085576519815956, \"winding\": 0.6493416186844618, \"dist_to_int\": 0.35065838131553817, \"max_depth\": 4}\n"}
,{"stream_name":"stdout","time":513.199987749,"data":"{\"task\": \"b\", \"balanced\": false, \"seed\": 7, \"n\": 64, \"probe_r2\": 0.7780023502934116, \"radial_fraction\": 0.5248895301799635, \"winding\": 0.39148338785166337, \"dist_to_int\": 0.39148338785166337, \"max_depth\": 17}\n"}
,{"stream_name":"stdout","time":525.143854918,"data":"{\"task\": \"b\", \"balanced\": false, \"seed\": 8, \"n\": 64, \"probe_r2\": 0.6091147328236748, \"radial_fraction\": 0.20136983627524235, \"winding\": 0.6731981214037838, \"dist_to_int\": 0.32680187859621623, \"max_depth\": 6}\n"}
,{"stream_name":"stdout","time":537.097702917,"data":"{\"task\": \"b\", \"balanced\": false, \"seed\": 9, \"n\": 64, \"probe_r2\": 0.8945146673704947, \"radial_fraction\": 0.29632914985753844, \"winding\": 0.7130623596896002, \"dist_to_int\": 0.2869376403103998, \"max_depth\": 16}\n"}
,{"stream_name":"stdout","time":549.066572625,"data":"{\"task\": \"b\", \"balanced\": false, \"seed\": 10, \"n\": 64, \"probe_r2\": 0.7025477597944284, \"radial_fraction\": 0.508849470676216, \"winding\": 1.3237586121554228, \"dist_to_int\": 0.3237586121554228, \"max_depth\": 1}\n"}
,{"stream_name":"stdout","time":561.042081298,"data":"{\"task\": \"b\", \"balanced\": false, \"seed\": 11, \"n\": 64, \"probe_r2\": 0.7072306280121489, \"radial_fraction\": 0.4764743371396879, \"winding\": 0.2969492903074667, \"dist_to_int\": 0.2969492903074667, \"max_depth\": 9}\n"}
,{"stream_name":"stdout","time":561.042119114,"data":"\n"}
,{"stream_name":"stdout","time":561.042124854,"data":"=== SUMMARY ===\n"}
,{"stream_name":"stdout","time":561.042356637,"data":"Task a: probe R2(y_i) = +0.8917, radial fraction = 0.4899\n"}
,{"stream_name":"stdout","time":561.042589377,"data":"        probe R2(position) = +0.8977   \u003c- the confound, decoded directly\n"}
,{"stream_name":"stdout","time":561.042602414,"data":"        probe R2(y_i residual after removing position) = +0.6011   \u003c- THE TEST\n"}
,{"stream_name":"stdout","time":561.042606502,"data":"        residual sd = 1.064 counts\n"}
,{"stream_name":"stdout","time":561.042619481,"data":"  PREREG VERDICT (position-controlled): not positive\n"}
,{"stream_name":"stdout","time":561.042781304,"data":"Task b: probe R2 balanced +0.5901, unbalanced +0.7184\n"}
,{"stream_name":"stdout","time":561.042870225,"data":"  winding distance to nearest integer: balanced 0.2811, unbalanced 0.3528\n"}
,{"stream_name":"stdout","time":561.048693928,"data":"  quantisation test p = 0.0005\n"}
,{"stream_name":"stdout","time":561.048715438,"data":"  PREREG VERDICT: POSITIVE\n"}
,{"stream_name":"stdout","time":561.048720009,"data":"\n"}
,{"stream_name":"stdout","time":561.048725458,"data":"DONE\n"}
,{"stream_name":"stderr","time":566.846112244,"data":"/usr/local/lib/python3.12/dist-packages/mistune.py:435: SyntaxWarning: invalid escape sequence '\\|'\n"}
,{"stream_name":"stderr","time":566.846144771,"data":"  cells[i][c] = re.sub('\\\\\\\\\\|', '|', cell)\n"}
,{"stream_name":"stderr","time":567.106300304,"data":"/usr/local/lib/python3.12/dist-packages/nbconvert/filters/filter_links.py:36: SyntaxWarning: invalid escape sequence '\\_'\n"}
,{"stream_name":"stderr","time":567.106329204,"data":"  text = re.sub(r'_', '\\_', text) # Escape underscores in display text\n"}
,{"stream_name":"stderr","time":567.726879048,"data":"[NbConvertApp] Converting notebook __script__.ipynb to html\n"}
,{"stream_name":"stderr","time":568.718904855,"data":"[NbConvertApp] Writing 322577 bytes to __results__.html\n"}
]