[{"stream_name":"stdout","time":1.456033444,"data":"$ pip install -q 'transformers\u003e=4.50,\u003c4.54' scipy\n"}
,{"stream_name":"stdout","time":5.204049172,"data":"     ━━━━━━━━━━━━━━━━━━━━━━━━━━━━━━━━━━━━━━━━ 40.9/40.9 kB 2.5 MB/s eta 0:00:00\n"}
,{"stream_name":"stdout","time":6.269734707,"data":"   ━━━━━━━━━━━━━━━━━━━━━━━━━━━━━━━━━━━━━━━━ 10.8/10.8 MB 94.1 MB/s eta 0:00:00\n"}
,{"stream_name":"stdout","time":6.301730232,"data":"   ━━━━━━━━━━━━━━━━━━━━━━━━━━━━━━━━━━━━━━━━ 566.4/566.4 kB 34.7 MB/s eta 0:00:00\n"}
,{"stream_name":"stdout","time":6.356814257,"data":"   ━━━━━━━━━━━━━━━━━━━━━━━━━━━━━━━━━━━━━━━━ 3.1/3.1 MB 81.7 MB/s eta 0:00:00\n"}
,{"stream_name":"stdout","time":34.912174968,"data":"CUDA: True\n"}
,{"stream_name":"stderr","time":135.728656295,"data":"\rFetching 4 files:   0%|          | 0/4 [00:00\u003c?, ?it/s]\rFetching 4 files:  25%|██▌       | 1/4 [01:18\u003c03:54, 78.01s/it]\rFetching 4 files: 100%|██████████| 4/4 [01:18\u003c00:00, 19.51s/it]\n"}
,{"stream_name":"stderr","time":135.884326824,"data":"\rLoading checkpoint shards:   0%|          | 0/4 [00:00\u003c?, ?it/s]\rLoading checkpoint shards: 100%|██████████| 4/4 [00:00\u003c00:00, 58.68it/s]\n"}
,{"stream_name":"stdout","time":204.621530682,"data":"{\"n_ops\": 12, \"p_one\": 0.15, \"seed\": 0, \"answer\": 12, \"distractor\": 13, \"r_star\": 2.0, \"final_margin\": 0.4621265983078433, \"margin_at_1\": 0.38737270042484084, \"margin_max\": 1.3315825215241768}\n"}
,{"stream_name":"stdout","time":279.560737425,"data":"{\"n_ops\": 10, \"p_one\": 0.15, \"seed\": 1, \"answer\": 10, \"distractor\": 11, \"r_star\": 29.0, \"final_margin\": 0.2817598206494738, \"margin_at_1\": 0.7055817299274088, \"margin_max\": 1.8782139099237511}\n"}
,{"stream_name":"stdout","time":354.047147029,"data":"{\"n_ops\": 4, \"p_one\": 0.15, \"seed\": 2, \"answer\": 4, \"distractor\": 5, \"r_star\": 25.0, \"final_margin\": 0.33844204932963784, \"margin_at_1\": -1.253494140436275, \"margin_max\": 1.0069917958848347}\n"}
,{"stream_name":"stdout","time":429.389283088,"data":"{\"n_ops\": 8, \"p_one\": 0.15, \"seed\": 3, \"answer\": 8, \"distractor\": 9, \"r_star\": NaN, \"final_margin\": -0.23762241251826577, \"margin_at_1\": 1.1428821600169963, \"margin_max\": 1.1428821600169963}\n"}
,{"stream_name":"stdout","time":505.452673112,"data":"{\"n_ops\": 9, \"p_one\": 0.15, \"seed\": 4, \"answer\": 9, \"distractor\": 8, \"r_star\": 14.0, \"final_margin\": 0.29345657307365847, \"margin_at_1\": -0.7470861405675109, \"margin_max\": 0.6597428479562755}\n"}
,{"stream_name":"stdout","time":581.857729431,"data":"{\"n_ops\": 7, \"p_one\": 0.15, \"seed\": 5, \"answer\": 7, \"distractor\": 8, \"r_star\": NaN, \"final_margin\": -0.03881535174483197, \"margin_at_1\": 0.43503021440572276, \"margin_max\": 0.4750570311028657}\n"}
,{"stream_name":"stdout","time":658.206489254,"data":"{\"n_ops\": 6, \"p_one\": 0.15, \"seed\": 6, \"answer\": 6, \"distractor\": 7, \"r_star\": 25.0, \"final_margin\": 0.3260157132995041, \"margin_at_1\": -0.5085180005282162, \"margin_max\": 2.393198750552017}\n"}
,{"stream_name":"stdout","time":734.564549202,"data":"{\"n_ops\": 12, \"p_one\": 0.15, \"seed\": 7, \"answer\": 12, \"distractor\": 13, \"r_star\": 6.0, \"final_margin\": 0.4623784381770819, \"margin_at_1\": 4.101298373516505, \"margin_max\": 4.101298373516505}\n"}
,{"stream_name":"stdout","time":810.848914225,"data":"{\"n_ops\": 11, \"p_one\": 0.15, \"seed\": 8, \"answer\": 11, \"distractor\": 12, \"r_star\": 10.0, \"final_margin\": 0.1736633982285336, \"margin_at_1\": 0.3717344799753022, \"margin_max\": 1.05215101485049}\n"}
,{"stream_name":"stdout","time":887.124487971,"data":"{\"n_ops\": 12, \"p_one\": 0.15, \"seed\": 9, \"answer\": 12, \"distractor\": 13, \"r_star\": 2.0, \"final_margin\": 0.4376975102406071, \"margin_at_1\": -0.8686604475863247, \"margin_max\": 2.279598278294528}\n"}
,{"stream_name":"stdout","time":963.414081245,"data":"{\"n_ops\": 12, \"p_one\": 0.15, \"seed\": 10, \"answer\": 12, \"distractor\": 13, \"r_star\": 8.0, \"final_margin\": 0.4598223435823223, \"margin_at_1\": -0.7954345632220887, \"margin_max\": 2.025785639842046}\n"}
,{"stream_name":"stdout","time":1039.707325077,"data":"{\"n_ops\": 10, \"p_one\": 0.15, \"seed\": 11, \"answer\": 10, \"distractor\": 11, \"r_star\": 23.0, \"final_margin\": 0.23408532604672838, \"margin_at_1\": 2.976385943853167, \"margin_max\": 2.976385943853167}\n"}
,{"stream_name":"stdout","time":1116.038334568,"data":"{\"n_ops\": 10, \"p_one\": 0.15, \"seed\": 12, \"answer\": 10, \"distractor\": 11, \"r_star\": 19.0, \"final_margin\": 0.5101662929812858, \"margin_at_1\": 2.264454384254063, \"margin_max\": 2.264454384254063}\n"}
,{"stream_name":"stdout","time":1192.354319362,"data":"{\"n_ops\": 6, \"p_one\": 0.15, \"seed\": 13, \"answer\": 6, \"distractor\": 7, \"r_star\": 24.0, \"final_margin\": 0.33025529519627295, \"margin_at_1\": -0.33974635230101136, \"margin_max\": 3.2702971022435117}\n"}
,{"stream_name":"stdout","time":1268.744361123,"data":"{\"n_ops\": 10, \"p_one\": 0.15, \"seed\": 14, \"answer\": 10, \"distractor\": 11, \"r_star\": 23.0, \"final_margin\": 0.5204135830602168, \"margin_at_1\": 2.459301544288255, \"margin_max\": 2.972547689637624}\n"}
,{"stream_name":"stdout","time":1345.199614612,"data":"{\"n_ops\": 12, \"p_one\": 0.15, \"seed\": 15, \"answer\": 12, \"distractor\": 13, \"r_star\": 4.0, \"final_margin\": 0.4662783819007703, \"margin_at_1\": -1.0568472773106157, \"margin_max\": 1.177862924695555}\n"}
,{"stream_name":"stdout","time":1421.614865207,"data":"{\"n_ops\": 11, \"p_one\": 0.15, \"seed\": 16, \"answer\": 11, \"distractor\": 12, \"r_star\": 8.0, \"final_margin\": 0.14884084019526966, \"margin_at_1\": -0.4438089752585057, \"margin_max\": 0.8821686110346167}\n"}
,{"stream_name":"stdout","time":1498.11521676,"data":"{\"n_ops\": 11, \"p_one\": 0.15, \"seed\": 17, \"answer\": 11, \"distractor\": 12, \"r_star\": 12.0, \"final_margin\": 0.20247833400721693, \"margin_at_1\": 1.3268306913071948, \"margin_max\": 1.3268306913071948}\n"}
,{"stream_name":"stdout","time":1574.304460329,"data":"{\"n_ops\": 10, \"p_one\": 0.15, \"seed\": 18, \"answer\": 10, \"distractor\": 11, \"r_star\": 30.0, \"final_margin\": 0.30530945982901825, \"margin_at_1\": 2.128172237474897, \"margin_max\": 2.128172237474897}\n"}
,{"stream_name":"stdout","time":1650.460185175,"data":"{\"n_ops\": 6, \"p_one\": 0.15, \"seed\": 19, \"answer\": 6, \"distractor\": 7, \"r_star\": 24.0, \"final_margin\": 0.31394894759166725, \"margin_at_1\": 0.6161895113079652, \"margin_max\": 2.658185352147701}\n"}
,{"stream_name":"stdout","time":1726.68686081,"data":"{\"n_ops\": 10, \"p_one\": 0.15, \"seed\": 20, \"answer\": 10, \"distractor\": 11, \"r_star\": 24.0, \"final_margin\": 0.2998417298120828, \"margin_at_1\": 0.9597534048449043, \"margin_max\": 0.9603925015995314}\n"}
,{"stream_name":"stdout","time":1802.85678622,"data":"{\"n_ops\": 16, \"p_one\": 0.15, \"seed\": 21, \"answer\": 16, \"distractor\": 17, \"r_star\": 17.0, \"final_margin\": 0.4871790796070419, \"margin_at_1\": -2.3831648317867673, \"margin_max\": 2.9661559530542085}\n"}
,{"stream_name":"stdout","time":1879.062890408,"data":"{\"n_ops\": 10, \"p_one\": 0.15, \"seed\": 22, \"answer\": 10, \"distractor\": 11, \"r_star\": 30.0, \"final_margin\": 0.34799971314808387, \"margin_at_1\": 0.9340576445441684, \"margin_max\": 2.5176116754112776}\n"}
,{"stream_name":"stdout","time":1955.2664832,"data":"{\"n_ops\": 14, \"p_one\": 0.15, \"seed\": 23, \"answer\": 14, \"distractor\": 15, \"r_star\": 26.0, \"final_margin\": 0.02335192348497417, \"margin_at_1\": 0.5692827208558064, \"margin_max\": 0.5692827208558064}\n"}
,{"stream_name":"stdout","time":2031.443711965,"data":"{\"n_ops\": 16, \"p_one\": 0.15, \"seed\": 24, \"answer\": 16, \"distractor\": 17, \"r_star\": 18.0, \"final_margin\": 0.5800675852522836, \"margin_at_1\": 0.9951374286312902, \"margin_max\": 1.0646716890348138}\n"}
,{"stream_name":"stdout","time":2107.553787772,"data":"{\"n_ops\": 6, \"p_one\": 0.15, \"seed\": 25, \"answer\": 6, \"distractor\": 7, \"r_star\": 26.0, \"final_margin\": 0.3514064279312723, \"margin_at_1\": -1.1820555545183975, \"margin_max\": 1.7690376308591906}\n"}
,{"stream_name":"stdout","time":2183.745837342,"data":"{\"n_ops\": 9, \"p_one\": 0.15, \"seed\": 26, \"answer\": 9, \"distractor\": 8, \"r_star\": 17.0, \"final_margin\": 0.25521058791216844, \"margin_at_1\": 1.1236613423399309, \"margin_max\": 1.1236613423399309}\n"}
,{"stream_name":"stdout","time":2259.913958673,"data":"{\"n_ops\": 5, \"p_one\": 0.15, \"seed\": 27, \"answer\": 5, \"distractor\": 6, \"r_star\": 15.0, \"final_margin\": 0.11119449102686163, \"margin_at_1\": 0.8911909457432765, \"margin_max\": 0.8911909457432765}\n"}
,{"stream_name":"stdout","time":2335.982178284,"data":"{\"n_ops\": 4, \"p_one\": 0.15, \"seed\": 28, \"answer\": 4, \"distractor\": 5, \"r_star\": 26.0, \"final_margin\": 0.3070764276379949, \"margin_at_1\": 0.9424830587481843, \"margin_max\": 0.9424830587481843}\n"}
,{"stream_name":"stdout","time":2412.096180277,"data":"{\"n_ops\": 2, \"p_one\": 0.15, \"seed\": 29, \"answer\": 2, \"distractor\": 3, \"r_star\": 7.0, \"final_margin\": 0.4583853876802986, \"margin_at_1\": 1.4955820393328274, \"margin_max\": 1.4955820393328274}\n"}
,{"stream_name":"stdout","time":2488.322048597,"data":"{\"n_ops\": 8, \"p_one\": 0.15, \"seed\": 30, \"answer\": 8, \"distractor\": 9, \"r_star\": NaN, \"final_margin\": -0.2712065343318195, \"margin_at_1\": 1.4101376677442996, \"margin_max\": 1.4101376677442996}\n"}
,{"stream_name":"stdout","time":2564.569489359,"data":"{\"n_ops\": 10, \"p_one\": 0.15, \"seed\": 31, \"answer\": 10, \"distractor\": 11, \"r_star\": 19.0, \"final_margin\": 0.3597802091759059, \"margin_at_1\": -0.6172344195787733, \"margin_max\": 1.8844468587982481}\n"}
,{"stream_name":"stdout","time":2640.781003737,"data":"{\"n_ops\": 8, \"p_one\": 0.15, \"seed\": 32, \"answer\": 8, \"distractor\": 9, \"r_star\": NaN, \"final_margin\": -0.23931640919395525, \"margin_at_1\": 0.6936182868916259, \"margin_max\": 0.6936182868916259}\n"}
,{"stream_name":"stdout","time":2717.095109825,"data":"{\"n_ops\": 11, \"p_one\": 0.15, \"seed\": 33, \"answer\": 11, \"distractor\": 12, \"r_star\": 12.0, \"final_margin\": 0.1025361950320145, \"margin_at_1\": -0.7183428934148344, \"margin_max\": 0.3277615141247274}\n"}
,{"stream_name":"stdout","time":2793.470078049,"data":"{\"n_ops\": 12, \"p_one\": 0.15, \"seed\": 34, \"answer\": 12, \"distractor\": 13, \"r_star\": 2.0, \"final_margin\": 0.5393207940472768, \"margin_at_1\": -0.4985156605986285, \"margin_max\": 1.1835300568944955}\n"}
,{"stream_name":"stdout","time":2869.797819375,"data":"{\"n_ops\": 10, \"p_one\": 0.15, \"seed\": 35, \"answer\": 10, \"distractor\": 11, \"r_star\": 19.0, \"final_margin\": 0.4189804632374139, \"margin_at_1\": 1.215184727177821, \"margin_max\": 1.7921386256800362}\n"}
,{"stream_name":"stdout","time":2946.112566744,"data":"{\"n_ops\": 14, \"p_one\": 0.15, \"seed\": 36, \"answer\": 14, \"distractor\": 15, \"r_star\": 37.0, \"final_margin\": 0.02203943613450976, \"margin_at_1\": 0.9439596596643911, \"margin_max\": 1.3512466705327038}\n"}
,{"stream_name":"stdout","time":3022.363932602,"data":"{\"n_ops\": 15, \"p_one\": 0.15, \"seed\": 37, \"answer\": 15, \"distractor\": 16, \"r_star\": NaN, \"final_margin\": -0.15991167556650132, \"margin_at_1\": -1.0019334711075247, \"margin_max\": 0.9429265197751819}\n"}
,{"stream_name":"stdout","time":3098.545394368,"data":"{\"n_ops\": 10, \"p_one\": 0.15, \"seed\": 38, \"answer\": 10, \"distractor\": 11, \"r_star\": 29.0, \"final_margin\": 0.3687629914097821, \"margin_at_1\": 0.8990984984503734, \"margin_max\": 1.4439354131746867}\n"}
,{"stream_name":"stdout","time":3174.786381436,"data":"{\"n_ops\": 14, \"p_one\": 0.15, \"seed\": 39, \"answer\": 14, \"distractor\": 15, \"r_star\": 27.0, \"final_margin\": 0.03181224578342068, \"margin_at_1\": -2.1173133792532184, \"margin_max\": 0.29778638284880454}\n"}
,{"stream_name":"stdout","time":3250.938113073,"data":"{\"n_ops\": 19, \"p_one\": 0.3, \"seed\": 0, \"answer\": 19, \"distractor\": 20, \"r_star\": NaN, \"final_margin\": -0.515792767170729, \"margin_at_1\": 1.2085834642883126, \"margin_max\": 1.7088373180875536}\n"}
,{"stream_name":"stdout","time":3327.085740051,"data":"{\"n_ops\": 21, \"p_one\": 0.3, \"seed\": 1, \"answer\": 21, \"distractor\": 22, \"r_star\": 6.0, \"final_margin\": 0.4611611825568773, \"margin_at_1\": 3.4736946022154385, \"margin_max\": 3.4736946022154385}\n"}
,{"stream_name":"stdout","time":3403.186245106,"data":"{\"n_ops\": 24, \"p_one\": 0.3, \"seed\": 2, \"answer\": 24, \"distractor\": 25, \"r_star\": NaN, \"final_margin\": -0.13661834445951238, \"margin_at_1\": -1.2888241027232992, \"margin_max\": 0.8559172456138757}\n"}
,{"stream_name":"stdout","time":3479.323711617,"data":"{\"n_ops\": 19, \"p_one\": 0.3, \"seed\": 3, \"answer\": 19, \"distractor\": 20, \"r_star\": NaN, \"final_margin\": -0.5476556649358613, \"margin_at_1\": -0.0809919410792812, \"margin_max\": 1.026637793557744}\n"}
,{"stream_name":"stdout","time":3555.423841569,"data":"{\"n_ops\": 13, \"p_one\": 0.3, \"seed\": 4, \"answer\": 13, \"distractor\": 14, \"r_star\": NaN, \"final_margin\": -0.12786153132010014, \"margin_at_1\": 0.40609601499944237, \"margin_max\": 0.5337326698123839}\n"}
,{"stream_name":"stdout","time":3631.548531799,"data":"{\"n_ops\": 17, \"p_one\": 0.3, \"seed\": 5, \"answer\": 17, \"distractor\": 18, \"r_star\": 43.0, \"final_margin\": 0.015723387671554345, \"margin_at_1\": 0.18839855208396195, \"margin_max\": 1.3019283166289313}\n"}
,{"stream_name":"stdout","time":3707.711740186,"data":"{\"n_ops\": 17, \"p_one\": 0.3, \"seed\": 6, \"answer\": 17, \"distractor\": 18, \"r_star\": 30.0, \"final_margin\": 0.0635179085225257, \"margin_at_1\": -2.914179122380884, \"margin_max\": 1.620084249948735}\n"}
,{"stream_name":"stdout","time":3783.918243453,"data":"{\"n_ops\": 20, \"p_one\": 0.3, \"seed\": 7, \"answer\": 20, \"distractor\": 21, \"r_star\": 38.0, \"final_margin\": 0.041587989646072465, \"margin_at_1\": -0.18796584047172438, \"margin_max\": 0.5104177419474389}\n"}
,{"stream_name":"stdout","time":3860.171630289,"data":"{\"n_ops\": 15, \"p_one\": 0.3, \"seed\": 8, \"answer\": 15, \"distractor\": 16, \"r_star\": NaN, \"final_margin\": -0.09537376218260563, \"margin_at_1\": -0.5664045488970109, \"margin_max\": 1.069775365076561}\n"}
,{"stream_name":"stdout","time":3936.467189276,"data":"{\"n_ops\": 18, \"p_one\": 0.3, \"seed\": 9, \"answer\": 18, \"distractor\": 19, \"r_star\": 21.0, \"final_margin\": 0.44194790861403277, \"margin_at_1\": 2.660218610065736, \"margin_max\": 2.660218610065736}\n"}
,{"stream_name":"stdout","time":4012.764167091,"data":"{\"n_ops\": 17, \"p_one\": 0.3, \"seed\": 10, \"answer\": 17, \"distractor\": 18, \"r_star\": 35.0, \"final_margin\": 0.053969288310866226, \"margin_at_1\": 2.0653160534946453, \"margin_max\": 2.0653160534946453}\n"}
,{"stream_name":"stdout","time":4089.005735104,"data":"{\"n_ops\": 18, \"p_one\": 0.3, \"seed\": 11, \"answer\": 18, \"distractor\": 19, \"r_star\": 19.0, \"final_margin\": 0.4427896635893269, \"margin_at_1\": -3.4683878577913063, \"margin_max\": 1.2757615142783632}\n"}
,{"stream_name":"stdout","time":4165.286812682,"data":"{\"n_ops\": 22, \"p_one\": 0.3, \"seed\": 12, \"answer\": 22, \"distractor\": 23, \"r_star\": 35.0, \"final_margin\": 0.13156323135895542, \"margin_at_1\": 3.4872413224036656, \"margin_max\": 3.4872413224036656}\n"}
,{"stream_name":"stdout","time":4241.541742923,"data":"{\"n_ops\": 12, \"p_one\": 0.3, \"seed\": 13, \"answer\": 12, \"distractor\": 13, \"r_star\": 18.0, \"final_margin\": 0.4456615413287992, \"margin_at_1\": -1.6711745236374576, \"margin_max\": 1.8262199091665803}\n"}
,{"stream_name":"stdout","time":4317.820543168,"data":"{\"n_ops\": 17, \"p_one\": 0.3, \"seed\": 14, \"answer\": 17, \"distractor\": 18, \"r_star\": 22.0, \"final_margin\": 0.10217939440855872, \"margin_at_1\": 1.207726692035731, \"margin_max\": 2.3825779076686002}\n"}
,{"stream_name":"stdout","time":4393.992358149,"data":"{\"n_ops\": 21, \"p_one\": 0.3, \"seed\": 15, \"answer\": 21, \"distractor\": 22, \"r_star\": 9.0, \"final_margin\": 0.540121227930384, \"margin_at_1\": 1.1466605970889887, \"margin_max\": 1.4705392810608044}\n"}
,{"stream_name":"stdout","time":4470.257712106,"data":"{\"n_ops\": 18, \"p_one\": 0.3, \"seed\": 16, \"answer\": 18, \"distractor\": 19, \"r_star\": 21.0, \"final_margin\": 0.41646401838649005, \"margin_at_1\": -1.3233131681651473, \"margin_max\": 1.3769132236499573}\n"}
,{"stream_name":"stdout","time":4546.520178497,"data":"{\"n_ops\": 16, \"p_one\": 0.3, \"seed\": 17, \"answer\": 16, \"distractor\": 17, \"r_star\": 4.0, \"final_margin\": 0.5503153414726101, \"margin_at_1\": -0.5385130764524018, \"margin_max\": 1.8371607158182908}\n"}
,{"stream_name":"stdout","time":4622.886683075,"data":"{\"n_ops\": 17, \"p_one\": 0.3, \"seed\": 18, \"answer\": 17, \"distractor\": 18, \"r_star\": 43.0, \"final_margin\": 0.021374669435979765, \"margin_at_1\": -0.7235985523635096, \"margin_max\": 0.9844304398111063}\n"}
,{"stream_name":"stdout","time":4699.265738913,"data":"{\"n_ops\": 15, \"p_one\": 0.3, \"seed\": 19, \"answer\": 15, \"distractor\": 16, \"r_star\": NaN, \"final_margin\": -0.10830042937543638, \"margin_at_1\": 1.1983805796986013, \"margin_max\": 1.1983805796986013}\n"}
,{"stream_name":"stdout","time":4775.630086404,"data":"{\"n_ops\": 15, \"p_one\": 0.3, \"seed\": 20, \"answer\": 15, \"distractor\": 16, \"r_star\": NaN, \"final_margin\": -0.11585291041533852, \"margin_at_1\": -1.2483946505332906, \"margin_max\": 0.38158350653927364}\n"}
,{"stream_name":"stdout","time":4852.053998956,"data":"{\"n_ops\": 23, \"p_one\": 0.3, \"seed\": 21, \"answer\": 23, \"distractor\": 24, \"r_star\": NaN, \"final_margin\": -0.29645648405957825, \"margin_at_1\": 1.0329000020506243, \"margin_max\": 1.0329000020506243}\n"}
,{"stream_name":"stdout","time":4928.134101313,"data":"{\"n_ops\": 15, \"p_one\": 0.3, \"seed\": 22, \"answer\": 15, \"distractor\": 16, \"r_star\": NaN, \"final_margin\": -0.10828538133163512, \"margin_at_1\": 0.9655386929234053, \"margin_max\": 0.9655386929234053}\n"}
,{"stream_name":"stdout","time":5003.795460737,"data":"{\"n_ops\": 21, \"p_one\": 0.3, \"seed\": 23, \"answer\": 21, \"distractor\": 22, \"r_star\": 9.0, \"final_margin\": 0.48785701154281735, \"margin_at_1\": 1.7147776771341494, \"margin_max\": 2.727350624216977}\n"}
,{"stream_name":"stdout","time":5079.422383124,"data":"{\"n_ops\": 27, \"p_one\": 0.3, \"seed\": 24, \"answer\": 27, \"distractor\": 28, \"r_star\": 35.0, \"final_margin\": 0.030540803512847603, \"margin_at_1\": 1.4664904367424239, \"margin_max\": 1.4664904367424239}\n"}
,{"stream_name":"stdout","time":5155.042684262,"data":"{\"n_ops\": 24, \"p_one\": 0.3, \"seed\": 25, \"answer\": 24, \"distractor\": 25, \"r_star\": NaN, \"final_margin\": -0.06972649847318912, \"margin_at_1\": -1.8231071535299357, \"margin_max\": 0.08643582763120783}\n"}
,{"stream_name":"stdout","time":5230.686490248,"data":"{\"n_ops\": 22, \"p_one\": 0.3, \"seed\": 26, \"answer\": 22, \"distractor\": 23, \"r_star\": 20.0, \"final_margin\": 0.14367313751163202, \"margin_at_1\": -0.3006940193456309, \"margin_max\": 1.7317260239471741}\n"}
,{"stream_name":"stdout","time":5306.216493834,"data":"{\"n_ops\": 21, \"p_one\": 0.3, \"seed\": 27, \"answer\": 21, \"distractor\": 22, \"r_star\": 8.0, \"final_margin\": 0.43863212132651874, \"margin_at_1\": 0.3507223437278455, \"margin_max\": 2.076380830472882}\n"}
,{"stream_name":"stdout","time":5381.645354005,"data":"{\"n_ops\": 22, \"p_one\": 0.3, \"seed\": 28, \"answer\": 22, \"distractor\": 23, \"r_star\": 28.0, \"final_margin\": 0.12319894252026087, \"margin_at_1\": -1.1915492997380497, \"margin_max\": 1.8649747662477658}\n"}
,{"stream_name":"stdout","time":5457.160203183,"data":"{\"n_ops\": 24, \"p_one\": 0.3, \"seed\": 29, \"answer\": 24, \"distractor\": 25, \"r_star\": NaN, \"final_margin\": -0.07590411550062326, \"margin_at_1\": -0.44148229924515725, \"margin_max\": 0.7309215314697965}\n"}
,{"stream_name":"stdout","time":5532.593455447,"data":"{\"n_ops\": 21, \"p_one\": 0.3, \"seed\": 30, \"answer\": 21, \"distractor\": 22, \"r_star\": 7.0, \"final_margin\": 0.5227302084026482, \"margin_at_1\": 1.4238779079678494, \"margin_max\": 1.4238779079678494}\n"}
,{"stream_name":"stdout","time":5608.050541863,"data":"{\"n_ops\": 23, \"p_one\": 0.3, \"seed\": 31, \"answer\": 23, \"distractor\": 24, \"r_star\": NaN, \"final_margin\": -0.28987133233579865, \"margin_at_1\": 0.23437334747471716, \"margin_max\": 0.7529694081351872}\n"}
,{"stream_name":"stdout","time":5683.573823134,"data":"{\"n_ops\": 23, \"p_one\": 0.3, \"seed\": 32, \"answer\": 23, \"distractor\": 24, \"r_star\": NaN, \"final_margin\": -0.17625071292832395, \"margin_at_1\": 1.9692628842987308, \"margin_max\": 1.9692628842987308}\n"}
,{"stream_name":"stdout","time":5759.112248826,"data":"{\"n_ops\": 21, \"p_one\": 0.3, \"seed\": 33, \"answer\": 21, \"distractor\": 22, \"r_star\": 8.0, \"final_margin\": 0.5815883135836875, \"margin_at_1\": 2.7165995033671226, \"margin_max\": 2.7165995033671226}\n"}
,{"stream_name":"stdout","time":5834.616710351,"data":"{\"n_ops\": 19, \"p_one\": 0.3, \"seed\": 34, \"answer\": 19, \"distractor\": 20, \"r_star\": NaN, \"final_margin\": -0.44487019636689107, \"margin_at_1\": 0.18095398650521854, \"margin_max\": 0.8717330668846541}\n"}
,{"stream_name":"stdout","time":5910.226738576,"data":"{\"n_ops\": 25, \"p_one\": 0.3, \"seed\": 35, \"answer\": 25, \"distractor\": 26, \"r_star\": 22.0, \"final_margin\": 0.2704755653110409, \"margin_at_1\": 0.15463234241909518, \"margin_max\": 0.6340882847991933}\n"}
,{"stream_name":"stdout","time":5985.776032844,"data":"{\"n_ops\": 16, \"p_one\": 0.3, \"seed\": 36, \"answer\": 16, \"distractor\": 17, \"r_star\": 7.0, \"final_margin\": 0.5490415596401241, \"margin_at_1\": 2.2493365176458173, \"margin_max\": 3.018698247668075}\n"}
,{"stream_name":"stdout","time":6061.333205112,"data":"{\"n_ops\": 17, \"p_one\": 0.3, \"seed\": 37, \"answer\": 17, \"distractor\": 18, \"r_star\": 36.0, \"final_margin\": 0.06128149989851428, \"margin_at_1\": 3.345429285457671, \"margin_max\": 3.345429285457671}\n"}
,{"stream_name":"stdout","time":6136.933183225,"data":"{\"n_ops\": 18, \"p_one\": 0.3, \"seed\": 38, \"answer\": 18, \"distractor\": 19, \"r_star\": 19.0, \"final_margin\": 0.41623874363043534, \"margin_at_1\": -1.0894780372377015, \"margin_max\": 0.7496862518653309}\n"}
,{"stream_name":"stdout","time":6212.450874822,"data":"{\"n_ops\": 25, \"p_one\": 0.3, \"seed\": 39, \"answer\": 25, \"distractor\": 26, \"r_star\": 27.0, \"final_margin\": 0.19605026020384653, \"margin_at_1\": 1.1365027093975764, \"margin_max\": 1.1365027093975764}\n"}
,{"stream_name":"stdout","time":6288.011500792,"data":"{\"n_ops\": 30, \"p_one\": 0.5, \"seed\": 0, \"answer\": 30, \"distractor\": 31, \"r_star\": NaN, \"final_margin\": -0.02200017751453176, \"margin_at_1\": 3.937944587524836, \"margin_max\": 3.937944587524836}\n"}
,{"stream_name":"stdout","time":6363.623569639,"data":"{\"n_ops\": 27, \"p_one\": 0.5, \"seed\": 1, \"answer\": 27, \"distractor\": 28, \"r_star\": 31.0, \"final_margin\": 0.060900895001321675, \"margin_at_1\": 0.7940308306104988, \"margin_max\": 2.096250459481486}\n"}
,{"stream_name":"stdout","time":6439.227362904,"data":"{\"n_ops\": 38, \"p_one\": 0.5, \"seed\": 2, \"answer\": 38, \"distractor\": 39, \"r_star\": 20.0, \"final_margin\": 0.36322716112006415, \"margin_at_1\": 2.089439533602153, \"margin_max\": 2.089439533602153}\n"}
,{"stream_name":"stdout","time":6514.818782395,"data":"{\"n_ops\": 28, \"p_one\": 0.5, \"seed\": 3, \"answer\": 28, \"distractor\": 29, \"r_star\": 18.0, \"final_margin\": 0.4605433968025463, \"margin_at_1\": 1.4712667465924039, \"margin_max\": 1.4712667465924039}\n"}
,{"stream_name":"stdout","time":6590.343135837,"data":"{\"n_ops\": 31, \"p_one\": 0.5, \"seed\": 4, \"answer\": 31, \"distractor\": 32, \"r_star\": 14.0, \"final_margin\": 0.3019754616003518, \"margin_at_1\": -0.6566017831550717, \"margin_max\": 0.733163252821674}\n"}
,{"stream_name":"stdout","time":6665.917474296,"data":"{\"n_ops\": 35, \"p_one\": 0.5, \"seed\": 5, \"answer\": 35, \"distractor\": 36, \"r_star\": NaN, \"final_margin\": -0.3220130811823241, \"margin_at_1\": -0.17480767701020383, \"margin_max\": 1.4452698843755893}\n"}
,{"stream_name":"stdout","time":6741.487528751,"data":"{\"n_ops\": 30, \"p_one\": 0.5, \"seed\": 6, \"answer\": 30, \"distractor\": 31, \"r_star\": NaN, \"final_margin\": -0.12351303709384753, \"margin_at_1\": 0.9415399931837998, \"margin_max\": 0.9415399931837998}\n"}
,{"stream_name":"stdout","time":6816.926578961,"data":"{\"n_ops\": 25, \"p_one\": 0.5, \"seed\": 7, \"answer\": 25, \"distractor\": 26, \"r_star\": 22.0, \"final_margin\": 0.2279603109611088, \"margin_at_1\": 2.1807346930314893, \"margin_max\": 2.1807346930314893}\n"}
,{"stream_name":"stdout","time":6892.276754528,"data":"{\"n_ops\": 34, \"p_one\": 0.5, \"seed\": 8, \"answer\": 34, \"distractor\": 35, \"r_star\": 47.0, \"final_margin\": 0.004777431311067115, \"margin_at_1\": 2.1408312960128537, \"margin_max\": 2.1408312960128537}\n"}
,{"stream_name":"stdout","time":6967.607719442,"data":"{\"n_ops\": 27, \"p_one\": 0.5, \"seed\": 9, \"answer\": 27, \"distractor\": 28, \"r_star\": 63.0, \"final_margin\": 0.0023173191578029773, \"margin_at_1\": 0.006105442141153716, \"margin_max\": 0.10443141011929669}\n"}
,{"stream_name":"stdout","time":7042.819252676,"data":"{\"n_ops\": 39, \"p_one\": 0.5, \"seed\": 10, \"answer\": 39, \"distractor\": 40, \"r_star\": NaN, \"final_margin\": -0.21618656093744626, \"margin_at_1\": -1.1690378671123085, \"margin_max\": 0.3110671242936025}\n"}
,{"stream_name":"stdout","time":7118.008069312,"data":"{\"n_ops\": 32, \"p_one\": 0.5, \"seed\": 11, \"answer\": 32, \"distractor\": 33, \"r_star\": 26.0, \"final_margin\": 0.19234779067072516, \"margin_at_1\": -2.087117146663095, \"margin_max\": 1.0705197446331542}\n"}
,{"stream_name":"stdout","time":7193.206769529,"data":"{\"n_ops\": 25, \"p_one\": 0.5, \"seed\": 12, \"answer\": 25, \"distractor\": 26, \"r_star\": 4.0, \"final_margin\": 0.19033475519541954, \"margin_at_1\": 1.6641431881355349, \"margin_max\": 2.7289979511889877}\n"}
,{"stream_name":"stdout","time":7268.226916477,"data":"{\"n_ops\": 40, \"p_one\": 0.5, \"seed\": 13, \"answer\": 40, \"distractor\": 41, \"r_star\": NaN, \"final_margin\": -0.1473383543215756, \"margin_at_1\": 0.7002089424780547, \"margin_max\": 0.7002089424780547}\n"}
,{"stream_name":"stdout","time":7343.222386392,"data":"{\"n_ops\": 32, \"p_one\": 0.5, \"seed\": 14, \"answer\": 32, \"distractor\": 33, \"r_star\": 21.0, \"final_margin\": 0.19446682641152213, \"margin_at_1\": 0.32751088111867865, \"margin_max\": 1.245122349506783}\n"}
,{"stream_name":"stdout","time":7418.184712699,"data":"{\"n_ops\": 37, \"p_one\": 0.5, \"seed\": 15, \"answer\": 37, \"distractor\": 38, \"r_star\": 32.0, \"final_margin\": 0.06802249727155063, \"margin_at_1\": -1.2871560359691259, \"margin_max\": 1.347561097182469}\n"}
,{"stream_name":"stdout","time":7493.167249075,"data":"{\"n_ops\": 32, \"p_one\": 0.5, \"seed\": 16, \"answer\": 32, \"distractor\": 33, \"r_star\": 28.0, \"final_margin\": 0.19235390925742513, \"margin_at_1\": -0.23712424749245464, \"margin_max\": 0.5515460420587148}\n"}
,{"stream_name":"stdout","time":7568.645631224,"data":"{\"n_ops\": 36, \"p_one\": 0.5, \"seed\": 17, \"answer\": 36, \"distractor\": 37, \"r_star\": 19.0, \"final_margin\": 0.5939360876747268, \"margin_at_1\": 1.7356948695304908, \"margin_max\": 1.7356948695304908}\n"}
,{"stream_name":"stdout","time":7644.308589811,"data":"{\"n_ops\": 31, \"p_one\": 0.5, \"seed\": 18, \"answer\": 31, \"distractor\": 32, \"r_star\": 31.0, \"final_margin\": 0.32697044537050335, \"margin_at_1\": 2.19916064306784, \"margin_max\": 2.19916064306784}\n"}
,{"stream_name":"stdout","time":7720.065942166,"data":"{\"n_ops\": 26, \"p_one\": 0.5, \"seed\": 19, \"answer\": 26, \"distractor\": 27, \"r_star\": 16.0, \"final_margin\": 0.20518677633616367, \"margin_at_1\": 0.013366764314639568, \"margin_max\": 0.7671527125109581}\n"}
,{"stream_name":"stdout","time":7795.803817121,"data":"{\"n_ops\": 35, \"p_one\": 0.5, \"seed\": 20, \"answer\": 35, \"distractor\": 36, \"r_star\": NaN, \"final_margin\": -0.3551380875523802, \"margin_at_1\": 1.4527763186233331, \"margin_max\": 1.4527763186233331}\n"}
,{"stream_name":"stdout","time":7871.540035569,"data":"{\"n_ops\": 38, \"p_one\": 0.5, \"seed\": 21, \"answer\": 38, \"distractor\": 39, \"r_star\": 20.0, \"final_margin\": 0.3055948697203852, \"margin_at_1\": 1.5815168266821837, \"margin_max\": 1.5815168266821837}\n"}
,{"stream_name":"stdout","time":7947.29520787,"data":"{\"n_ops\": 31, \"p_one\": 0.5, \"seed\": 22, \"answer\": 31, \"distractor\": 32, \"r_star\": 9.0, \"final_margin\": 0.3530148253436929, \"margin_at_1\": 0.09417816620785224, \"margin_max\": 1.0938966699206567}\n"}
,{"stream_name":"stdout","time":8022.935175864,"data":"{\"n_ops\": 33, \"p_one\": 0.5, \"seed\": 23, \"answer\": 33, \"distractor\": 34, \"r_star\": 41.0, \"final_margin\": 0.025716345286149522, \"margin_at_1\": -1.2023726363500398, \"margin_max\": 0.6048472267943117}\n"}
,{"stream_name":"stdout","time":8098.565869027,"data":"{\"n_ops\": 34, \"p_one\": 0.5, \"seed\": 24, \"answer\": 34, \"distractor\": 35, \"r_star\": NaN, \"final_margin\": -0.0022657865488242557, \"margin_at_1\": -0.025449177330269634, \"margin_max\": 0.745107216118063}\n"}
,{"stream_name":"stdout","time":8174.243823302,"data":"{\"n_ops\": 31, \"p_one\": 0.5, \"seed\": 25, \"answer\": 31, \"distractor\": 32, \"r_star\": 8.0, \"final_margin\": 0.2855804318632664, \"margin_at_1\": 0.26801959495080574, \"margin_max\": 0.8930461578628144}\n"}
,{"stream_name":"stdout","time":8249.919784438,"data":"{\"n_ops\": 26, \"p_one\": 0.5, \"seed\": 26, \"answer\": 26, \"distractor\": 27, \"r_star\": 24.0, \"final_margin\": 0.19679372202688938, \"margin_at_1\": 0.11181626819032964, \"margin_max\": 1.145126342275928}\n"}
,{"stream_name":"stdout","time":8325.59133991,"data":"{\"n_ops\": 33, \"p_one\": 0.5, \"seed\": 27, \"answer\": 33, \"distractor\": 34, \"r_star\": 49.0, \"final_margin\": 0.006813675975137379, \"margin_at_1\": -2.1974290897490443, \"margin_max\": 1.3176341938869482}\n"}
,{"stream_name":"stdout","time":8401.206262377,"data":"{\"n_ops\": 29, \"p_one\": 0.5, \"seed\": 28, \"answer\": 29, \"distractor\": 30, \"r_star\": NaN, \"final_margin\": -0.5388468710840488, \"margin_at_1\": -1.3472042579367525, \"margin_max\": 1.4107159864560543}\n"}
,{"stream_name":"stdout","time":8476.812673409,"data":"{\"n_ops\": 35, \"p_one\": 0.5, \"seed\": 29, \"answer\": 35, \"distractor\": 36, \"r_star\": NaN, \"final_margin\": -0.3171355728643479, \"margin_at_1\": -1.217671668727185, \"margin_max\": 0.022943792967080157}\n"}
,{"stream_name":"stdout","time":8552.317858402,"data":"{\"n_ops\": 33, \"p_one\": 0.5, \"seed\": 30, \"answer\": 33, \"distractor\": 34, \"r_star\": 54.0, \"final_margin\": 0.018258511809262856, \"margin_at_1\": 0.6899152275912028, \"margin_max\": 0.6899152275912028}\n"}
,{"stream_name":"stdout","time":8627.70210493,"data":"{\"n_ops\": 39, \"p_one\": 0.5, \"seed\": 31, \"answer\": 39, \"distractor\": 40, \"r_star\": NaN, \"final_margin\": -0.07283187420610204, \"margin_at_1\": -2.3131882646820063, \"margin_max\": 0.30301016390370883}\n"}
,{"stream_name":"stdout","time":8703.045865262,"data":"{\"n_ops\": 34, \"p_one\": 0.5, \"seed\": 32, \"answer\": 34, \"distractor\": 35, \"r_star\": NaN, \"final_margin\": -0.01775281977162857, \"margin_at_1\": 0.2925579098463462, \"margin_max\": 1.2328267933133894}\n"}
,{"stream_name":"stdout","time":8778.428499838,"data":"{\"n_ops\": 36, \"p_one\": 0.5, \"seed\": 33, \"answer\": 36, \"distractor\": 37, \"r_star\": 21.0, \"final_margin\": 0.526142852486545, \"margin_at_1\": 0.03610980822744736, \"margin_max\": 1.1161717559820241}\n"}
,{"stream_name":"stdout","time":8853.767712377,"data":"{\"n_ops\": 32, \"p_one\": 0.5, \"seed\": 34, \"answer\": 32, \"distractor\": 33, \"r_star\": 29.0, \"final_margin\": 0.20416961632071606, \"margin_at_1\": -1.5963639750068008, \"margin_max\": 1.3530642301670772}\n"}
,{"stream_name":"stdout","time":8929.045363409,"data":"{\"n_ops\": 35, \"p_one\": 0.5, \"seed\": 35, \"answer\": 35, \"distractor\": 36, \"r_star\": NaN, \"final_margin\": -0.2733702187307445, \"margin_at_1\": 2.9098069342465758, \"margin_max\": 2.9098069342465758}\n"}
,{"stream_name":"stdout","time":9004.276432442,"data":"{\"n_ops\": 34, \"p_one\": 0.5, \"seed\": 36, \"answer\": 34, \"distractor\": 35, \"r_star\": NaN, \"final_margin\": -0.02012811034373252, \"margin_at_1\": -1.390891051300419, \"margin_max\": 1.9884118668507114}\n"}
,{"stream_name":"stdout","time":9079.445876794,"data":"{\"n_ops\": 33, \"p_one\": 0.5, \"seed\": 37, \"answer\": 33, \"distractor\": 34, \"r_star\": NaN, \"final_margin\": -0.011153657527115168, \"margin_at_1\": 0.12127879240756556, \"margin_max\": 0.8230006389818065}\n"}
,{"stream_name":"stdout","time":9154.617093537,"data":"{\"n_ops\": 31, \"p_one\": 0.5, \"seed\": 38, \"answer\": 31, \"distractor\": 32, \"r_star\": 8.0, \"final_margin\": 0.32018595651705706, \"margin_at_1\": 2.6511613634499582, \"margin_max\": 2.6511613634499582}\n"}
,{"stream_name":"stdout","time":9229.740268325,"data":"{\"n_ops\": 34, \"p_one\": 0.5, \"seed\": 39, \"answer\": 34, \"distractor\": 35, \"r_star\": NaN, \"final_margin\": -0.05571550278029891, \"margin_at_1\": 0.7837226812958562, \"margin_max\": 0.7837226812958562}\n"}
,{"stream_name":"stdout","time":9304.916350812,"data":"{\"n_ops\": 48, \"p_one\": 0.7, \"seed\": 0, \"answer\": 48, \"distractor\": 49, \"r_star\": 19.0, \"final_margin\": 0.5303194628524759, \"margin_at_1\": -0.3765616709338593, \"margin_max\": 1.1448320628243867}\n"}
,{"stream_name":"stdout","time":9380.003416865,"data":"{\"n_ops\": 44, \"p_one\": 0.7, \"seed\": 1, \"answer\": 44, \"distractor\": 45, \"r_star\": NaN, \"final_margin\": -0.08889683188513064, \"margin_at_1\": -0.5120525344937246, \"margin_max\": 0.9315473687748845}\n"}
,{"stream_name":"stdout","time":9455.138032617,"data":"{\"n_ops\": 43, \"p_one\": 0.7, \"seed\": 2, \"answer\": 43, \"distractor\": 44, \"r_star\": NaN, \"final_margin\": -0.06977991238893644, \"margin_at_1\": -2.461499914481582, \"margin_max\": 0.11544545418092778}\n"}
,{"stream_name":"stdout","time":9530.413739124,"data":"{\"n_ops\": 39, \"p_one\": 0.7, \"seed\": 3, \"answer\": 39, \"distractor\": 40, \"r_star\": NaN, \"final_margin\": -0.18134832789470456, \"margin_at_1\": 1.0561735424528056, \"margin_max\": 1.0561735424528056}\n"}
,{"stream_name":"stdout","time":9605.585998791,"data":"{\"n_ops\": 45, \"p_one\": 0.7, \"seed\": 4, \"answer\": 45, \"distractor\": 46, \"r_star\": NaN, \"final_margin\": -0.004742837817398815, \"margin_at_1\": -0.4351382926313878, \"margin_max\": 1.354298174682942}\n"}
,{"stream_name":"stdout","time":9680.692672036,"data":"{\"n_ops\": 44, \"p_one\": 0.7, \"seed\": 5, \"answer\": 44, \"distractor\": 45, \"r_star\": NaN, \"final_margin\": -0.057613839327853356, \"margin_at_1\": 1.0224802291705526, \"margin_max\": 1.0224802291705526}\n"}
,{"stream_name":"stdout","time":9755.716555272,"data":"{\"n_ops\": 50, \"p_one\": 0.7, \"seed\": 6, \"answer\": 50, \"distractor\": 51, \"r_star\": 50.0, \"final_margin\": 0.030117245715516106, \"margin_at_1\": 0.6389974506598044, \"margin_max\": 0.9444008036870706}\n"}
,{"stream_name":"stdout","time":9830.741933211,"data":"{\"n_ops\": 43, \"p_one\": 0.7, \"seed\": 7, \"answer\": 43, \"distractor\": 44, \"r_star\": NaN, \"final_margin\": -0.1011658637702113, \"margin_at_1\": -1.3663828213147458, \"margin_max\": 0.6813094554051382}\n"}
,{"stream_name":"stdout","time":9905.89048488,"data":"{\"n_ops\": 49, \"p_one\": 0.7, \"seed\": 8, \"answer\": 49, \"distractor\": 50, \"r_star\": NaN, \"final_margin\": -0.5955914555696253, \"margin_at_1\": -3.2660767333979113, \"margin_max\": 1.0652588832780543}\n"}
,{"stream_name":"stdout","time":9981.047669032,"data":"{\"n_ops\": 43, \"p_one\": 0.7, \"seed\": 9, \"answer\": 43, \"distractor\": 44, \"r_star\": NaN, \"final_margin\": -0.08857079879248264, \"margin_at_1\": -3.205021563332549, \"margin_max\": 0.039963434464641345}\n"}
,{"stream_name":"stdout","time":10056.20792994,"data":"{\"n_ops\": 49, \"p_one\": 0.7, \"seed\": 10, \"answer\": 49, \"distractor\": 50, \"r_star\": NaN, \"final_margin\": -0.7501243424498689, \"margin_at_1\": -2.6996306642729184, \"margin_max\": -0.20088120321068015}\n"}
,{"stream_name":"stdout","time":10131.433803101,"data":"{\"n_ops\": 45, \"p_one\": 0.7, \"seed\": 11, \"answer\": 45, \"distractor\": 46, \"r_star\": NaN, \"final_margin\": -0.017290517205993616, \"margin_at_1\": -0.0022865052945935105, \"margin_max\": 0.249997233542258}\n"}
,{"stream_name":"stdout","time":10206.527053318,"data":"{\"n_ops\": 38, \"p_one\": 0.7, \"seed\": 12, \"answer\": 38, \"distractor\": 39, \"r_star\": 19.0, \"final_margin\": 0.36136664447718525, \"margin_at_1\": 0.6979524016180889, \"margin_max\": 0.8399194161480139}\n"}
,{"stream_name":"stdout","time":10281.735170275,"data":"{\"n_ops\": 47, \"p_one\": 0.7, \"seed\": 13, \"answer\": 47, \"distractor\": 48, \"r_star\": NaN, \"final_margin\": -0.27359951288897655, \"margin_at_1\": 0.12089457734853148, \"margin_max\": 0.9568838663876349}\n"}
,{"stream_name":"stdout","time":10356.999388115,"data":"{\"n_ops\": 46, \"p_one\": 0.7, \"seed\": 14, \"answer\": 46, \"distractor\": 47, \"r_star\": 30.0, \"final_margin\": 0.2101667190868297, \"margin_at_1\": -0.20720098755666605, \"margin_max\": 0.977615000276236}\n"}
,{"stream_name":"stdout","time":10432.267527906,"data":"{\"n_ops\": 44, \"p_one\": 0.7, \"seed\": 15, \"answer\": 44, \"distractor\": 45, \"r_star\": NaN, \"final_margin\": -0.00877263856258459, \"margin_at_1\": -1.1874528899948427, \"margin_max\": 0.569066290434451}\n"}
,{"stream_name":"stdout","time":10507.504753148,"data":"{\"n_ops\": 37, \"p_one\": 0.7, \"seed\": 16, \"answer\": 37, \"distractor\": 38, \"r_star\": 42.0, \"final_margin\": 0.02785789232954361, \"margin_at_1\": -0.645839418511029, \"margin_max\": 1.0260774974267548}\n"}
,{"stream_name":"stdout","time":10582.690471445,"data":"{\"n_ops\": 41, \"p_one\": 0.7, \"seed\": 17, \"answer\": 41, \"distractor\": 42, \"r_star\": 8.0, \"final_margin\": 0.3034580042528412, \"margin_at_1\": 1.4643494337473903, \"margin_max\": 1.4643494337473903}\n"}
,{"stream_name":"stdout","time":10657.936643332,"data":"{\"n_ops\": 42, \"p_one\": 0.7, \"seed\": 18, \"answer\": 42, \"distractor\": 43, \"r_star\": 12.0, \"final_margin\": 0.18503175726303356, \"margin_at_1\": -1.5855339232854035, \"margin_max\": 0.9932425139633798}\n"}
,{"stream_name":"stdout","time":10733.117334574,"data":"{\"n_ops\": 45, \"p_one\": 0.7, \"seed\": 19, \"answer\": 45, \"distractor\": 46, \"r_star\": NaN, \"final_margin\": -0.024854491454746164, \"margin_at_1\": 1.095355808463454, \"margin_max\": 1.095355808463454}\n"}
,{"stream_name":"stdout","time":10808.354279386,"data":"{\"n_ops\": 36, \"p_one\": 0.7, \"seed\": 20, \"answer\": 36, \"distractor\": 37, \"r_star\": 24.0, \"final_margin\": 0.5459990424812498, \"margin_at_1\": 0.686529001123457, \"margin_max\": 1.6531637464323818}\n"}
,{"stream_name":"stdout","time":10883.542344145,"data":"{\"n_ops\": 48, \"p_one\": 0.7, \"seed\": 21, \"answer\": 48, \"distractor\": 49, \"r_star\": 21.0, \"final_margin\": 0.4973232150706486, \"margin_at_1\": -0.5021599348098835, \"margin_max\": 0.8746742208412943}\n"}
,{"stream_name":"stdout","time":10958.691471768,"data":"{\"n_ops\": 49, \"p_one\": 0.7, \"seed\": 22, \"answer\": 49, \"distractor\": 50, \"r_star\": NaN, \"final_margin\": -0.7814676860354908, \"margin_at_1\": -4.171012802901887, \"margin_max\": 0.5344274651176368}\n"}
,{"stream_name":"stdout","time":11033.814989802,"data":"{\"n_ops\": 46, \"p_one\": 0.7, \"seed\": 23, \"answer\": 46, \"distractor\": 47, \"r_star\": 23.0, \"final_margin\": 0.24967592730368926, \"margin_at_1\": 1.973859542703078, \"margin_max\": 1.973859542703078}\n"}
,{"stream_name":"stdout","time":11108.935789544,"data":"{\"n_ops\": 42, \"p_one\": 0.7, \"seed\": 24, \"answer\": 42, \"distractor\": 43, \"r_star\": 21.0, \"final_margin\": 0.189756238250693, \"margin_at_1\": -3.1072089664733973, \"margin_max\": 2.4481482182314265}\n"}
,{"stream_name":"stdout","time":11183.973849772,"data":"{\"n_ops\": 46, \"p_one\": 0.7, \"seed\": 25, \"answer\": 46, \"distractor\": 47, \"r_star\": 30.0, \"final_margin\": 0.22869647116320202, \"margin_at_1\": 0.9029611657306056, \"margin_max\": 1.531963559556309}\n"}
,{"stream_name":"stdout","time":11258.982043056,"data":"{\"n_ops\": 45, \"p_one\": 0.7, \"seed\": 26, \"answer\": 45, \"distractor\": 46, \"r_star\": 49.0, \"final_margin\": 0.02584112367856184, \"margin_at_1\": -0.027860035396367167, \"margin_max\": 0.3985444624306975}\n"}
,{"stream_name":"stdout","time":11334.058818384,"data":"{\"n_ops\": 44, \"p_one\": 0.7, \"seed\": 27, \"answer\": 44, \"distractor\": 45, \"r_star\": 46.0, \"final_margin\": 0.02494301628622031, \"margin_at_1\": -1.29454637470646, \"margin_max\": 0.3708636040822828}\n"}
,{"stream_name":"stdout","time":11409.063603656,"data":"{\"n_ops\": 43, \"p_one\": 0.7, \"seed\": 28, \"answer\": 43, \"distractor\": 44, \"r_star\": NaN, \"final_margin\": -0.08155648143242367, \"margin_at_1\": 0.8017333289789601, \"margin_max\": 0.9530865087171492}\n"}
,{"stream_name":"stdout","time":11484.267353618,"data":"{\"n_ops\": 50, \"p_one\": 0.7, \"seed\": 29, \"answer\": 50, \"distractor\": 51, \"r_star\": NaN, \"final_margin\": -0.1779485308389721, \"margin_at_1\": 1.6807811885373072, \"margin_max\": 1.6807811885373072}\n"}
,{"stream_name":"stdout","time":11559.447528654,"data":"{\"n_ops\": 44, \"p_one\": 0.7, \"seed\": 30, \"answer\": 44, \"distractor\": 45, \"r_star\": NaN, \"final_margin\": -0.02491233490126099, \"margin_at_1\": -0.17519360654293514, \"margin_max\": 0.5016380688055078}\n"}
,{"stream_name":"stdout","time":11634.651424608,"data":"{\"n_ops\": 45, \"p_one\": 0.7, \"seed\": 31, \"answer\": 45, \"distractor\": 46, \"r_star\": 21.0, \"final_margin\": 0.0770547233608716, \"margin_at_1\": 0.9749736817881667, \"margin_max\": 0.9749736817881667}\n"}
,{"stream_name":"stdout","time":11709.88196896,"data":"{\"n_ops\": 41, \"p_one\": 0.7, \"seed\": 32, \"answer\": 41, \"distractor\": 42, \"r_star\": 11.0, \"final_margin\": 0.3521256961821493, \"margin_at_1\": 1.507846773410236, \"margin_max\": 1.507846773410236}\n"}
,{"stream_name":"stdout","time":11785.236483166,"data":"{\"n_ops\": 46, \"p_one\": 0.7, \"seed\": 33, \"answer\": 46, \"distractor\": 47, \"r_star\": 28.0, \"final_margin\": 0.2141730277633771, \"margin_at_1\": -1.259929280809402, \"margin_max\": 1.126045832588492}\n"}
,{"stream_name":"stdout","time":11860.634876105,"data":"{\"n_ops\": 45, \"p_one\": 0.7, \"seed\": 34, \"answer\": 45, \"distractor\": 46, \"r_star\": 44.0, \"final_margin\": 0.04591670075926313, \"margin_at_1\": 0.04852626099270552, \"margin_max\": 0.9202049711954405}\n"}
,{"stream_name":"stdout","time":11936.006838889,"data":"{\"n_ops\": 47, \"p_one\": 0.7, \"seed\": 35, \"answer\": 47, \"distractor\": 48, \"r_star\": NaN, \"final_margin\": -0.2873434285750429, \"margin_at_1\": -0.7423642953273042, \"margin_max\": 0.16403630153680204}\n"}
,{"stream_name":"stdout","time":12011.24936913,"data":"{\"n_ops\": 46, \"p_one\": 0.7, \"seed\": 36, \"answer\": 46, \"distractor\": 47, \"r_star\": 28.0, \"final_margin\": 0.2626198738613126, \"margin_at_1\": 0.8417857603735897, \"margin_max\": 0.8417857603735897}\n"}
,{"stream_name":"stdout","time":12086.593937023,"data":"{\"n_ops\": 47, \"p_one\": 0.7, \"seed\": 37, \"answer\": 47, \"distractor\": 48, \"r_star\": NaN, \"final_margin\": -0.2746989103861708, \"margin_at_1\": -3.126870351680296, \"margin_max\": 0.16741814076478256}\n"}
,{"stream_name":"stdout","time":12161.825468881,"data":"{\"n_ops\": 50, \"p_one\": 0.7, \"seed\": 38, \"answer\": 50, \"distractor\": 51, \"r_star\": NaN, \"final_margin\": -0.12308915072328563, \"margin_at_1\": 1.5002550793162932, \"margin_max\": 1.5002550793162932}\n"}
,{"stream_name":"stdout","time":12237.050181792,"data":"{\"n_ops\": 50, \"p_one\": 0.7, \"seed\": 39, \"answer\": 50, \"distractor\": 51, \"r_star\": 63.0, \"final_margin\": 0.001124991950757881, \"margin_at_1\": 2.1820187871958794, \"margin_max\": 2.1820187871958794}\n"}
,{"stream_name":"stdout","time":12312.170644921,"data":"{\"n_ops\": 59, \"p_one\": 0.85, \"seed\": 0, \"answer\": 59, \"distractor\": 60, \"r_star\": NaN, \"final_margin\": -0.4550357779369154, \"margin_at_1\": -0.6908521944250428, \"margin_max\": 0.19246673761117705}\n"}
,{"stream_name":"stdout","time":12387.318220157,"data":"{\"n_ops\": 57, \"p_one\": 0.85, \"seed\": 1, \"answer\": 57, \"distractor\": 58, \"r_star\": NaN, \"final_margin\": -0.00707947256657393, \"margin_at_1\": 1.5218390006798792, \"margin_max\": 1.5218390006798792}\n"}
,{"stream_name":"stdout","time":12462.247184485,"data":"{\"n_ops\": 59, \"p_one\": 0.85, \"seed\": 2, \"answer\": 59, \"distractor\": 60, \"r_star\": NaN, \"final_margin\": -0.3588803597995689, \"margin_at_1\": -0.22477879386931043, \"margin_max\": 0.15026010482598373}\n"}
,{"stream_name":"stdout","time":12537.276366494,"data":"{\"n_ops\": 57, \"p_one\": 0.85, \"seed\": 3, \"answer\": 57, \"distractor\": 58, \"r_star\": 25.0, \"final_margin\": 0.056928382788389964, \"margin_at_1\": 1.1069701540544017, \"margin_max\": 1.3287041908673256}\n"}
,{"stream_name":"stdout","time":12612.304324211,"data":"{\"n_ops\": 56, \"p_one\": 0.85, \"seed\": 4, \"answer\": 56, \"distractor\": 57, \"r_star\": 20.0, \"final_margin\": 0.6195007328605331, \"margin_at_1\": 1.9309898544898285, \"margin_max\": 1.9309898544898285}\n"}
,{"stream_name":"stdout","time":12687.395397073,"data":"{\"n_ops\": 49, \"p_one\": 0.85, \"seed\": 5, \"answer\": 49, \"distractor\": 50, \"r_star\": NaN, \"final_margin\": -0.7070739995581157, \"margin_at_1\": 0.41050205906268644, \"margin_max\": 0.41050205906268644}\n"}
,{"stream_name":"stdout","time":12762.558554982,"data":"{\"n_ops\": 56, \"p_one\": 0.85, \"seed\": 6, \"answer\": 56, \"distractor\": 57, \"r_star\": 21.0, \"final_margin\": 0.6221882287864351, \"margin_at_1\": 0.7106047526890862, \"margin_max\": 1.3156945223522607}\n"}
,{"stream_name":"stdout","time":12837.680277931,"data":"{\"n_ops\": 47, \"p_one\": 0.85, \"seed\": 7, \"answer\": 47, \"distractor\": 48, \"r_star\": NaN, \"final_margin\": -0.31525879770807164, \"margin_at_1\": 0.23730829856810765, \"margin_max\": 0.39462365925511556}\n"}
,{"stream_name":"stdout","time":12912.710467113,"data":"{\"n_ops\": 54, \"p_one\": 0.85, \"seed\": 8, \"answer\": 54, \"distractor\": 55, \"r_star\": 40.0, \"final_margin\": 0.04862203412963373, \"margin_at_1\": -1.5557960127758115, \"margin_max\": 0.8568248501732061}\n"}
,{"stream_name":"stdout","time":12987.740412502,"data":"{\"n_ops\": 51, \"p_one\": 0.85, \"seed\": 9, \"answer\": 51, \"distractor\": 52, \"r_star\": 6.0, \"final_margin\": 0.8493619945547377, \"margin_at_1\": -0.1640257338279305, \"margin_max\": 1.4636187293702267}\n"}
,{"stream_name":"stdout","time":13062.751885482,"data":"{\"n_ops\": 53, \"p_one\": 0.85, \"seed\": 10, \"answer\": 53, \"distractor\": 54, \"r_star\": NaN, \"final_margin\": -0.030727570777243418, \"margin_at_1\": -0.23355153459435662, \"margin_max\": 0.6760912097309504}\n"}
,{"stream_name":"stdout","time":13137.702552107,"data":"{\"n_ops\": 55, \"p_one\": 0.85, \"seed\": 11, \"answer\": 55, \"distractor\": 56, \"r_star\": NaN, \"final_margin\": -0.3015435061489966, \"margin_at_1\": -1.7861206733818662, \"margin_max\": 0.9718479485985902}\n"}
,{"stream_name":"stdout","time":13212.677512625,"data":"{\"n_ops\": 56, \"p_one\": 0.85, \"seed\": 12, \"answer\": 56, \"distractor\": 57, \"r_star\": 18.0, \"final_margin\": 0.6280816914791933, \"margin_at_1\": 2.8383095583842035, \"margin_max\": 2.8383095583842035}\n"}
,{"stream_name":"stdout","time":13287.922587253,"data":"{\"n_ops\": 52, \"p_one\": 0.85, \"seed\": 13, \"answer\": 52, \"distractor\": 53, \"r_star\": 1.0, \"final_margin\": 0.04856169388321785, \"margin_at_1\": 1.3530593441794903, \"margin_max\": 1.3530593441794903}\n"}
,{"stream_name":"stdout","time":13363.163396241,"data":"{\"n_ops\": 49, \"p_one\": 0.85, \"seed\": 14, \"answer\": 49, \"distractor\": 50, \"r_star\": NaN, \"final_margin\": -0.6819261172793256, \"margin_at_1\": -4.747979054755175, \"margin_max\": 0.04443975627192209}\n"}
,{"stream_name":"stdout","time":13438.282380819,"data":"{\"n_ops\": 56, \"p_one\": 0.85, \"seed\": 15, \"answer\": 56, \"distractor\": 57, \"r_star\": 20.0, \"final_margin\": 0.5483717746464558, \"margin_at_1\": 0.28731746710252004, \"margin_max\": 0.5589506806194082}\n"}
,{"stream_name":"stdout","time":13513.298725683,"data":"{\"n_ops\": 51, \"p_one\": 0.85, \"seed\": 16, \"answer\": 51, \"distractor\": 52, \"r_star\": 10.0, \"final_margin\": 0.8110435997612684, \"margin_at_1\": 0.6139394229924324, \"margin_max\": 1.1083147399203739}\n"}
,{"stream_name":"stdout","time":13588.296118416,"data":"{\"n_ops\": 57, \"p_one\": 0.85, \"seed\": 17, \"answer\": 57, \"distractor\": 58, \"r_star\": 30.0, \"final_margin\": 0.023471895169824286, \"margin_at_1\": 1.7031693111331547, \"margin_max\": 1.7031693111331547}\n"}
,{"stream_name":"stdout","time":13663.282323381,"data":"{\"n_ops\": 57, \"p_one\": 0.85, \"seed\": 18, \"answer\": 57, \"distractor\": 58, \"r_star\": 10.0, \"final_margin\": 0.056777515114016186, \"margin_at_1\": 2.653819384706618, \"margin_max\": 2.653819384706618}\n"}
,{"stream_name":"stdout","time":13738.376692474,"data":"{\"n_ops\": 56, \"p_one\": 0.85, \"seed\": 19, \"answer\": 56, \"distractor\": 57, \"r_star\": 21.0, \"final_margin\": 0.6184598116858946, \"margin_at_1\": 1.1965917998892168, \"margin_max\": 1.2406370865807013}\n"}
,{"stream_name":"stdout","time":13813.698897807,"data":"{\"n_ops\": 50, \"p_one\": 0.85, \"seed\": 20, \"answer\": 50, \"distractor\": 51, \"r_star\": 27.0, \"final_margin\": 0.1258033845420834, \"margin_at_1\": 3.0602061024023133, \"margin_max\": 3.0602061024023133}\n"}
,{"stream_name":"stdout","time":13889.219262041,"data":"{\"n_ops\": 52, \"p_one\": 0.85, \"seed\": 21, \"answer\": 52, \"distractor\": 53, \"r_star\": 8.0, \"final_margin\": 0.08049212347494805, \"margin_at_1\": -1.4579468583058368, \"margin_max\": 1.3064173305382534}\n"}
,{"stream_name":"stdout","time":13964.778349044,"data":"{\"n_ops\": 52, \"p_one\": 0.85, \"seed\": 22, \"answer\": 52, \"distractor\": 53, \"r_star\": 34.0, \"final_margin\": 0.11142612898028403, \"margin_at_1\": 0.30540019733136603, \"margin_max\": 1.3338048456556795}\n"}
,{"stream_name":"stdout","time":14040.198843394,"data":"{\"n_ops\": 55, \"p_one\": 0.85, \"seed\": 23, \"answer\": 55, \"distractor\": 56, \"r_star\": NaN, \"final_margin\": -0.31900480309447765, \"margin_at_1\": 1.3158158950535412, \"margin_max\": 1.3158158950535412}\n"}
,{"stream_name":"stdout","time":14115.479444517,"data":"{\"n_ops\": 55, \"p_one\": 0.85, \"seed\": 24, \"answer\": 55, \"distractor\": 56, \"r_star\": NaN, \"final_margin\": -0.34042206858266333, \"margin_at_1\": 2.1755619690241303, \"margin_max\": 2.1755619690241303}\n"}
,{"stream_name":"stdout","time":14190.811829941,"data":"{\"n_ops\": 55, \"p_one\": 0.85, \"seed\": 25, \"answer\": 55, \"distractor\": 56, \"r_star\": NaN, \"final_margin\": -0.3664250157585016, \"margin_at_1\": 0.9431418283044337, \"margin_max\": 0.9431418283044337}\n"}
,{"stream_name":"stdout","time":14266.038529343,"data":"{\"n_ops\": 56, \"p_one\": 0.85, \"seed\": 26, \"answer\": 56, \"distractor\": 57, \"r_star\": 21.0, \"final_margin\": 0.5437548825783627, \"margin_at_1\": -1.5459986674356738, \"margin_max\": 1.1458070442020336}\n"}
,{"stream_name":"stdout","time":14341.244084852,"data":"{\"n_ops\": 53, \"p_one\": 0.85, \"seed\": 27, \"answer\": 53, \"distractor\": 54, \"r_star\": NaN, \"final_margin\": -0.041030811617302376, \"margin_at_1\": 0.18119759661009205, \"margin_max\": 0.7018031402507816}\n"}
,{"stream_name":"stdout","time":14416.417803551,"data":"{\"n_ops\": 57, \"p_one\": 0.85, \"seed\": 28, \"answer\": 57, \"distractor\": 58, \"r_star\": 50.0, \"final_margin\": 0.02981853626310116, \"margin_at_1\": 1.0444474767361012, \"margin_max\": 1.0444474767361012}\n"}
,{"stream_name":"stdout","time":14491.51963778,"data":"{\"n_ops\": 56, \"p_one\": 0.85, \"seed\": 29, \"answer\": 56, \"distractor\": 57, \"r_star\": 17.0, \"final_margin\": 0.5368247289072374, \"margin_at_1\": 1.979599553292541, \"margin_max\": 2.5101352159667076}\n"}
,{"stream_name":"stdout","time":14566.646435802,"data":"{\"n_ops\": 54, \"p_one\": 0.85, \"seed\": 30, \"answer\": 54, \"distractor\": 55, \"r_star\": 40.0, \"final_margin\": 0.0340120969822002, \"margin_at_1\": 1.9512140695539513, \"margin_max\": 1.9512140695539513}\n"}
,{"stream_name":"stdout","time":14641.838614104,"data":"{\"n_ops\": 55, \"p_one\": 0.85, \"seed\": 31, \"answer\": 55, \"distractor\": 56, \"r_star\": NaN, \"final_margin\": -0.32091250553096895, \"margin_at_1\": -0.3849294184176273, \"margin_max\": 2.1452240578609985}\n"}
,{"stream_name":"stdout","time":14716.859915401,"data":"{\"n_ops\": 52, \"p_one\": 0.85, \"seed\": 32, \"answer\": 52, \"distractor\": 53, \"r_star\": 2.0, \"final_margin\": 0.07082403237691137, \"margin_at_1\": -2.6690270664545537, \"margin_max\": 1.4684502120699428}\n"}
,{"stream_name":"stdout","time":14791.915372977,"data":"{\"n_ops\": 58, \"p_one\": 0.85, \"seed\": 33, \"answer\": 58, \"distractor\": 59, \"r_star\": 23.0, \"final_margin\": 0.3240042493597066, \"margin_at_1\": -1.158924690109016, \"margin_max\": 1.8191261592822219}\n"}
,{"stream_name":"stdout","time":14867.020708687,"data":"{\"n_ops\": 50, \"p_one\": 0.85, \"seed\": 34, \"answer\": 50, \"distractor\": 51, \"r_star\": 39.0, \"final_margin\": 0.03402628930638363, \"margin_at_1\": 1.9747995649849903, \"margin_max\": 1.9747995649849903}\n"}
,{"stream_name":"stdout","time":14942.073065429,"data":"{\"n_ops\": 54, \"p_one\": 0.85, \"seed\": 35, \"answer\": 54, \"distractor\": 55, \"r_star\": 36.0, \"final_margin\": 0.02521556380467782, \"margin_at_1\": -0.5349630882468457, \"margin_max\": 0.4371493895634124}\n"}
,{"stream_name":"stdout","time":15017.11251223,"data":"{\"n_ops\": 52, \"p_one\": 0.85, \"seed\": 36, \"answer\": 52, \"distractor\": 53, \"r_star\": 29.0, \"final_margin\": 0.08965801287495045, \"margin_at_1\": -1.7785776686019332, \"margin_max\": 1.4085549872799978}\n"}
,{"stream_name":"stdout","time":15092.167270814,"data":"{\"n_ops\": 54, \"p_one\": 0.85, \"seed\": 37, \"answer\": 54, \"distractor\": 55, \"r_star\": 16.0, \"final_margin\": 0.0634281640298413, \"margin_at_1\": 2.344083447580423, \"margin_max\": 2.344083447580423}\n"}
,{"stream_name":"stdout","time":15167.213080539,"data":"{\"n_ops\": 57, \"p_one\": 0.85, \"seed\": 38, \"answer\": 57, \"distractor\": 58, \"r_star\": 39.0, \"final_margin\": 0.029298209930533226, \"margin_at_1\": 0.34628896326294445, \"margin_max\": 2.386581977762601}\n"}
,{"stream_name":"stdout","time":15242.277382888,"data":"{\"n_ops\": 52, \"p_one\": 0.85, \"seed\": 39, \"answer\": 52, \"distractor\": 53, \"r_star\": 4.0, \"final_margin\": 0.10234396340087848, \"margin_at_1\": -1.0581740576357248, \"margin_max\": 1.5169416540000116}\n"}
,{"stream_name":"stdout","time":15242.277450616,"data":"\n"}
,{"stream_name":"stdout","time":15242.277460848,"data":"=== SUMMARY ===\n"}
,{"stream_name":"stdout","time":15242.277526631,"data":"  DISTINCT PROMPT TOKEN LENGTHS across all instances: [77]\n"}
,{"stream_name":"stdout","time":15242.277617113,"data":"  (a single value means the length confound is broken by construction)\n"}
,{"stream_name":"stdout","time":15242.278036258,"data":"  instances: 200   with a threshold: 133\n"}
,{"stream_name":"stdout","time":15242.278199912,"data":"  final margin \u003e 0 (model prefers gold): 133/200\n"}
,{"stream_name":"stdout","time":15242.278290512,"data":"  r* by difficulty:\n"}
,{"stream_name":"stdout","time":15242.278444541,"data":"    n_ops=  2: mean r* =   7.0  (n=1)\n"}
,{"stream_name":"stdout","time":15242.278533846,"data":"    n_ops=  4: mean r* =  25.5  (n=2)\n"}
,{"stream_name":"stdout","time":15242.278602999,"data":"    n_ops=  5: mean r* =  15.0  (n=1)\n"}
,{"stream_name":"stdout","time":15242.278710638,"data":"    n_ops=  6: mean r* =  24.8  (n=4)\n"}
,{"stream_name":"stdout","time":15242.27881559,"data":"    n_ops=  9: mean r* =  15.5  (n=2)\n"}
,{"stream_name":"stdout","time":15242.278878351,"data":"    n_ops= 10: mean r* =  24.5  (n=10)\n"}
,{"stream_name":"stdout","time":15242.278957455,"data":"    n_ops= 11: mean r* =  10.5  (n=4)\n"}
,{"stream_name":"stdout","time":15242.279040706,"data":"    n_ops= 12: mean r* =   6.0  (n=7)\n"}
,{"stream_name":"stdout","time":15242.2791248,"data":"    n_ops= 14: mean r* =  30.0  (n=3)\n"}
,{"stream_name":"stdout","time":15242.2792005,"data":"    n_ops= 16: mean r* =  11.5  (n=4)\n"}
,{"stream_name":"stdout","time":15242.27926571,"data":"    n_ops= 17: mean r* =  34.8  (n=6)\n"}
,{"stream_name":"stdout","time":15242.279366839,"data":"    n_ops= 18: mean r* =  20.0  (n=4)\n"}
,{"stream_name":"stdout","time":15242.279450497,"data":"    n_ops= 20: mean r* =  38.0  (n=1)\n"}
,{"stream_name":"stdout","time":15242.279510145,"data":"    n_ops= 21: mean r* =   7.8  (n=6)\n"}
,{"stream_name":"stdout","time":15242.279568757,"data":"    n_ops= 22: mean r* =  27.7  (n=3)\n"}
,{"stream_name":"stdout","time":15242.279642,"data":"    n_ops= 25: mean r* =  18.8  (n=4)\n"}
,{"stream_name":"stdout","time":15242.27973112,"data":"    n_ops= 26: mean r* =  20.0  (n=2)\n"}
,{"stream_name":"stdout","time":15242.279800615,"data":"    n_ops= 27: mean r* =  43.0  (n=3)\n"}
,{"stream_name":"stdout","time":15242.279882594,"data":"    n_ops= 28: mean r* =  18.0  (n=1)\n"}
,{"stream_name":"stdout","time":15242.279966112,"data":"    n_ops= 31: mean r* =  14.0  (n=5)\n"}
,{"stream_name":"stdout","time":15242.280058897,"data":"    n_ops= 32: mean r* =  26.0  (n=4)\n"}
,{"stream_name":"stdout","time":15242.280119799,"data":"    n_ops= 33: mean r* =  48.0  (n=3)\n"}
,{"stream_name":"stdout","time":15242.280197177,"data":"    n_ops= 34: mean r* =  47.0  (n=1)\n"}
,{"stream_name":"stdout","time":15242.280269518,"data":"    n_ops= 36: mean r* =  21.3  (n=3)\n"}
,{"stream_name":"stdout","time":15242.28034954,"data":"    n_ops= 37: mean r* =  37.0  (n=2)\n"}
,{"stream_name":"stdout","time":15242.280461028,"data":"    n_ops= 38: mean r* =  19.7  (n=3)\n"}
,{"stream_name":"stdout","time":15242.280535842,"data":"    n_ops= 41: mean r* =   9.5  (n=2)\n"}
,{"stream_name":"stdout","time":15242.280596359,"data":"    n_ops= 42: mean r* =  16.5  (n=2)\n"}
,{"stream_name":"stdout","time":15242.280665619,"data":"    n_ops= 44: mean r* =  46.0  (n=1)\n"}
,{"stream_name":"stdout","time":15242.280738213,"data":"    n_ops= 45: mean r* =  38.0  (n=3)\n"}
,{"stream_name":"stdout","time":15242.280810113,"data":"    n_ops= 46: mean r* =  27.8  (n=5)\n"}
,{"stream_name":"stdout","time":15242.280886273,"data":"    n_ops= 48: mean r* =  20.0  (n=2)\n"}
,{"stream_name":"stdout","time":15242.281029134,"data":"    n_ops= 50: mean r* =  44.8  (n=4)\n"}
,{"stream_name":"stdout","time":15242.28104568,"data":"    n_ops= 51: mean r* =   8.0  (n=2)\n"}
,{"stream_name":"stdout","time":15242.281098927,"data":"    n_ops= 52: mean r* =  13.0  (n=6)\n"}
,{"stream_name":"stdout","time":15242.281168848,"data":"    n_ops= 54: mean r* =  33.0  (n=4)\n"}
,{"stream_name":"stdout","time":15242.281250414,"data":"    n_ops= 56: mean r* =  19.7  (n=7)\n"}
,{"stream_name":"stdout","time":15242.281332969,"data":"    n_ops= 57: mean r* =  30.8  (n=5)\n"}
,{"stream_name":"stdout","time":15242.281474479,"data":"    n_ops= 58: mean r* =  23.0  (n=1)\n"}
,{"stream_name":"stdout","time":15242.292664547,"data":"\n"}
,{"stream_name":"stdout","time":15242.292681343,"data":"  THE TEST -- per-instance rho(r*, ANSWER) = +0.175, p = 0.04366, n=133 instances\n"}
,{"stream_name":"stdout","time":15242.292696957,"data":"  Prompt length is CONSTANT here, so a positive result cannot be length.\n"}
,{"stream_name":"stdout","time":15242.292818815,"data":"  VERDICT: required depth scales with the COUNT at fixed length\n"}
,{"stream_name":"stdout","time":15242.292826733,"data":"\n"}
,{"stream_name":"stdout","time":15242.292830585,"data":"DONE\n"}
,{"stream_name":"stderr","time":15248.470222244,"data":"/usr/local/lib/python3.12/dist-packages/mistune.py:435: SyntaxWarning: invalid escape sequence '\\|'\n"}
,{"stream_name":"stderr","time":15248.470253298,"data":"  cells[i][c] = re.sub('\\\\\\\\\\|', '|', cell)\n"}
,{"stream_name":"stderr","time":15248.771719584,"data":"/usr/local/lib/python3.12/dist-packages/nbconvert/filters/filter_links.py:36: SyntaxWarning: invalid escape sequence '\\_'\n"}
,{"stream_name":"stderr","time":15248.771746571,"data":"  text = re.sub(r'_', '\\_', text) # Escape underscores in display text\n"}
,{"stream_name":"stderr","time":15249.431448181,"data":"[NbConvertApp] Converting notebook __script__.ipynb to html\n"}
,{"stream_name":"stderr","time":15250.483197412,"data":"[NbConvertApp] Writing 313765 bytes to __results__.html\n"}
]