[37m2026-08-11 00:02:21,258 - [INFO] - logs file path: /var/folders/pj/kc0mj8fx5ks38zy3t9nbjfdh0000gn/T/datasphere/job_2026-08-11T00:02:21.252609[0m
[37m2026-08-11 00:02:23,048 - [INFO] - creating job ...[0m
[37m2026-08-11 00:02:29,715 - [INFO] - uploading 1 files (8.4KB) ...[0m
[37m2026-08-11 00:02:30,176 - [INFO] - files are uploaded[0m
[37m2026-08-11 00:02:30,177 - [INFO] - created job `bt1uj1rm0fhnvm82srhd`[0m
I0811 00:02:30.181088 4856497 ev_poll_posix.cc:593] FD from fork parent still in poll list: fd(19, generation: 1)
[37m2026-08-11 00:02:33,878 - [INFO] - executing job ...[0m
I0811 00:02:35.062337 4856705 ev_poll_posix.cc:593] FD from fork parent still in poll list: fd(19, generation: 1)
I0811 00:02:40.069288 4856212 fork_posix.cc:71] Other threads are currently calling into gRPC, skipping fork() handlers
I0811 00:02:40.072853 4856877 ev_poll_posix.cc:593] FD from fork parent still in poll list: fd(19, generation: 1)
I0811 00:02:53.632883 4856212 fork_posix.cc:71] Other threads are currently calling into gRPC, skipping fork() handlers
I0811 00:02:53.636021 4857296 ev_poll_posix.cc:593] FD from fork parent still in poll list: fd(22, generation: 1)
I0811 00:02:53.636104 4857296 ev_poll_posix.cc:593] FD from fork parent still in poll list: fd(19, generation: 1)
I0811 00:03:03.298322 4856212 fork_posix.cc:71] Other threads are currently calling into gRPC, skipping fork() handlers
I0811 00:03:03.300290 4857785 ev_poll_posix.cc:593] FD from fork parent still in poll list: fd(22, generation: 1)
I0811 00:03:03.300361 4857785 ev_poll_posix.cc:593] FD from fork parent still in poll list: fd(19, generation: 1)
I0811 00:03:11.705581 4856212 fork_posix.cc:71] Other threads are currently calling into gRPC, skipping fork() handlers
I0811 00:03:11.707922 4858001 ev_poll_posix.cc:593] FD from fork parent still in poll list: fd(22, generation: 1)
I0811 00:03:11.707978 4858001 ev_poll_posix.cc:593] FD from fork parent still in poll list: fd(19, generation: 1)
I0811 00:03:22.340243 4856212 fork_posix.cc:71] Other threads are currently calling into gRPC, skipping fork() handlers
I0811 00:03:22.343028 4858395 ev_poll_posix.cc:593] FD from fork parent still in poll list: fd(22, generation: 1)
I0811 00:03:22.343141 4858395 ev_poll_posix.cc:593] FD from fork parent still in poll list: fd(19, generation: 1)
2026-08-11 00:03:23,736 - [    0.0s] MOUNT-COST CLOCK: this line's wall-clock, minus the job proto's started_at, is the cost of mounting 21.56 GB. mount=/job/datasets/bt102r0j5cb8r6r6nb36 exists=True
2026-08-11 00:03:23,737 - [    0.0s] $ free -g
2026-08-11 00:03:23,737 - [    0.1s]   rc=0  total        used        free      shared  buff/cache   available
2026-08-11 00:03:23,737 - Mem:              31           1          29           0           1          29
2026-08-11 00:03:23,737 - Swap:              0           0           0
2026-08-11 00:03:23,737 - [    0.1s] $ df -h / /job/datasets/bt102r0j5cb8r6r6nb36
2026-08-11 00:03:23,737 - [    0.1s]   rc=0  Filesystem      Size  Used Avail Use% Mounted on
2026-08-11 00:03:23,737 - overlay          97G   54G   44G  56% /
2026-08-11 00:03:23,738 - /dev/vdb         25G   15G  8.4G  64% /job/datasets/bt102r0j5cb8r6r6nb36
2026-08-11 00:03:23,738 - [    0.1s] $ ls -la /job/datasets/bt102r0j5cb8r6r6nb36
2026-08-11 00:03:23,738 - [    0.1s]   rc=0  t       1566 Aug 10 20:40 .gitattributes
2026-08-11 00:03:23,738 - -rw-r--r-- 1 root root       1347 Aug 10 20:57 MANIFEST.json
2026-08-11 00:03:23,738 - -rw-r--r-- 1 root root      13691 Aug 10 20:40 README.md
2026-08-11 00:03:23,738 - -rw-r--r-- 1 root root    3015077 Aug 10 20:40 asset1.gif
2026-08-11 00:03:23,738 - -rw-r--r-- 1 root root      46921 Aug 10 20:40 asset2.jpeg
2026-08-11 00:03:23,738 - -rw-r--r-- 1 root root       1447 Aug 10 20:40 config.json
2026-08-11 00:03:23,738 - -rw-r--r-- 1 root root        178 Aug 10 20:40 generation_config.json
2026-08-11 00:03:23,738 - -rw-r--r-- 1 root root 4771970936 Aug 10 20:49 model-00001-of-00004.safetensors
2026-08-11 00:03:23,738 - -rw-r--r-- 1 root root 4744780096 Aug 10 20:51 model-00002-of-00004.safetensors
2026-08-11 00:03:23,738 - -rw-r--r-- 1 root root 4744737616 Aug 10 20:50 model-00003-of-00004.safetensors
2026-08-11 00:03:23,738 - -rw-r--r-- 1 root root 1384120448 Aug 10 20:40 model-00004-of-00004.safetensors
2026-08-11 00:03:23,738 - -rw-r--r-- 1 root root       6188 Aug 10 20:40 model.safetensors.index.json
2026-08-11 00:03:23,738 - -rw-r--r-- 1 root root       3913 Aug 10 20:40 raven_config_minimal.py
2026-08-11 00:03:23,739 - -rw-r--r-- 1 root root      88021 Aug 10 20:40 raven_modeling_minimal.py
2026-08-11 00:03:23,739 - -rw-r--r-- 1 root root        435 Aug 10 20:40 special_tokens_map.json
2026-08-11 00:03:23,739 - -rw-r--r-- 1 root root    2726482 Aug 10 20:40 tokenizer.json
2026-08-11 00:03:23,739 - -rw-r--r-- 1 root root       6624 Aug 10 20:40 tokenizer_config.json
2026-08-11 00:03:23,739 - drwxr-xr-x 2 root root       4096 Aug 10 20:57 wheels
2026-08-11 00:03:23,739 - [    0.1s] bytes on mount 15651519639 vs HF API 15651519639 ; 17 top-level files ; wheels/ present=True (0) ; symlinks=0
2026-08-11 00:03:23,739 - [    0.1s] MANIFEST: weights_ok=True, per-file sizes agree with the mount: True
2026-08-11 00:03:23,739 - [    0.1s] $ pip install --no-index --find-links=/job/datasets/bt102r0j5cb8r6r6nb36/wheels torch==2.5.1 transformers==4.53.3 accelerate safetensors datasets numpy scipy scikit-learn matplotlib pandas tqdm pyyaml
2026-08-11 00:03:24,080 - [    0.4s]   rc=1  Looking in links: /job/datasets/bt102r0j5cb8r6r6nb36/wheels
2026-08-11 00:03:24,080 - ERROR: Could not find a version that satisfies the requirement torch==2.5.1 (from versions: none)
2026-08-11 00:03:24,080 - ERROR: No matching distribution found for torch==2.5.1
2026-08-11 00:03:24,080 - [    0.4s] OFFLINE install from the mounted wheel cache: rc=1 in 0.3s
2026-08-11 00:03:24,080 - [    0.4s] $ pip install torch==2.5.1 transformers==4.53.3 accelerate safetensors datasets numpy scipy scikit-learn matplotlib pandas tqdm pyyaml
I0811 00:03:30.175012 4856212 fork_posix.cc:71] Other threads are currently calling into gRPC, skipping fork() handlers
I0811 00:03:30.178485 4858798 ev_poll_posix.cc:593] FD from fork parent still in poll list: fd(22, generation: 1)
I0811 00:03:30.178596 4858798 ev_poll_posix.cc:593] FD from fork parent still in poll list: fd(19, generation: 1)
I0811 00:03:35.562276 4856212 fork_posix.cc:71] Other threads are currently calling into gRPC, skipping fork() handlers
I0811 00:03:35.567404 4859039 ev_poll_posix.cc:593] FD from fork parent still in poll list: fd(22, generation: 1)
I0811 00:03:35.567570 4859039 ev_poll_posix.cc:593] FD from fork parent still in poll list: fd(19, generation: 1)
I0811 00:03:41.037476 4856212 fork_posix.cc:71] Other threads are currently calling into gRPC, skipping fork() handlers
I0811 00:03:41.043165 4859283 ev_poll_posix.cc:593] FD from fork parent still in poll list: fd(22, generation: 1)
I0811 00:03:41.043351 4859283 ev_poll_posix.cc:593] FD from fork parent still in poll list: fd(19, generation: 1)
I0811 00:03:46.647316 4856212 fork_posix.cc:71] Other threads are currently calling into gRPC, skipping fork() handlers
I0811 00:03:46.652444 4859527 ev_poll_posix.cc:593] FD from fork parent still in poll list: fd(22, generation: 1)
I0811 00:03:46.652568 4859527 ev_poll_posix.cc:593] FD from fork parent still in poll list: fd(19, generation: 1)
I0811 00:03:52.044616 4856212 fork_posix.cc:71] Other threads are currently calling into gRPC, skipping fork() handlers
I0811 00:03:52.046411 4859775 ev_poll_posix.cc:593] FD from fork parent still in poll list: fd(22, generation: 1)
I0811 00:03:52.046785 4859775 ev_poll_posix.cc:593] FD from fork parent still in poll list: fd(19, generation: 1)
I0811 00:03:52.046801 4859775 ev_poll_posix.cc:593] FD from fork parent still in poll list: fd(22, generation: 1)
I0811 00:03:52.046812 4859775 ev_poll_posix.cc:593] FD from fork parent still in poll list: fd(19, generation: 1)
I0811 00:03:52.046863 4859775 ev_poll_posix.cc:593] FD from fork parent still in poll list: fd(22, generation: 1)
I0811 00:03:59.054841 4856212 fork_posix.cc:71] Other threads are currently calling into gRPC, skipping fork() handlers
I0811 00:03:59.056640 4860138 ev_poll_posix.cc:593] FD from fork parent still in poll list: fd(22, generation: 1)
I0811 00:03:59.056696 4860138 ev_poll_posix.cc:593] FD from fork parent still in poll list: fd(19, generation: 1)
I0811 00:04:06.754966 4856212 fork_posix.cc:71] Other threads are currently calling into gRPC, skipping fork() handlers
I0811 00:04:06.759769 4860534 ev_poll_posix.cc:593] FD from fork parent still in poll list: fd(22, generation: 1)
I0811 00:04:06.759932 4860534 ev_poll_posix.cc:593] FD from fork parent still in poll list: fd(19, generation: 1)
I0811 00:04:06.759964 4860534 ev_poll_posix.cc:593] FD from fork parent still in poll list: fd(22, generation: 1)
I0811 00:04:06.759976 4860534 ev_poll_posix.cc:593] FD from fork parent still in poll list: fd(19, generation: 1)
I0811 00:04:06.759987 4860534 ev_poll_posix.cc:593] FD from fork parent still in poll list: fd(22, generation: 1)
I0811 00:04:06.759993 4860534 ev_poll_posix.cc:593] FD from fork parent still in poll list: fd(19, generation: 1)
I0811 00:04:06.759999 4860534 ev_poll_posix.cc:593] FD from fork parent still in poll list: fd(22, generation: 1)
I0811 00:04:06.760005 4860534 ev_poll_posix.cc:593] FD from fork parent still in poll list: fd(19, generation: 1)
I0811 00:04:06.760011 4860534 ev_poll_posix.cc:593] FD from fork parent still in poll list: fd(22, generation: 1)
I0811 00:04:06.760017 4860534 ev_poll_posix.cc:593] FD from fork parent still in poll list: fd(19, generation: 1)
I0811 00:04:06.760024 4860534 ev_poll_posix.cc:593] FD from fork parent still in poll list: fd(22, generation: 1)
I0811 00:04:06.760029 4860534 ev_poll_posix.cc:593] FD from fork parent still in poll list: fd(19, generation: 1)
I0811 00:04:06.760035 4860534 ev_poll_posix.cc:593] FD from fork parent still in poll list: fd(22, generation: 1)
I0811 00:04:06.760040 4860534 ev_poll_posix.cc:593] FD from fork parent still in poll list: fd(19, generation: 1)
I0811 00:04:06.760047 4860534 ev_poll_posix.cc:593] FD from fork parent still in poll list: fd(22, generation: 1)
I0811 00:04:06.760053 4860534 ev_poll_posix.cc:593] FD from fork parent still in poll list: fd(19, generation: 1)
I0811 00:04:06.760059 4860534 ev_poll_posix.cc:593] FD from fork parent still in poll list: fd(22, generation: 1)
I0811 00:04:06.760065 4860534 ev_poll_posix.cc:593] FD from fork parent still in poll list: fd(19, generation: 1)
I0811 00:04:06.760071 4860534 ev_poll_posix.cc:593] FD from fork parent still in poll list: fd(22, generation: 1)
I0811 00:04:06.760076 4860534 ev_poll_posix.cc:593] FD from fork parent still in poll list: fd(19, generation: 1)
I0811 00:04:06.760081 4860534 ev_poll_posix.cc:593] FD from fork parent still in poll list: fd(22, generation: 1)
I0811 00:04:06.760086 4860534 ev_poll_posix.cc:593] FD from fork parent still in poll list: fd(19, generation: 1)
I0811 00:04:06.760093 4860534 ev_poll_posix.cc:593] FD from fork parent still in poll list: fd(22, generation: 1)
I0811 00:04:06.760098 4860534 ev_poll_posix.cc:593] FD from fork parent still in poll list: fd(19, generation: 1)
I0811 00:04:06.760104 4860534 ev_poll_posix.cc:593] FD from fork parent still in poll list: fd(22, generation: 1)
I0811 00:04:06.760111 4860534 ev_poll_posix.cc:593] FD from fork parent still in poll list: fd(19, generation: 1)
I0811 00:04:06.760119 4860534 ev_poll_posix.cc:593] FD from fork parent still in poll list: fd(22, generation: 1)
I0811 00:04:06.760125 4860534 ev_poll_posix.cc:593] FD from fork parent still in poll list: fd(19, generation: 1)
I0811 00:04:06.760131 4860534 ev_poll_posix.cc:593] FD from fork parent still in poll list: fd(22, generation: 1)
I0811 00:04:06.760136 4860534 ev_poll_posix.cc:593] FD from fork parent still in poll list: fd(19, generation: 1)
I0811 00:04:06.760199 4860534 ev_poll_posix.cc:593] FD from fork parent still in poll list: fd(22, generation: 1)
I0811 00:04:06.760263 4860534 ev_poll_posix.cc:593] FD from fork parent still in poll list: fd(19, generation: 1)
I0811 00:04:06.760274 4860534 ev_poll_posix.cc:593] FD from fork parent still in poll list: fd(22, generation: 1)
I0811 00:04:06.760303 4860534 ev_poll_posix.cc:593] FD from fork parent still in poll list: fd(19, generation: 1)
I0811 00:04:06.760311 4860534 ev_poll_posix.cc:593] FD from fork parent still in poll list: fd(22, generation: 1)
I0811 00:04:06.760316 4860534 ev_poll_posix.cc:593] FD from fork parent still in poll list: fd(19, generation: 1)
I0811 00:04:06.760320 4860534 ev_poll_posix.cc:593] FD from fork parent still in poll list: fd(22, generation: 1)
I0811 00:04:06.760323 4860534 ev_poll_posix.cc:593] FD from fork parent still in poll list: fd(19, generation: 1)
I0811 00:04:06.760327 4860534 ev_poll_posix.cc:593] FD from fork parent still in poll list: fd(22, generation: 1)
I0811 00:04:06.760330 4860534 ev_poll_posix.cc:593] FD from fork parent still in poll list: fd(19, generation: 1)
I0811 00:04:06.760333 4860534 ev_poll_posix.cc:593] FD from fork parent still in poll list: fd(22, generation: 1)
I0811 00:04:06.760336 4860534 ev_poll_posix.cc:593] FD from fork parent still in poll list: fd(19, generation: 1)
I0811 00:04:06.760339 4860534 ev_poll_posix.cc:593] FD from fork parent still in poll list: fd(22, generation: 1)
I0811 00:04:06.760342 4860534 ev_poll_posix.cc:593] FD from fork parent still in poll list: fd(19, generation: 1)
I0811 00:04:06.760346 4860534 ev_poll_posix.cc:593] FD from fork parent still in poll list: fd(22, generation: 1)
I0811 00:04:06.760349 4860534 ev_poll_posix.cc:593] FD from fork parent still in poll list: fd(19, generation: 1)
I0811 00:04:06.760353 4860534 ev_poll_posix.cc:593] FD from fork parent still in poll list: fd(22, generation: 1)
I0811 00:04:06.760356 4860534 ev_poll_posix.cc:593] FD from fork parent still in poll list: fd(19, generation: 1)
I0811 00:04:06.760360 4860534 ev_poll_posix.cc:593] FD from fork parent still in poll list: fd(22, generation: 1)
I0811 00:04:06.760363 4860534 ev_poll_posix.cc:593] FD from fork parent still in poll list: fd(19, generation: 1)
I0811 00:04:06.760367 4860534 ev_poll_posix.cc:593] FD from fork parent still in poll list: fd(22, generation: 1)
I0811 00:04:06.760370 4860534 ev_poll_posix.cc:593] FD from fork parent still in poll list: fd(19, generation: 1)
I0811 00:04:06.760374 4860534 ev_poll_posix.cc:593] FD from fork parent still in poll list: fd(22, generation: 1)
I0811 00:04:06.760377 4860534 ev_poll_posix.cc:593] FD from fork parent still in poll list: fd(19, generation: 1)
I0811 00:04:06.760380 4860534 ev_poll_posix.cc:593] FD from fork parent still in poll list: fd(22, generation: 1)
I0811 00:04:06.760384 4860534 ev_poll_posix.cc:593] FD from fork parent still in poll list: fd(19, generation: 1)
I0811 00:04:06.760387 4860534 ev_poll_posix.cc:593] FD from fork parent still in poll list: fd(22, generation: 1)
I0811 00:04:06.760390 4860534 ev_poll_posix.cc:593] FD from fork parent still in poll list: fd(19, generation: 1)
I0811 00:04:06.760395 4860534 ev_poll_posix.cc:593] FD from fork parent still in poll list: fd(22, generation: 1)
I0811 00:04:06.760398 4860534 ev_poll_posix.cc:593] FD from fork parent still in poll list: fd(19, generation: 1)
I0811 00:04:06.760402 4860534 ev_poll_posix.cc:593] FD from fork parent still in poll list: fd(22, generation: 1)
I0811 00:04:06.760405 4860534 ev_poll_posix.cc:593] FD from fork parent still in poll list: fd(19, generation: 1)
I0811 00:04:06.760409 4860534 ev_poll_posix.cc:593] FD from fork parent still in poll list: fd(22, generation: 1)
I0811 00:04:06.760412 4860534 ev_poll_posix.cc:593] FD from fork parent still in poll list: fd(19, generation: 1)
I0811 00:04:06.760415 4860534 ev_poll_posix.cc:593] FD from fork parent still in poll list: fd(22, generation: 1)
I0811 00:04:06.760418 4860534 ev_poll_posix.cc:593] FD from fork parent still in poll list: fd(19, generation: 1)
I0811 00:04:06.760422 4860534 ev_poll_posix.cc:593] FD from fork parent still in poll list: fd(22, generation: 1)
I0811 00:04:06.760425 4860534 ev_poll_posix.cc:593] FD from fork parent still in poll list: fd(19, generation: 1)
I0811 00:04:06.760431 4860534 ev_poll_posix.cc:593] FD from fork parent still in poll list: fd(22, generation: 1)
I0811 00:04:06.760448 4860534 ev_poll_posix.cc:593] FD from fork parent still in poll list: fd(19, generation: 1)
I0811 00:04:06.760453 4860534 ev_poll_posix.cc:593] FD from fork parent still in poll list: fd(22, generation: 1)
I0811 00:04:06.760460 4860534 ev_poll_posix.cc:593] FD from fork parent still in poll list: fd(19, generation: 1)
I0811 00:04:06.760466 4860534 ev_poll_posix.cc:593] FD from fork parent still in poll list: fd(22, generation: 1)
I0811 00:04:06.760469 4860534 ev_poll_posix.cc:593] FD from fork parent still in poll list: fd(19, generation: 1)
I0811 00:04:06.760475 4860534 ev_poll_posix.cc:593] FD from fork parent still in poll list: fd(22, generation: 1)
I0811 00:04:06.760479 4860534 ev_poll_posix.cc:593] FD from fork parent still in poll list: fd(19, generation: 1)
I0811 00:04:06.760482 4860534 ev_poll_posix.cc:593] FD from fork parent still in poll list: fd(22, generation: 1)
I0811 00:04:06.760486 4860534 ev_poll_posix.cc:593] FD from fork parent still in poll list: fd(19, generation: 1)
I0811 00:04:06.760489 4860534 ev_poll_posix.cc:593] FD from fork parent still in poll list: fd(22, generation: 1)
I0811 00:04:06.760492 4860534 ev_poll_posix.cc:593] FD from fork parent still in poll list: fd(19, generation: 1)
I0811 00:04:06.760495 4860534 ev_poll_posix.cc:593] FD from fork parent still in poll list: fd(22, generation: 1)
I0811 00:04:06.760499 4860534 ev_poll_posix.cc:593] FD from fork parent still in poll list: fd(19, generation: 1)
I0811 00:04:06.760502 4860534 ev_poll_posix.cc:593] FD from fork parent still in poll list: fd(22, generation: 1)
I0811 00:04:06.760505 4860534 ev_poll_posix.cc:593] FD from fork parent still in poll list: fd(19, generation: 1)
I0811 00:04:06.760508 4860534 ev_poll_posix.cc:593] FD from fork parent still in poll list: fd(22, generation: 1)
I0811 00:04:06.760511 4860534 ev_poll_posix.cc:593] FD from fork parent still in poll list: fd(19, generation: 1)
I0811 00:04:06.760515 4860534 ev_poll_posix.cc:593] FD from fork parent still in poll list: fd(22, generation: 1)
I0811 00:04:06.760518 4860534 ev_poll_posix.cc:593] FD from fork parent still in poll list: fd(19, generation: 1)
I0811 00:04:06.760522 4860534 ev_poll_posix.cc:593] FD from fork parent still in poll list: fd(22, generation: 1)
I0811 00:04:06.760524 4860534 ev_poll_posix.cc:593] FD from fork parent still in poll list: fd(19, generation: 1)
I0811 00:04:06.760528 4860534 ev_poll_posix.cc:593] FD from fork parent still in poll list: fd(22, generation: 1)
I0811 00:04:06.760532 4860534 ev_poll_posix.cc:593] FD from fork parent still in poll list: fd(19, generation: 1)
I0811 00:04:06.760536 4860534 ev_poll_posix.cc:593] FD from fork parent still in poll list: fd(22, generation: 1)
I0811 00:04:06.760538 4860534 ev_poll_posix.cc:593] FD from fork parent still in poll list: fd(19, generation: 1)
I0811 00:04:06.760542 4860534 ev_poll_posix.cc:593] FD from fork parent still in poll list: fd(22, generation: 1)
I0811 00:04:06.760545 4860534 ev_poll_posix.cc:593] FD from fork parent still in poll list: fd(19, generation: 1)
I0811 00:04:06.760548 4860534 ev_poll_posix.cc:593] FD from fork parent still in poll list: fd(22, generation: 1)
I0811 00:04:06.760551 4860534 ev_poll_posix.cc:593] FD from fork parent still in poll list: fd(19, generation: 1)
I0811 00:04:06.760555 4860534 ev_poll_posix.cc:593] FD from fork parent still in poll list: fd(22, generation: 1)
I0811 00:04:06.760558 4860534 ev_poll_posix.cc:593] FD from fork parent still in poll list: fd(19, generation: 1)
I0811 00:04:06.760561 4860534 ev_poll_posix.cc:593] FD from fork parent still in poll list: fd(22, generation: 1)
I0811 00:04:06.760565 4860534 ev_poll_posix.cc:593] FD from fork parent still in poll list: fd(19, generation: 1)
I0811 00:04:06.760571 4860534 ev_poll_posix.cc:593] FD from fork parent still in poll list: fd(22, generation: 1)
I0811 00:04:06.760575 4860534 ev_poll_posix.cc:593] FD from fork parent still in poll list: fd(19, generation: 1)
I0811 00:04:06.760581 4860534 ev_poll_posix.cc:593] FD from fork parent still in poll list: fd(22, generation: 1)
I0811 00:04:06.760590 4860534 ev_poll_posix.cc:593] FD from fork parent still in poll list: fd(19, generation: 1)
I0811 00:04:06.760593 4860534 ev_poll_posix.cc:593] FD from fork parent still in poll list: fd(22, generation: 1)
I0811 00:04:06.760596 4860534 ev_poll_posix.cc:593] FD from fork parent still in poll list: fd(19, generation: 1)
I0811 00:04:06.760599 4860534 ev_poll_posix.cc:593] FD from fork parent still in poll list: fd(22, generation: 1)
I0811 00:04:06.760602 4860534 ev_poll_posix.cc:593] FD from fork parent still in poll list: fd(19, generation: 1)
I0811 00:04:06.760605 4860534 ev_poll_posix.cc:593] FD from fork parent still in poll list: fd(22, generation: 1)
I0811 00:04:06.760608 4860534 ev_poll_posix.cc:593] FD from fork parent still in poll list: fd(19, generation: 1)
I0811 00:04:06.760612 4860534 ev_poll_posix.cc:593] FD from fork parent still in poll list: fd(22, generation: 1)
I0811 00:04:06.760615 4860534 ev_poll_posix.cc:593] FD from fork parent still in poll list: fd(19, generation: 1)
I0811 00:04:06.760619 4860534 ev_poll_posix.cc:593] FD from fork parent still in poll list: fd(22, generation: 1)
I0811 00:04:06.760621 4860534 ev_poll_posix.cc:593] FD from fork parent still in poll list: fd(19, generation: 1)
I0811 00:04:06.760625 4860534 ev_poll_posix.cc:593] FD from fork parent still in poll list: fd(22, generation: 1)
I0811 00:04:06.760628 4860534 ev_poll_posix.cc:593] FD from fork parent still in poll list: fd(19, generation: 1)
I0811 00:04:06.760631 4860534 ev_poll_posix.cc:593] FD from fork parent still in poll list: fd(22, generation: 1)
I0811 00:04:06.760633 4860534 ev_poll_posix.cc:593] FD from fork parent still in poll list: fd(19, generation: 1)
I0811 00:04:06.760637 4860534 ev_poll_posix.cc:593] FD from fork parent still in poll list: fd(22, generation: 1)
I0811 00:04:06.760639 4860534 ev_poll_posix.cc:593] FD from fork parent still in poll list: fd(19, generation: 1)
I0811 00:04:06.760643 4860534 ev_poll_posix.cc:593] FD from fork parent still in poll list: fd(22, generation: 1)
I0811 00:04:06.760646 4860534 ev_poll_posix.cc:593] FD from fork parent still in poll list: fd(19, generation: 1)
I0811 00:04:06.760649 4860534 ev_poll_posix.cc:593] FD from fork parent still in poll list: fd(22, generation: 1)
I0811 00:04:06.760652 4860534 ev_poll_posix.cc:593] FD from fork parent still in poll list: fd(19, generation: 1)
I0811 00:04:06.760655 4860534 ev_poll_posix.cc:593] FD from fork parent still in poll list: fd(22, generation: 1)
I0811 00:04:06.760658 4860534 ev_poll_posix.cc:593] FD from fork parent still in poll list: fd(19, generation: 1)
I0811 00:04:06.760661 4860534 ev_poll_posix.cc:593] FD from fork parent still in poll list: fd(22, generation: 1)
I0811 00:04:06.760664 4860534 ev_poll_posix.cc:593] FD from fork parent still in poll list: fd(19, generation: 1)
I0811 00:04:06.760668 4860534 ev_poll_posix.cc:593] FD from fork parent still in poll list: fd(22, generation: 1)
I0811 00:04:06.760670 4860534 ev_poll_posix.cc:593] FD from fork parent still in poll list: fd(19, generation: 1)
I0811 00:04:06.760673 4860534 ev_poll_posix.cc:593] FD from fork parent still in poll list: fd(22, generation: 1)
I0811 00:04:06.760676 4860534 ev_poll_posix.cc:593] FD from fork parent still in poll list: fd(19, generation: 1)
I0811 00:04:06.760680 4860534 ev_poll_posix.cc:593] FD from fork parent still in poll list: fd(22, generation: 1)
I0811 00:04:06.760682 4860534 ev_poll_posix.cc:593] FD from fork parent still in poll list: fd(19, generation: 1)
I0811 00:04:06.760686 4860534 ev_poll_posix.cc:593] FD from fork parent still in poll list: fd(22, generation: 1)
I0811 00:04:06.760689 4860534 ev_poll_posix.cc:593] FD from fork parent still in poll list: fd(19, generation: 1)
I0811 00:04:06.760693 4860534 ev_poll_posix.cc:593] FD from fork parent still in poll list: fd(22, generation: 1)
I0811 00:04:06.760696 4860534 ev_poll_posix.cc:593] FD from fork parent still in poll list: fd(19, generation: 1)
I0811 00:04:06.760700 4860534 ev_poll_posix.cc:593] FD from fork parent still in poll list: fd(22, generation: 1)
I0811 00:04:06.760708 4860534 ev_poll_posix.cc:593] FD from fork parent still in poll list: fd(19, generation: 1)
I0811 00:04:06.760711 4860534 ev_poll_posix.cc:593] FD from fork parent still in poll list: fd(22, generation: 1)
I0811 00:04:06.760714 4860534 ev_poll_posix.cc:593] FD from fork parent still in poll list: fd(19, generation: 1)
I0811 00:04:06.760717 4860534 ev_poll_posix.cc:593] FD from fork parent still in poll list: fd(22, generation: 1)
I0811 00:04:06.760720 4860534 ev_poll_posix.cc:593] FD from fork parent still in poll list: fd(19, generation: 1)
I0811 00:04:06.760723 4860534 ev_poll_posix.cc:593] FD from fork parent still in poll list: fd(22, generation: 1)
I0811 00:04:06.760726 4860534 ev_poll_posix.cc:593] FD from fork parent still in poll list: fd(19, generation: 1)
I0811 00:04:06.760730 4860534 ev_poll_posix.cc:593] FD from fork parent still in poll list: fd(22, generation: 1)
I0811 00:04:06.760733 4860534 ev_poll_posix.cc:593] FD from fork parent still in poll list: fd(19, generation: 1)
I0811 00:04:06.760736 4860534 ev_poll_posix.cc:593] FD from fork parent still in poll list: fd(22, generation: 1)
I0811 00:04:06.760739 4860534 ev_poll_posix.cc:593] FD from fork parent still in poll list: fd(19, generation: 1)
I0811 00:04:06.760742 4860534 ev_poll_posix.cc:593] FD from fork parent still in poll list: fd(22, generation: 1)
I0811 00:04:06.760745 4860534 ev_poll_posix.cc:593] FD from fork parent still in poll list: fd(19, generation: 1)
I0811 00:04:06.760748 4860534 ev_poll_posix.cc:593] FD from fork parent still in poll list: fd(22, generation: 1)
I0811 00:04:06.760751 4860534 ev_poll_posix.cc:593] FD from fork parent still in poll list: fd(19, generation: 1)
I0811 00:04:06.760755 4860534 ev_poll_posix.cc:593] FD from fork parent still in poll list: fd(22, generation: 1)
I0811 00:04:06.760758 4860534 ev_poll_posix.cc:593] FD from fork parent still in poll list: fd(19, generation: 1)
I0811 00:04:06.760762 4860534 ev_poll_posix.cc:593] FD from fork parent still in poll list: fd(22, generation: 1)
I0811 00:04:06.760765 4860534 ev_poll_posix.cc:593] FD from fork parent still in poll list: fd(19, generation: 1)
I0811 00:04:06.760768 4860534 ev_poll_posix.cc:593] FD from fork parent still in poll list: fd(22, generation: 1)
I0811 00:04:06.760771 4860534 ev_poll_posix.cc:593] FD from fork parent still in poll list: fd(19, generation: 1)
I0811 00:04:06.760774 4860534 ev_poll_posix.cc:593] FD from fork parent still in poll list: fd(22, generation: 1)
I0811 00:04:06.760778 4860534 ev_poll_posix.cc:593] FD from fork parent still in poll list: fd(19, generation: 1)
I0811 00:04:06.760782 4860534 ev_poll_posix.cc:593] FD from fork parent still in poll list: fd(22, generation: 1)
I0811 00:04:06.760785 4860534 ev_poll_posix.cc:593] FD from fork parent still in poll list: fd(19, generation: 1)
I0811 00:04:06.760788 4860534 ev_poll_posix.cc:593] FD from fork parent still in poll list: fd(22, generation: 1)
I0811 00:04:06.760791 4860534 ev_poll_posix.cc:593] FD from fork parent still in poll list: fd(19, generation: 1)
I0811 00:04:06.760795 4860534 ev_poll_posix.cc:593] FD from fork parent still in poll list: fd(22, generation: 1)
I0811 00:04:06.760798 4860534 ev_poll_posix.cc:593] FD from fork parent still in poll list: fd(19, generation: 1)
I0811 00:04:06.760802 4860534 ev_poll_posix.cc:593] FD from fork parent still in poll list: fd(22, generation: 1)
I0811 00:04:06.760805 4860534 ev_poll_posix.cc:593] FD from fork parent still in poll list: fd(19, generation: 1)
I0811 00:04:06.760809 4860534 ev_poll_posix.cc:593] FD from fork parent still in poll list: fd(22, generation: 1)
I0811 00:04:06.760812 4860534 ev_poll_posix.cc:593] FD from fork parent still in poll list: fd(19, generation: 1)
I0811 00:04:06.760818 4860534 ev_poll_posix.cc:593] FD from fork parent still in poll list: fd(22, generation: 1)
I0811 00:04:06.760822 4860534 ev_poll_posix.cc:593] FD from fork parent still in poll list: fd(19, generation: 1)
I0811 00:04:06.760830 4860534 ev_poll_posix.cc:593] FD from fork parent still in poll list: fd(22, generation: 1)
I0811 00:04:06.760833 4860534 ev_poll_posix.cc:593] FD from fork parent still in poll list: fd(19, generation: 1)
I0811 00:04:06.760837 4860534 ev_poll_posix.cc:593] FD from fork parent still in poll list: fd(22, generation: 1)
I0811 00:04:06.760840 4860534 ev_poll_posix.cc:593] FD from fork parent still in poll list: fd(19, generation: 1)
I0811 00:04:06.760843 4860534 ev_poll_posix.cc:593] FD from fork parent still in poll list: fd(22, generation: 1)
I0811 00:04:06.760846 4860534 ev_poll_posix.cc:593] FD from fork parent still in poll list: fd(19, generation: 1)
I0811 00:04:06.760849 4860534 ev_poll_posix.cc:593] FD from fork parent still in poll list: fd(22, generation: 1)
I0811 00:04:06.760852 4860534 ev_poll_posix.cc:593] FD from fork parent still in poll list: fd(19, generation: 1)
I0811 00:04:06.760856 4860534 ev_poll_posix.cc:593] FD from fork parent still in poll list: fd(22, generation: 1)
I0811 00:04:06.760859 4860534 ev_poll_posix.cc:593] FD from fork parent still in poll list: fd(19, generation: 1)
I0811 00:04:06.760862 4860534 ev_poll_posix.cc:593] FD from fork parent still in poll list: fd(22, generation: 1)
I0811 00:04:06.760865 4860534 ev_poll_posix.cc:593] FD from fork parent still in poll list: fd(19, generation: 1)
I0811 00:04:06.760869 4860534 ev_poll_posix.cc:593] FD from fork parent still in poll list: fd(22, generation: 1)
I0811 00:04:06.760872 4860534 ev_poll_posix.cc:593] FD from fork parent still in poll list: fd(19, generation: 1)
I0811 00:04:06.760875 4860534 ev_poll_posix.cc:593] FD from fork parent still in poll list: fd(22, generation: 1)
I0811 00:04:06.760878 4860534 ev_poll_posix.cc:593] FD from fork parent still in poll list: fd(19, generation: 1)
I0811 00:04:06.760881 4860534 ev_poll_posix.cc:593] FD from fork parent still in poll list: fd(22, generation: 1)
I0811 00:04:06.760884 4860534 ev_poll_posix.cc:593] FD from fork parent still in poll list: fd(19, generation: 1)
I0811 00:04:06.760887 4860534 ev_poll_posix.cc:593] FD from fork parent still in poll list: fd(22, generation: 1)
I0811 00:04:06.760890 4860534 ev_poll_posix.cc:593] FD from fork parent still in poll list: fd(19, generation: 1)
I0811 00:04:06.760893 4860534 ev_poll_posix.cc:593] FD from fork parent still in poll list: fd(22, generation: 1)
I0811 00:04:06.760896 4860534 ev_poll_posix.cc:593] FD from fork parent still in poll list: fd(19, generation: 1)
I0811 00:04:06.760899 4860534 ev_poll_posix.cc:593] FD from fork parent still in poll list: fd(22, generation: 1)
I0811 00:04:06.760902 4860534 ev_poll_posix.cc:593] FD from fork parent still in poll list: fd(19, generation: 1)
I0811 00:04:06.760905 4860534 ev_poll_posix.cc:593] FD from fork parent still in poll list: fd(22, generation: 1)
I0811 00:04:06.760908 4860534 ev_poll_posix.cc:593] FD from fork parent still in poll list: fd(19, generation: 1)
I0811 00:04:06.760911 4860534 ev_poll_posix.cc:593] FD from fork parent still in poll list: fd(22, generation: 1)
I0811 00:04:06.760914 4860534 ev_poll_posix.cc:593] FD from fork parent still in poll list: fd(19, generation: 1)
I0811 00:04:06.760918 4860534 ev_poll_posix.cc:593] FD from fork parent still in poll list: fd(22, generation: 1)
I0811 00:04:06.760921 4860534 ev_poll_posix.cc:593] FD from fork parent still in poll list: fd(19, generation: 1)
I0811 00:04:06.760927 4860534 ev_poll_posix.cc:593] FD from fork parent still in poll list: fd(22, generation: 1)
I0811 00:04:06.760930 4860534 ev_poll_posix.cc:593] FD from fork parent still in poll list: fd(19, generation: 1)
I0811 00:04:06.760934 4860534 ev_poll_posix.cc:593] FD from fork parent still in poll list: fd(22, generation: 1)
I0811 00:04:06.760937 4860534 ev_poll_posix.cc:593] FD from fork parent still in poll list: fd(19, generation: 1)
I0811 00:04:06.760940 4860534 ev_poll_posix.cc:593] FD from fork parent still in poll list: fd(22, generation: 1)
I0811 00:04:06.760943 4860534 ev_poll_posix.cc:593] FD from fork parent still in poll list: fd(19, generation: 1)
I0811 00:04:06.761168 4860534 ev_poll_posix.cc:593] FD from fork parent still in poll list: fd(22, generation: 1)
I0811 00:04:06.761219 4860534 ev_poll_posix.cc:593] FD from fork parent still in poll list: fd(22, generation: 1)
I0811 00:04:06.761230 4860534 ev_poll_posix.cc:593] FD from fork parent still in poll list: fd(22, generation: 1)
I0811 00:04:06.761236 4860534 ev_poll_posix.cc:593] FD from fork parent still in poll list: fd(22, generation: 1)
I0811 00:04:06.761241 4860534 ev_poll_posix.cc:593] FD from fork parent still in poll list: fd(22, generation: 1)
I0811 00:04:06.761247 4860534 ev_poll_posix.cc:593] FD from fork parent still in poll list: fd(22, generation: 1)
I0811 00:04:06.761252 4860534 ev_poll_posix.cc:593] FD from fork parent still in poll list: fd(22, generation: 1)
I0811 00:04:06.761257 4860534 ev_poll_posix.cc:593] FD from fork parent still in poll list: fd(22, generation: 1)
I0811 00:04:06.761263 4860534 ev_poll_posix.cc:593] FD from fork parent still in poll list: fd(22, generation: 1)
I0811 00:04:06.761268 4860534 ev_poll_posix.cc:593] FD from fork parent still in poll list: fd(22, generation: 1)
I0811 00:04:06.761274 4860534 ev_poll_posix.cc:593] FD from fork parent still in poll list: fd(22, generation: 1)
I0811 00:04:06.761280 4860534 ev_poll_posix.cc:593] FD from fork parent still in poll list: fd(22, generation: 1)
I0811 00:04:06.761285 4860534 ev_poll_posix.cc:593] FD from fork parent still in poll list: fd(22, generation: 1)
I0811 00:04:06.761291 4860534 ev_poll_posix.cc:593] FD from fork parent still in poll list: fd(22, generation: 1)
I0811 00:04:14.526421 4856212 fork_posix.cc:71] Other threads are currently calling into gRPC, skipping fork() handlers
I0811 00:04:14.528710 4860911 ev_poll_posix.cc:593] FD from fork parent still in poll list: fd(22, generation: 1)
I0811 00:04:14.528756 4860911 ev_poll_posix.cc:593] FD from fork parent still in poll list: fd(19, generation: 1)
I0811 00:04:22.460323 4856212 fork_posix.cc:71] Other threads are currently calling into gRPC, skipping fork() handlers
I0811 00:04:22.466654 4861268 ev_poll_posix.cc:593] FD from fork parent still in poll list: fd(22, generation: 1)
I0811 00:04:22.466771 4861268 ev_poll_posix.cc:593] FD from fork parent still in poll list: fd(19, generation: 1)
I0811 00:04:30.523235 4856212 fork_posix.cc:71] Other threads are currently calling into gRPC, skipping fork() handlers
I0811 00:04:30.530581 4861637 ev_poll_posix.cc:593] FD from fork parent still in poll list: fd(22, generation: 1)
I0811 00:04:30.530701 4861637 ev_poll_posix.cc:593] FD from fork parent still in poll list: fd(19, generation: 1)
I0811 00:04:38.292670 4856212 fork_posix.cc:71] Other threads are currently calling into gRPC, skipping fork() handlers
I0811 00:04:38.295932 4861930 ev_poll_posix.cc:593] FD from fork parent still in poll list: fd(22, generation: 1)
I0811 00:04:38.296019 4861930 ev_poll_posix.cc:593] FD from fork parent still in poll list: fd(19, generation: 1)
I0811 00:04:47.613408 4856212 fork_posix.cc:71] Other threads are currently calling into gRPC, skipping fork() handlers
I0811 00:04:47.615471 4862292 ev_poll_posix.cc:593] FD from fork parent still in poll list: fd(22, generation: 1)
I0811 00:04:47.615535 4862292 ev_poll_posix.cc:593] FD from fork parent still in poll list: fd(19, generation: 1)
I0811 00:04:55.008798 4856212 fork_posix.cc:71] Other threads are currently calling into gRPC, skipping fork() handlers
I0811 00:04:55.011800 4862568 ev_poll_posix.cc:593] FD from fork parent still in poll list: fd(22, generation: 1)
I0811 00:04:55.011886 4862568 ev_poll_posix.cc:593] FD from fork parent still in poll list: fd(19, generation: 1)
I0811 00:05:02.296893 4856212 fork_posix.cc:71] Other threads are currently calling into gRPC, skipping fork() handlers
I0811 00:05:02.302342 4863013 ev_poll_posix.cc:593] FD from fork parent still in poll list: fd(22, generation: 1)
I0811 00:05:02.302471 4863013 ev_poll_posix.cc:593] FD from fork parent still in poll list: fd(19, generation: 1)
WARNING: Cannot connect to YC tool initialization service. Network connectivity to the service is required for cli version control. In case you are using yc in an isolated environment, you may turn off this warning by setting env YC_CLI_INITIALIZATION_SILENCE=true

I0811 00:05:11.847298 4856212 fork_posix.cc:71] Other threads are currently calling into gRPC, skipping fork() handlers
I0811 00:05:11.849010 4863366 ev_poll_posix.cc:593] FD from fork parent still in poll list: fd(22, generation: 1)
I0811 00:05:11.849055 4863366 ev_poll_posix.cc:593] FD from fork parent still in poll list: fd(19, generation: 1)
I0811 00:05:20.194709 4856212 fork_posix.cc:71] Other threads are currently calling into gRPC, skipping fork() handlers
I0811 00:05:20.197041 4863701 ev_poll_posix.cc:593] FD from fork parent still in poll list: fd(22, generation: 1)
I0811 00:05:20.197111 4863701 ev_poll_posix.cc:593] FD from fork parent still in poll list: fd(19, generation: 1)
I0811 00:05:31.333956 4856212 fork_posix.cc:71] Other threads are currently calling into gRPC, skipping fork() handlers
I0811 00:05:31.336830 4864077 ev_poll_posix.cc:593] FD from fork parent still in poll list: fd(22, generation: 1)
I0811 00:05:31.336956 4864077 ev_poll_posix.cc:593] FD from fork parent still in poll list: fd(19, generation: 1)
I0811 00:05:39.356675 4856212 fork_posix.cc:71] Other threads are currently calling into gRPC, skipping fork() handlers
I0811 00:05:39.360635 4864394 ev_poll_posix.cc:593] FD from fork parent still in poll list: fd(22, generation: 1)
I0811 00:05:39.360718 4864394 ev_poll_posix.cc:593] FD from fork parent still in poll list: fd(19, generation: 1)
I0811 00:05:47.505196 4856212 fork_posix.cc:71] Other threads are currently calling into gRPC, skipping fork() handlers
I0811 00:05:47.508142 4864626 ev_poll_posix.cc:593] FD from fork parent still in poll list: fd(22, generation: 1)
I0811 00:05:47.508268 4864626 ev_poll_posix.cc:593] FD from fork parent still in poll list: fd(19, generation: 1)
I0811 00:05:55.946401 4856212 fork_posix.cc:71] Other threads are currently calling into gRPC, skipping fork() handlers
I0811 00:05:55.948767 4864910 ev_poll_posix.cc:593] FD from fork parent still in poll list: fd(22, generation: 1)
I0811 00:05:55.948869 4864910 ev_poll_posix.cc:593] FD from fork parent still in poll list: fd(19, generation: 1)
I0811 00:06:06.749849 4856212 fork_posix.cc:71] Other threads are currently calling into gRPC, skipping fork() handlers
I0811 00:06:06.752494 4865347 ev_poll_posix.cc:593] FD from fork parent still in poll list: fd(22, generation: 1)
I0811 00:06:06.752556 4865347 ev_poll_posix.cc:593] FD from fork parent still in poll list: fd(19, generation: 1)
I0811 00:06:15.074834 4856212 fork_posix.cc:71] Other threads are currently calling into gRPC, skipping fork() handlers
I0811 00:06:15.078265 4865626 ev_poll_posix.cc:593] FD from fork parent still in poll list: fd(22, generation: 1)
I0811 00:06:15.078367 4865626 ev_poll_posix.cc:593] FD from fork parent still in poll list: fd(19, generation: 1)
I0811 00:06:24.204759 4856212 fork_posix.cc:71] Other threads are currently calling into gRPC, skipping fork() handlers
I0811 00:06:24.206704 4865902 ev_poll_posix.cc:593] FD from fork parent still in poll list: fd(22, generation: 1)
I0811 00:06:24.206747 4865902 ev_poll_posix.cc:593] FD from fork parent still in poll list: fd(19, generation: 1)
I0811 00:06:32.788810 4856212 fork_posix.cc:71] Other threads are currently calling into gRPC, skipping fork() handlers
I0811 00:06:32.790787 4866260 ev_poll_posix.cc:593] FD from fork parent still in poll list: fd(22, generation: 1)
I0811 00:06:32.790876 4866260 ev_poll_posix.cc:593] FD from fork parent still in poll list: fd(19, generation: 1)
I0811 00:06:43.530647 4856212 fork_posix.cc:71] Other threads are currently calling into gRPC, skipping fork() handlers
I0811 00:06:43.532776 4866608 ev_poll_posix.cc:593] FD from fork parent still in poll list: fd(22, generation: 1)
I0811 00:06:43.532836 4866608 ev_poll_posix.cc:593] FD from fork parent still in poll list: fd(19, generation: 1)
I0811 00:06:51.629962 4856212 fork_posix.cc:71] Other threads are currently calling into gRPC, skipping fork() handlers
I0811 00:06:51.634026 4866902 ev_poll_posix.cc:593] FD from fork parent still in poll list: fd(22, generation: 1)
I0811 00:06:51.634307 4866902 ev_poll_posix.cc:593] FD from fork parent still in poll list: fd(19, generation: 1)
I0811 00:06:51.634331 4866902 ev_poll_posix.cc:593] FD from fork parent still in poll list: fd(22, generation: 1)
I0811 00:06:51.634343 4866902 ev_poll_posix.cc:593] FD from fork parent still in poll list: fd(19, generation: 1)
I0811 00:06:51.634352 4866902 ev_poll_posix.cc:593] FD from fork parent still in poll list: fd(22, generation: 1)
I0811 00:06:51.634359 4866902 ev_poll_posix.cc:593] FD from fork parent still in poll list: fd(19, generation: 1)
I0811 00:06:51.634366 4866902 ev_poll_posix.cc:593] FD from fork parent still in poll list: fd(22, generation: 1)
I0811 00:06:51.634372 4866902 ev_poll_posix.cc:593] FD from fork parent still in poll list: fd(19, generation: 1)
I0811 00:06:51.634378 4866902 ev_poll_posix.cc:593] FD from fork parent still in poll list: fd(22, generation: 1)
I0811 00:06:51.634383 4866902 ev_poll_posix.cc:593] FD from fork parent still in poll list: fd(19, generation: 1)
I0811 00:06:51.634390 4866902 ev_poll_posix.cc:593] FD from fork parent still in poll list: fd(22, generation: 1)
I0811 00:06:51.634395 4866902 ev_poll_posix.cc:593] FD from fork parent still in poll list: fd(19, generation: 1)
I0811 00:06:51.634401 4866902 ev_poll_posix.cc:593] FD from fork parent still in poll list: fd(22, generation: 1)
I0811 00:06:51.634407 4866902 ev_poll_posix.cc:593] FD from fork parent still in poll list: fd(19, generation: 1)
I0811 00:06:51.634413 4866902 ev_poll_posix.cc:593] FD from fork parent still in poll list: fd(22, generation: 1)
I0811 00:06:51.634418 4866902 ev_poll_posix.cc:593] FD from fork parent still in poll list: fd(19, generation: 1)
I0811 00:06:51.634424 4866902 ev_poll_posix.cc:593] FD from fork parent still in poll list: fd(22, generation: 1)
I0811 00:06:51.634430 4866902 ev_poll_posix.cc:593] FD from fork parent still in poll list: fd(19, generation: 1)
I0811 00:06:51.634436 4866902 ev_poll_posix.cc:593] FD from fork parent still in poll list: fd(22, generation: 1)
I0811 00:06:51.634441 4866902 ev_poll_posix.cc:593] FD from fork parent still in poll list: fd(19, generation: 1)
I0811 00:06:51.634447 4866902 ev_poll_posix.cc:593] FD from fork parent still in poll list: fd(22, generation: 1)
I0811 00:06:51.634453 4866902 ev_poll_posix.cc:593] FD from fork parent still in poll list: fd(19, generation: 1)
I0811 00:06:51.634459 4866902 ev_poll_posix.cc:593] FD from fork parent still in poll list: fd(22, generation: 1)
I0811 00:06:51.634464 4866902 ev_poll_posix.cc:593] FD from fork parent still in poll list: fd(19, generation: 1)
I0811 00:06:51.634471 4866902 ev_poll_posix.cc:593] FD from fork parent still in poll list: fd(22, generation: 1)
I0811 00:06:51.634476 4866902 ev_poll_posix.cc:593] FD from fork parent still in poll list: fd(19, generation: 1)
I0811 00:06:51.634482 4866902 ev_poll_posix.cc:593] FD from fork parent still in poll list: fd(22, generation: 1)
I0811 00:06:51.634490 4866902 ev_poll_posix.cc:593] FD from fork parent still in poll list: fd(19, generation: 1)
I0811 00:06:51.634496 4866902 ev_poll_posix.cc:593] FD from fork parent still in poll list: fd(22, generation: 1)
I0811 00:06:51.634501 4866902 ev_poll_posix.cc:593] FD from fork parent still in poll list: fd(19, generation: 1)
I0811 00:06:51.634507 4866902 ev_poll_posix.cc:593] FD from fork parent still in poll list: fd(22, generation: 1)
I0811 00:06:51.634512 4866902 ev_poll_posix.cc:593] FD from fork parent still in poll list: fd(19, generation: 1)
I0811 00:06:51.634518 4866902 ev_poll_posix.cc:593] FD from fork parent still in poll list: fd(22, generation: 1)
I0811 00:06:51.634523 4866902 ev_poll_posix.cc:593] FD from fork parent still in poll list: fd(19, generation: 1)
I0811 00:06:51.634529 4866902 ev_poll_posix.cc:593] FD from fork parent still in poll list: fd(22, generation: 1)
I0811 00:06:51.634534 4866902 ev_poll_posix.cc:593] FD from fork parent still in poll list: fd(19, generation: 1)
I0811 00:06:51.634562 4866902 ev_poll_posix.cc:593] FD from fork parent still in poll list: fd(22, generation: 1)
I0811 00:06:51.634568 4866902 ev_poll_posix.cc:593] FD from fork parent still in poll list: fd(19, generation: 1)
I0811 00:06:51.634574 4866902 ev_poll_posix.cc:593] FD from fork parent still in poll list: fd(22, generation: 1)
I0811 00:06:51.634579 4866902 ev_poll_posix.cc:593] FD from fork parent still in poll list: fd(19, generation: 1)
I0811 00:06:51.634585 4866902 ev_poll_posix.cc:593] FD from fork parent still in poll list: fd(22, generation: 1)
I0811 00:06:51.634590 4866902 ev_poll_posix.cc:593] FD from fork parent still in poll list: fd(19, generation: 1)
I0811 00:06:51.634595 4866902 ev_poll_posix.cc:593] FD from fork parent still in poll list: fd(22, generation: 1)
I0811 00:06:51.634600 4866902 ev_poll_posix.cc:593] FD from fork parent still in poll list: fd(19, generation: 1)
I0811 00:06:51.634606 4866902 ev_poll_posix.cc:593] FD from fork parent still in poll list: fd(22, generation: 1)
I0811 00:06:51.634611 4866902 ev_poll_posix.cc:593] FD from fork parent still in poll list: fd(19, generation: 1)
I0811 00:06:51.634617 4866902 ev_poll_posix.cc:593] FD from fork parent still in poll list: fd(22, generation: 1)
I0811 00:06:51.634622 4866902 ev_poll_posix.cc:593] FD from fork parent still in poll list: fd(19, generation: 1)
I0811 00:06:51.634628 4866902 ev_poll_posix.cc:593] FD from fork parent still in poll list: fd(22, generation: 1)
I0811 00:06:51.634633 4866902 ev_poll_posix.cc:593] FD from fork parent still in poll list: fd(19, generation: 1)
I0811 00:06:51.634639 4866902 ev_poll_posix.cc:593] FD from fork parent still in poll list: fd(22, generation: 1)
I0811 00:06:51.634644 4866902 ev_poll_posix.cc:593] FD from fork parent still in poll list: fd(19, generation: 1)
I0811 00:06:51.634651 4866902 ev_poll_posix.cc:593] FD from fork parent still in poll list: fd(22, generation: 1)
I0811 00:06:51.634657 4866902 ev_poll_posix.cc:593] FD from fork parent still in poll list: fd(19, generation: 1)
I0811 00:06:51.634663 4866902 ev_poll_posix.cc:593] FD from fork parent still in poll list: fd(22, generation: 1)
I0811 00:06:51.634668 4866902 ev_poll_posix.cc:593] FD from fork parent still in poll list: fd(19, generation: 1)
I0811 00:06:51.634674 4866902 ev_poll_posix.cc:593] FD from fork parent still in poll list: fd(22, generation: 1)
I0811 00:06:51.634679 4866902 ev_poll_posix.cc:593] FD from fork parent still in poll list: fd(19, generation: 1)
I0811 00:06:51.634685 4866902 ev_poll_posix.cc:593] FD from fork parent still in poll list: fd(22, generation: 1)
I0811 00:06:51.634689 4866902 ev_poll_posix.cc:593] FD from fork parent still in poll list: fd(19, generation: 1)
I0811 00:06:51.634695 4866902 ev_poll_posix.cc:593] FD from fork parent still in poll list: fd(22, generation: 1)
I0811 00:06:51.634700 4866902 ev_poll_posix.cc:593] FD from fork parent still in poll list: fd(19, generation: 1)
I0811 00:06:51.634706 4866902 ev_poll_posix.cc:593] FD from fork parent still in poll list: fd(22, generation: 1)
I0811 00:06:51.634710 4866902 ev_poll_posix.cc:593] FD from fork parent still in poll list: fd(19, generation: 1)
I0811 00:06:51.634716 4866902 ev_poll_posix.cc:593] FD from fork parent still in poll list: fd(22, generation: 1)
I0811 00:06:51.634721 4866902 ev_poll_posix.cc:593] FD from fork parent still in poll list: fd(19, generation: 1)
I0811 00:06:51.634726 4866902 ev_poll_posix.cc:593] FD from fork parent still in poll list: fd(22, generation: 1)
I0811 00:06:51.634732 4866902 ev_poll_posix.cc:593] FD from fork parent still in poll list: fd(19, generation: 1)
I0811 00:06:51.634740 4866902 ev_poll_posix.cc:593] FD from fork parent still in poll list: fd(22, generation: 1)
I0811 00:06:51.634745 4866902 ev_poll_posix.cc:593] FD from fork parent still in poll list: fd(19, generation: 1)
I0811 00:06:51.634751 4866902 ev_poll_posix.cc:593] FD from fork parent still in poll list: fd(22, generation: 1)
I0811 00:06:51.634756 4866902 ev_poll_posix.cc:593] FD from fork parent still in poll list: fd(19, generation: 1)
I0811 00:06:51.634776 4866902 ev_poll_posix.cc:593] FD from fork parent still in poll list: fd(22, generation: 1)
I0811 00:06:51.634782 4866902 ev_poll_posix.cc:593] FD from fork parent still in poll list: fd(19, generation: 1)
I0811 00:06:51.634788 4866902 ev_poll_posix.cc:593] FD from fork parent still in poll list: fd(22, generation: 1)
I0811 00:06:51.634793 4866902 ev_poll_posix.cc:593] FD from fork parent still in poll list: fd(19, generation: 1)
I0811 00:06:51.634799 4866902 ev_poll_posix.cc:593] FD from fork parent still in poll list: fd(22, generation: 1)
I0811 00:06:51.634805 4866902 ev_poll_posix.cc:593] FD from fork parent still in poll list: fd(19, generation: 1)
I0811 00:06:51.634812 4866902 ev_poll_posix.cc:593] FD from fork parent still in poll list: fd(22, generation: 1)
I0811 00:06:51.634817 4866902 ev_poll_posix.cc:593] FD from fork parent still in poll list: fd(19, generation: 1)
I0811 00:06:51.634822 4866902 ev_poll_posix.cc:593] FD from fork parent still in poll list: fd(22, generation: 1)
I0811 00:06:51.634827 4866902 ev_poll_posix.cc:593] FD from fork parent still in poll list: fd(19, generation: 1)
I0811 00:06:51.634833 4866902 ev_poll_posix.cc:593] FD from fork parent still in poll list: fd(22, generation: 1)
I0811 00:06:51.634838 4866902 ev_poll_posix.cc:593] FD from fork parent still in poll list: fd(19, generation: 1)
I0811 00:06:51.634844 4866902 ev_poll_posix.cc:593] FD from fork parent still in poll list: fd(22, generation: 1)
I0811 00:06:51.634849 4866902 ev_poll_posix.cc:593] FD from fork parent still in poll list: fd(19, generation: 1)
I0811 00:06:51.634854 4866902 ev_poll_posix.cc:593] FD from fork parent still in poll list: fd(22, generation: 1)
I0811 00:06:51.634859 4866902 ev_poll_posix.cc:593] FD from fork parent still in poll list: fd(19, generation: 1)
I0811 00:06:51.634865 4866902 ev_poll_posix.cc:593] FD from fork parent still in poll list: fd(22, generation: 1)
I0811 00:06:51.634870 4866902 ev_poll_posix.cc:593] FD from fork parent still in poll list: fd(19, generation: 1)
I0811 00:06:51.634875 4866902 ev_poll_posix.cc:593] FD from fork parent still in poll list: fd(22, generation: 1)
I0811 00:06:51.634880 4866902 ev_poll_posix.cc:593] FD from fork parent still in poll list: fd(19, generation: 1)
I0811 00:06:51.634887 4866902 ev_poll_posix.cc:593] FD from fork parent still in poll list: fd(22, generation: 1)
I0811 00:06:51.634892 4866902 ev_poll_posix.cc:593] FD from fork parent still in poll list: fd(19, generation: 1)
I0811 00:06:51.634898 4866902 ev_poll_posix.cc:593] FD from fork parent still in poll list: fd(22, generation: 1)
I0811 00:06:51.634903 4866902 ev_poll_posix.cc:593] FD from fork parent still in poll list: fd(19, generation: 1)
I0811 00:06:51.634908 4866902 ev_poll_posix.cc:593] FD from fork parent still in poll list: fd(22, generation: 1)
I0811 00:06:51.634913 4866902 ev_poll_posix.cc:593] FD from fork parent still in poll list: fd(19, generation: 1)
I0811 00:06:51.634919 4866902 ev_poll_posix.cc:593] FD from fork parent still in poll list: fd(22, generation: 1)
I0811 00:06:51.634924 4866902 ev_poll_posix.cc:593] FD from fork parent still in poll list: fd(19, generation: 1)
I0811 00:06:51.634929 4866902 ev_poll_posix.cc:593] FD from fork parent still in poll list: fd(22, generation: 1)
I0811 00:06:51.634934 4866902 ev_poll_posix.cc:593] FD from fork parent still in poll list: fd(19, generation: 1)
I0811 00:06:51.634939 4866902 ev_poll_posix.cc:593] FD from fork parent still in poll list: fd(22, generation: 1)
I0811 00:06:51.634944 4866902 ev_poll_posix.cc:593] FD from fork parent still in poll list: fd(19, generation: 1)
I0811 00:06:51.634950 4866902 ev_poll_posix.cc:593] FD from fork parent still in poll list: fd(22, generation: 1)
I0811 00:06:51.634955 4866902 ev_poll_posix.cc:593] FD from fork parent still in poll list: fd(19, generation: 1)
I0811 00:06:51.634960 4866902 ev_poll_posix.cc:593] FD from fork parent still in poll list: fd(22, generation: 1)
I0811 00:06:51.634965 4866902 ev_poll_posix.cc:593] FD from fork parent still in poll list: fd(19, generation: 1)
I0811 00:06:51.634978 4866902 ev_poll_posix.cc:593] FD from fork parent still in poll list: fd(22, generation: 1)
I0811 00:06:51.634983 4866902 ev_poll_posix.cc:593] FD from fork parent still in poll list: fd(19, generation: 1)
I0811 00:06:51.634989 4866902 ev_poll_posix.cc:593] FD from fork parent still in poll list: fd(22, generation: 1)
I0811 00:06:51.634994 4866902 ev_poll_posix.cc:593] FD from fork parent still in poll list: fd(19, generation: 1)
I0811 00:06:51.635002 4866902 ev_poll_posix.cc:593] FD from fork parent still in poll list: fd(22, generation: 1)
I0811 00:06:51.635009 4866902 ev_poll_posix.cc:593] FD from fork parent still in poll list: fd(19, generation: 1)
I0811 00:06:51.635015 4866902 ev_poll_posix.cc:593] FD from fork parent still in poll list: fd(22, generation: 1)
I0811 00:06:51.635020 4866902 ev_poll_posix.cc:593] FD from fork parent still in poll list: fd(19, generation: 1)
I0811 00:06:51.635025 4866902 ev_poll_posix.cc:593] FD from fork parent still in poll list: fd(22, generation: 1)
I0811 00:06:51.635058 4866902 ev_poll_posix.cc:593] FD from fork parent still in poll list: fd(19, generation: 1)
I0811 00:06:51.635085 4866902 ev_poll_posix.cc:593] FD from fork parent still in poll list: fd(22, generation: 1)
I0811 00:06:51.635093 4866902 ev_poll_posix.cc:593] FD from fork parent still in poll list: fd(19, generation: 1)
I0811 00:06:51.635103 4866902 ev_poll_posix.cc:593] FD from fork parent still in poll list: fd(22, generation: 1)
I0811 00:06:51.635110 4866902 ev_poll_posix.cc:593] FD from fork parent still in poll list: fd(19, generation: 1)
I0811 00:06:51.635121 4866902 ev_poll_posix.cc:593] FD from fork parent still in poll list: fd(22, generation: 1)
I0811 00:06:51.635126 4866902 ev_poll_posix.cc:593] FD from fork parent still in poll list: fd(19, generation: 1)
I0811 00:06:51.635133 4866902 ev_poll_posix.cc:593] FD from fork parent still in poll list: fd(22, generation: 1)
I0811 00:06:51.635138 4866902 ev_poll_posix.cc:593] FD from fork parent still in poll list: fd(19, generation: 1)
I0811 00:06:51.635146 4866902 ev_poll_posix.cc:593] FD from fork parent still in poll list: fd(22, generation: 1)
I0811 00:06:51.635151 4866902 ev_poll_posix.cc:593] FD from fork parent still in poll list: fd(19, generation: 1)
I0811 00:06:51.635157 4866902 ev_poll_posix.cc:593] FD from fork parent still in poll list: fd(22, generation: 1)
I0811 00:06:51.635162 4866902 ev_poll_posix.cc:593] FD from fork parent still in poll list: fd(19, generation: 1)
I0811 00:06:51.635168 4866902 ev_poll_posix.cc:593] FD from fork parent still in poll list: fd(22, generation: 1)
I0811 00:06:51.635173 4866902 ev_poll_posix.cc:593] FD from fork parent still in poll list: fd(19, generation: 1)
I0811 00:06:51.635179 4866902 ev_poll_posix.cc:593] FD from fork parent still in poll list: fd(22, generation: 1)
I0811 00:06:51.635184 4866902 ev_poll_posix.cc:593] FD from fork parent still in poll list: fd(19, generation: 1)
I0811 00:06:51.635192 4866902 ev_poll_posix.cc:593] FD from fork parent still in poll list: fd(22, generation: 1)
I0811 00:06:51.635197 4866902 ev_poll_posix.cc:593] FD from fork parent still in poll list: fd(19, generation: 1)
I0811 00:06:51.635204 4866902 ev_poll_posix.cc:593] FD from fork parent still in poll list: fd(22, generation: 1)
I0811 00:06:51.635209 4866902 ev_poll_posix.cc:593] FD from fork parent still in poll list: fd(19, generation: 1)
I0811 00:06:51.635215 4866902 ev_poll_posix.cc:593] FD from fork parent still in poll list: fd(22, generation: 1)
I0811 00:06:51.635219 4866902 ev_poll_posix.cc:593] FD from fork parent still in poll list: fd(19, generation: 1)
I0811 00:06:51.635225 4866902 ev_poll_posix.cc:593] FD from fork parent still in poll list: fd(22, generation: 1)
I0811 00:06:51.635230 4866902 ev_poll_posix.cc:593] FD from fork parent still in poll list: fd(19, generation: 1)
I0811 00:06:51.635236 4866902 ev_poll_posix.cc:593] FD from fork parent still in poll list: fd(22, generation: 1)
I0811 00:06:51.635240 4866902 ev_poll_posix.cc:593] FD from fork parent still in poll list: fd(19, generation: 1)
I0811 00:06:51.635258 4866902 ev_poll_posix.cc:593] FD from fork parent still in poll list: fd(22, generation: 1)
I0811 00:06:51.635263 4866902 ev_poll_posix.cc:593] FD from fork parent still in poll list: fd(19, generation: 1)
I0811 00:06:51.635270 4866902 ev_poll_posix.cc:593] FD from fork parent still in poll list: fd(22, generation: 1)
I0811 00:06:51.635276 4866902 ev_poll_posix.cc:593] FD from fork parent still in poll list: fd(19, generation: 1)
I0811 00:06:51.635281 4866902 ev_poll_posix.cc:593] FD from fork parent still in poll list: fd(22, generation: 1)
I0811 00:06:51.635286 4866902 ev_poll_posix.cc:593] FD from fork parent still in poll list: fd(19, generation: 1)
I0811 00:06:51.635292 4866902 ev_poll_posix.cc:593] FD from fork parent still in poll list: fd(22, generation: 1)
I0811 00:06:51.635297 4866902 ev_poll_posix.cc:593] FD from fork parent still in poll list: fd(19, generation: 1)
I0811 00:06:51.635302 4866902 ev_poll_posix.cc:593] FD from fork parent still in poll list: fd(22, generation: 1)
I0811 00:06:51.635307 4866902 ev_poll_posix.cc:593] FD from fork parent still in poll list: fd(19, generation: 1)
I0811 00:06:51.635313 4866902 ev_poll_posix.cc:593] FD from fork parent still in poll list: fd(22, generation: 1)
I0811 00:06:51.635320 4866902 ev_poll_posix.cc:593] FD from fork parent still in poll list: fd(22, generation: 1)
I0811 00:06:51.635325 4866902 ev_poll_posix.cc:593] FD from fork parent still in poll list: fd(22, generation: 1)
I0811 00:06:51.635331 4866902 ev_poll_posix.cc:593] FD from fork parent still in poll list: fd(22, generation: 1)
I0811 00:06:51.635337 4866902 ev_poll_posix.cc:593] FD from fork parent still in poll list: fd(22, generation: 1)
I0811 00:06:51.635342 4866902 ev_poll_posix.cc:593] FD from fork parent still in poll list: fd(22, generation: 1)
I0811 00:06:51.635348 4866902 ev_poll_posix.cc:593] FD from fork parent still in poll list: fd(22, generation: 1)
I0811 00:06:51.635353 4866902 ev_poll_posix.cc:593] FD from fork parent still in poll list: fd(22, generation: 1)
I0811 00:06:51.635359 4866902 ev_poll_posix.cc:593] FD from fork parent still in poll list: fd(22, generation: 1)
I0811 00:06:51.635365 4866902 ev_poll_posix.cc:593] FD from fork parent still in poll list: fd(22, generation: 1)
I0811 00:06:51.635370 4866902 ev_poll_posix.cc:593] FD from fork parent still in poll list: fd(22, generation: 1)
I0811 00:06:51.635376 4866902 ev_poll_posix.cc:593] FD from fork parent still in poll list: fd(22, generation: 1)
I0811 00:06:51.635381 4866902 ev_poll_posix.cc:593] FD from fork parent still in poll list: fd(22, generation: 1)
I0811 00:06:51.635387 4866902 ev_poll_posix.cc:593] FD from fork parent still in poll list: fd(22, generation: 1)
I0811 00:06:51.635392 4866902 ev_poll_posix.cc:593] FD from fork parent still in poll list: fd(22, generation: 1)
I0811 00:06:51.635398 4866902 ev_poll_posix.cc:593] FD from fork parent still in poll list: fd(22, generation: 1)
I0811 00:06:51.635404 4866902 ev_poll_posix.cc:593] FD from fork parent still in poll list: fd(22, generation: 1)
I0811 00:06:51.635409 4866902 ev_poll_posix.cc:593] FD from fork parent still in poll list: fd(22, generation: 1)
I0811 00:06:51.635415 4866902 ev_poll_posix.cc:593] FD from fork parent still in poll list: fd(22, generation: 1)
I0811 00:06:51.635421 4866902 ev_poll_posix.cc:593] FD from fork parent still in poll list: fd(22, generation: 1)
I0811 00:06:51.635426 4866902 ev_poll_posix.cc:593] FD from fork parent still in poll list: fd(22, generation: 1)
I0811 00:06:51.635434 4866902 ev_poll_posix.cc:593] FD from fork parent still in poll list: fd(22, generation: 1)
I0811 00:06:51.635440 4866902 ev_poll_posix.cc:593] FD from fork parent still in poll list: fd(22, generation: 1)
I0811 00:06:51.635445 4866902 ev_poll_posix.cc:593] FD from fork parent still in poll list: fd(22, generation: 1)
I0811 00:06:51.635450 4866902 ev_poll_posix.cc:593] FD from fork parent still in poll list: fd(22, generation: 1)
I0811 00:06:51.635456 4866902 ev_poll_posix.cc:593] FD from fork parent still in poll list: fd(22, generation: 1)
I0811 00:06:51.635470 4866902 ev_poll_posix.cc:593] FD from fork parent still in poll list: fd(22, generation: 1)
I0811 00:06:51.635475 4866902 ev_poll_posix.cc:593] FD from fork parent still in poll list: fd(22, generation: 1)
I0811 00:06:51.635482 4866902 ev_poll_posix.cc:593] FD from fork parent still in poll list: fd(22, generation: 1)
I0811 00:06:51.635488 4866902 ev_poll_posix.cc:593] FD from fork parent still in poll list: fd(22, generation: 1)
I0811 00:06:51.635493 4866902 ev_poll_posix.cc:593] FD from fork parent still in poll list: fd(22, generation: 1)
I0811 00:06:51.635499 4866902 ev_poll_posix.cc:593] FD from fork parent still in poll list: fd(22, generation: 1)
I0811 00:06:51.635505 4866902 ev_poll_posix.cc:593] FD from fork parent still in poll list: fd(22, generation: 1)
I0811 00:06:51.635510 4866902 ev_poll_posix.cc:593] FD from fork parent still in poll list: fd(22, generation: 1)
I0811 00:06:51.635516 4866902 ev_poll_posix.cc:593] FD from fork parent still in poll list: fd(22, generation: 1)
I0811 00:06:51.635521 4866902 ev_poll_posix.cc:593] FD from fork parent still in poll list: fd(22, generation: 1)
I0811 00:06:51.635527 4866902 ev_poll_posix.cc:593] FD from fork parent still in poll list: fd(22, generation: 1)
I0811 00:06:51.635533 4866902 ev_poll_posix.cc:593] FD from fork parent still in poll list: fd(22, generation: 1)
I0811 00:06:51.635538 4866902 ev_poll_posix.cc:593] FD from fork parent still in poll list: fd(22, generation: 1)
I0811 00:06:51.635544 4866902 ev_poll_posix.cc:593] FD from fork parent still in poll list: fd(22, generation: 1)
I0811 00:06:51.635550 4866902 ev_poll_posix.cc:593] FD from fork parent still in poll list: fd(22, generation: 1)
I0811 00:06:51.635555 4866902 ev_poll_posix.cc:593] FD from fork parent still in poll list: fd(22, generation: 1)
I0811 00:06:51.635561 4866902 ev_poll_posix.cc:593] FD from fork parent still in poll list: fd(22, generation: 1)
I0811 00:06:51.635566 4866902 ev_poll_posix.cc:593] FD from fork parent still in poll list: fd(22, generation: 1)
I0811 00:06:51.635572 4866902 ev_poll_posix.cc:593] FD from fork parent still in poll list: fd(22, generation: 1)
I0811 00:06:51.635578 4866902 ev_poll_posix.cc:593] FD from fork parent still in poll list: fd(22, generation: 1)
I0811 00:06:51.635583 4866902 ev_poll_posix.cc:593] FD from fork parent still in poll list: fd(22, generation: 1)
I0811 00:06:51.635589 4866902 ev_poll_posix.cc:593] FD from fork parent still in poll list: fd(22, generation: 1)
I0811 00:06:51.635594 4866902 ev_poll_posix.cc:593] FD from fork parent still in poll list: fd(22, generation: 1)
I0811 00:06:51.635599 4866902 ev_poll_posix.cc:593] FD from fork parent still in poll list: fd(22, generation: 1)
I0811 00:06:51.635606 4866902 ev_poll_posix.cc:593] FD from fork parent still in poll list: fd(22, generation: 1)
I0811 00:06:51.635612 4866902 ev_poll_posix.cc:593] FD from fork parent still in poll list: fd(22, generation: 1)
I0811 00:06:51.635617 4866902 ev_poll_posix.cc:593] FD from fork parent still in poll list: fd(22, generation: 1)
I0811 00:06:51.635623 4866902 ev_poll_posix.cc:593] FD from fork parent still in poll list: fd(22, generation: 1)
I0811 00:06:51.635628 4866902 ev_poll_posix.cc:593] FD from fork parent still in poll list: fd(22, generation: 1)
I0811 00:06:51.635634 4866902 ev_poll_posix.cc:593] FD from fork parent still in poll list: fd(22, generation: 1)
I0811 00:06:51.635640 4866902 ev_poll_posix.cc:593] FD from fork parent still in poll list: fd(22, generation: 1)
I0811 00:06:51.635645 4866902 ev_poll_posix.cc:593] FD from fork parent still in poll list: fd(22, generation: 1)
I0811 00:06:51.635651 4866902 ev_poll_posix.cc:593] FD from fork parent still in poll list: fd(22, generation: 1)
I0811 00:06:51.635656 4866902 ev_poll_posix.cc:593] FD from fork parent still in poll list: fd(22, generation: 1)
I0811 00:06:51.635662 4866902 ev_poll_posix.cc:593] FD from fork parent still in poll list: fd(22, generation: 1)
I0811 00:06:51.635667 4866902 ev_poll_posix.cc:593] FD from fork parent still in poll list: fd(22, generation: 1)
I0811 00:06:51.635684 4866902 ev_poll_posix.cc:593] FD from fork parent still in poll list: fd(22, generation: 1)
I0811 00:06:51.635690 4866902 ev_poll_posix.cc:593] FD from fork parent still in poll list: fd(22, generation: 1)
I0811 00:06:51.635696 4866902 ev_poll_posix.cc:593] FD from fork parent still in poll list: fd(22, generation: 1)
I0811 00:06:51.635702 4866902 ev_poll_posix.cc:593] FD from fork parent still in poll list: fd(22, generation: 1)
I0811 00:06:51.635707 4866902 ev_poll_posix.cc:593] FD from fork parent still in poll list: fd(22, generation: 1)
I0811 00:06:51.635713 4866902 ev_poll_posix.cc:593] FD from fork parent still in poll list: fd(22, generation: 1)
I0811 00:06:51.635720 4866902 ev_poll_posix.cc:593] FD from fork parent still in poll list: fd(22, generation: 1)
I0811 00:06:51.635725 4866902 ev_poll_posix.cc:593] FD from fork parent still in poll list: fd(22, generation: 1)
I0811 00:06:51.635731 4866902 ev_poll_posix.cc:593] FD from fork parent still in poll list: fd(22, generation: 1)
I0811 00:06:51.635736 4866902 ev_poll_posix.cc:593] FD from fork parent still in poll list: fd(22, generation: 1)
I0811 00:06:51.635742 4866902 ev_poll_posix.cc:593] FD from fork parent still in poll list: fd(22, generation: 1)
I0811 00:06:51.635748 4866902 ev_poll_posix.cc:593] FD from fork parent still in poll list: fd(22, generation: 1)
I0811 00:06:51.635753 4866902 ev_poll_posix.cc:593] FD from fork parent still in poll list: fd(22, generation: 1)
I0811 00:06:51.635759 4866902 ev_poll_posix.cc:593] FD from fork parent still in poll list: fd(22, generation: 1)
I0811 00:06:51.635764 4866902 ev_poll_posix.cc:593] FD from fork parent still in poll list: fd(22, generation: 1)
I0811 00:06:51.635770 4866902 ev_poll_posix.cc:593] FD from fork parent still in poll list: fd(22, generation: 1)
I0811 00:06:51.635775 4866902 ev_poll_posix.cc:593] FD from fork parent still in poll list: fd(22, generation: 1)
I0811 00:06:51.635781 4866902 ev_poll_posix.cc:593] FD from fork parent still in poll list: fd(22, generation: 1)
I0811 00:06:51.635786 4866902 ev_poll_posix.cc:593] FD from fork parent still in poll list: fd(22, generation: 1)
I0811 00:06:51.635792 4866902 ev_poll_posix.cc:593] FD from fork parent still in poll list: fd(22, generation: 1)
I0811 00:06:51.635797 4866902 ev_poll_posix.cc:593] FD from fork parent still in poll list: fd(22, generation: 1)
I0811 00:06:51.635803 4866902 ev_poll_posix.cc:593] FD from fork parent still in poll list: fd(22, generation: 1)
I0811 00:06:51.635809 4866902 ev_poll_posix.cc:593] FD from fork parent still in poll list: fd(22, generation: 1)
I0811 00:06:51.635814 4866902 ev_poll_posix.cc:593] FD from fork parent still in poll list: fd(22, generation: 1)
I0811 00:06:51.635820 4866902 ev_poll_posix.cc:593] FD from fork parent still in poll list: fd(22, generation: 1)
I0811 00:06:51.635825 4866902 ev_poll_posix.cc:593] FD from fork parent still in poll list: fd(22, generation: 1)
I0811 00:06:51.635831 4866902 ev_poll_posix.cc:593] FD from fork parent still in poll list: fd(22, generation: 1)
I0811 00:06:51.635836 4866902 ev_poll_posix.cc:593] FD from fork parent still in poll list: fd(22, generation: 1)
I0811 00:06:51.635842 4866902 ev_poll_posix.cc:593] FD from fork parent still in poll list: fd(22, generation: 1)
I0811 00:06:51.635847 4866902 ev_poll_posix.cc:593] FD from fork parent still in poll list: fd(22, generation: 1)
I0811 00:06:51.635853 4866902 ev_poll_posix.cc:593] FD from fork parent still in poll list: fd(22, generation: 1)
I0811 00:06:51.635858 4866902 ev_poll_posix.cc:593] FD from fork parent still in poll list: fd(22, generation: 1)
I0811 00:06:51.635864 4866902 ev_poll_posix.cc:593] FD from fork parent still in poll list: fd(22, generation: 1)
I0811 00:06:51.635869 4866902 ev_poll_posix.cc:593] FD from fork parent still in poll list: fd(22, generation: 1)
I0811 00:06:51.635875 4866902 ev_poll_posix.cc:593] FD from fork parent still in poll list: fd(22, generation: 1)
I0811 00:06:51.635888 4866902 ev_poll_posix.cc:593] FD from fork parent still in poll list: fd(22, generation: 1)
I0811 00:06:51.635893 4866902 ev_poll_posix.cc:593] FD from fork parent still in poll list: fd(22, generation: 1)
I0811 00:06:51.635899 4866902 ev_poll_posix.cc:593] FD from fork parent still in poll list: fd(22, generation: 1)
I0811 00:06:51.635906 4866902 ev_poll_posix.cc:593] FD from fork parent still in poll list: fd(22, generation: 1)
I0811 00:07:00.440843 4856212 fork_posix.cc:71] Other threads are currently calling into gRPC, skipping fork() handlers
I0811 00:07:00.443077 4867270 ev_poll_posix.cc:593] FD from fork parent still in poll list: fd(22, generation: 1)
I0811 00:07:00.443148 4867270 ev_poll_posix.cc:593] FD from fork parent still in poll list: fd(19, generation: 1)
I0811 00:07:08.270375 4856212 fork_posix.cc:71] Other threads are currently calling into gRPC, skipping fork() handlers
I0811 00:07:08.271945 4867561 ev_poll_posix.cc:593] FD from fork parent still in poll list: fd(22, generation: 1)
I0811 00:07:08.271996 4867561 ev_poll_posix.cc:593] FD from fork parent still in poll list: fd(19, generation: 1)
I0811 00:07:15.582673 4856212 fork_posix.cc:71] Other threads are currently calling into gRPC, skipping fork() handlers
I0811 00:07:15.584546 4867904 ev_poll_posix.cc:593] FD from fork parent still in poll list: fd(22, generation: 1)
I0811 00:07:15.584609 4867904 ev_poll_posix.cc:593] FD from fork parent still in poll list: fd(19, generation: 1)
I0811 00:07:23.678604 4856212 fork_posix.cc:71] Other threads are currently calling into gRPC, skipping fork() handlers
I0811 00:07:23.681125 4868424 ev_poll_posix.cc:593] FD from fork parent still in poll list: fd(22, generation: 1)
I0811 00:07:23.681200 4868424 ev_poll_posix.cc:593] FD from fork parent still in poll list: fd(19, generation: 1)
2026-08-11 00:07:31,952 - [  248.4s]   rc=0  tasets-5.0.1 dill-0.4.1 filelock-3.32.2 fonttools-4.63.0 frozenlist-1.8.0 fsspec-2026.6.0 h11-0.16.0 hf-xet-1.6.0 httpcore-1.0.9 httpx-0.28.1 huggingface-hub-0.36.2 idna-3.18 jinja2-3.1.6 joblib-1.5.3 kiwisolver-1.5.0 matplotlib-3.11.1 mpmath-1.3.0 multidict-6.7.1 multiprocess-0.70.19 narwhals-2.24.0 networkx-3.6.1 numpy-2.4.6 nvidia-cublas-cu12-12.4.5.8 nvidia-cuda-cupti-cu12-12.4.127 nvidia-cuda-nvrtc-cu12-12.4.127 nvidia-cuda-runtime-cu12-12.4.127 nvidia-cudnn-cu12-9.1.0.70 nvidia-cufft-cu12-11.2.1.3 nvidia-curand-cu12-10.3.5.147 nvidia-cusolver-cu12-11.6.1.9 nvidia-cusparse-cu12-12.3.1.170 nvidia-nccl-cu12-2.21.5 nvidia-nvjitlink-cu12-12.4.127 nvidia-nvtx-cu12-12.4.127 packaging-26.3 pandas-3.0.5 pillow-12.3.0 propcache-0.5.2 psutil-7.2.2 pyarrow-25.0.1 pyparsing-3.3.2 python-dateutil-2.9.0.post0 pyyaml-6.0.3 regex-2026.7.19 requests-2.34.2 safetensors-0.8.0 scikit-learn-1.9.0 scipy-1.17.1 six-1.17.0 sympy-1.13.1 threadpoolctl-3.6.0 tokenizers-0.21.4 torch-2.5.1 tqdm-4.70.0 transformers-4.53.3 triton-3.1.0 typing-extensions-4.16.0 urllib3-2.7.0 xxhash-3.8.1 yarl-1.24.5
2026-08-11 00:07:31,972 - [notice] A new release of pip is available: 24.0 -> 26.2.1
2026-08-11 00:07:31,973 - [notice] To update, run: pip install --upgrade pip
I0811 00:07:33.150609 4856212 fork_posix.cc:71] Other threads are currently calling into gRPC, skipping fork() handlers
I0811 00:07:33.153794 4869050 ev_poll_posix.cc:593] FD from fork parent still in poll list: fd(22, generation: 1)
I0811 00:07:33.153907 4869050 ev_poll_posix.cc:593] FD from fork parent still in poll list: fd(19, generation: 1)
2026-08-11 00:07:35,609 - [  252.1s] AutoConfig from the mount -> RavenConfig n_embd=5280 mean_recurrence=32 (0.0s) -- remote code imported out of a READ-ONLY dir
2026-08-11 00:07:35,785 - [  252.2s] AutoTokenizer -> PreTrainedTokenizerFast vocab=65536, 'The capital of France is' -> [475, 9090, 286, 15471, 305]
2026-08-11 00:07:35,814 - [  252.2s] shard 1: 23 tensors; freqs_cis [1, 4096, 1, 48, 2] torch.float32 finite=True absmean=0.623594
2026-08-11 00:07:35,953 - [  252.2s] VERDICT ok=False (bytes=True wheels=True offline_install=False load=True) in 252.2s
I0811 00:07:41.045088 4856212 fork_posix.cc:71] Other threads are currently calling into gRPC, skipping fork() handlers
I0811 00:07:41.047489 4869466 ev_poll_posix.cc:593] FD from fork parent still in poll list: fd(22, generation: 1)
I0811 00:07:41.047568 4869466 ev_poll_posix.cc:593] FD from fork parent still in poll list: fd(19, generation: 1)
I0811 00:07:49.139515 4856212 fork_posix.cc:71] Other threads are currently calling into gRPC, skipping fork() handlers
I0811 00:07:49.143488 4869955 ev_poll_posix.cc:593] FD from fork parent still in poll list: fd(22, generation: 1)
I0811 00:07:49.143605 4869955 ev_poll_posix.cc:593] FD from fork parent still in poll list: fd(19, generation: 1)
I0811 00:07:57.949321 4856212 fork_posix.cc:71] Other threads are currently calling into gRPC, skipping fork() handlers
I0811 00:07:57.951498 4870429 ev_poll_posix.cc:593] FD from fork parent still in poll list: fd(22, generation: 1)
I0811 00:07:57.951597 4870429 ev_poll_posix.cc:593] FD from fork parent still in poll list: fd(19, generation: 1)
I0811 00:08:06.202844 4856212 fork_posix.cc:71] Other threads are currently calling into gRPC, skipping fork() handlers
I0811 00:08:06.205550 4870825 ev_poll_posix.cc:593] FD from fork parent still in poll list: fd(22, generation: 1)
I0811 00:08:06.205649 4870825 ev_poll_posix.cc:593] FD from fork parent still in poll list: fd(19, generation: 1)
I0811 00:08:14.037795 4856212 fork_posix.cc:71] Other threads are currently calling into gRPC, skipping fork() handlers
I0811 00:08:14.040313 4871121 ev_poll_posix.cc:593] FD from fork parent still in poll list: fd(22, generation: 1)
I0811 00:08:14.040370 4871121 ev_poll_posix.cc:593] FD from fork parent still in poll list: fd(19, generation: 1)
I0811 00:08:24.777726 4856212 fork_posix.cc:71] Other threads are currently calling into gRPC, skipping fork() handlers
I0811 00:08:24.781276 4871433 ev_poll_posix.cc:593] FD from fork parent still in poll list: fd(22, generation: 1)
I0811 00:08:24.781442 4871433 ev_poll_posix.cc:593] FD from fork parent still in poll list: fd(19, generation: 1)
I0811 00:08:33.128820 4871663 ev_poll_posix.cc:593] FD from fork parent still in poll list: fd(22, generation: 1)
I0811 00:08:34.360267 4871775 ev_poll_posix.cc:593] FD from fork parent still in poll list: fd(22, generation: 1)
I0811 00:08:43.946231 4856212 fork_posix.cc:71] Other threads are currently calling into gRPC, skipping fork() handlers
I0811 00:08:43.948602 4872057 ev_poll_posix.cc:593] FD from fork parent still in poll list: fd(19, generation: 1)
I0811 00:08:43.948692 4872057 ev_poll_posix.cc:593] FD from fork parent still in poll list: fd(22, generation: 1)
2026-08-11 00:08:44,745 - [  252.2s] VERDICT ok=False (bytes=True wheels=True offline_install=False load=True) in 252.2s
I0811 00:08:52.273640 4856212 fork_posix.cc:71] Other threads are currently calling into gRPC, skipping fork() handlers
I0811 00:08:52.275573 4872377 ev_poll_posix.cc:593] FD from fork parent still in poll list: fd(19, generation: 1)
I0811 00:08:52.275714 4872377 ev_poll_posix.cc:593] FD from fork parent still in poll list: fd(22, generation: 1)
I0811 00:09:00.787739 4856212 fork_posix.cc:71] Other threads are currently calling into gRPC, skipping fork() handlers
I0811 00:09:00.789502 4872892 ev_poll_posix.cc:593] FD from fork parent still in poll list: fd(19, generation: 1)
I0811 00:09:00.789599 4872892 ev_poll_posix.cc:593] FD from fork parent still in poll list: fd(22, generation: 1)
I0811 00:09:11.986600 4856212 fork_posix.cc:71] Other threads are currently calling into gRPC, skipping fork() handlers
I0811 00:09:11.988376 4873232 ev_poll_posix.cc:593] FD from fork parent still in poll list: fd(19, generation: 1)
I0811 00:09:11.988490 4873232 ev_poll_posix.cc:593] FD from fork parent still in poll list: fd(22, generation: 1)
I0811 00:09:20.268067 4856212 fork_posix.cc:71] Other threads are currently calling into gRPC, skipping fork() handlers
I0811 00:09:20.270100 4873648 ev_poll_posix.cc:593] FD from fork parent still in poll list: fd(19, generation: 1)
I0811 00:09:20.270164 4873648 ev_poll_posix.cc:593] FD from fork parent still in poll list: fd(22, generation: 1)
[37m2026-08-11 00:09:23,846 - [INFO] - job link: https://datasphere.yandex.cloud/communities/bt19h0cm8nqhr7489r9o/projects/bt12q57tmrs03pnt8drc/job/bt1uj1rm0fhnvm82srhd[0m
[37m2026-08-11 00:09:23,847 - [INFO] - downloading 1 files (2.9KB) ...[0m
[37m2026-08-11 00:09:24,741 - [INFO] - files are downloaded[0m
[37m2026-08-11 00:09:24,741 - [INFO] - job completed successfully[0m
