[{"stream_name":"stdout","time":0.729393399,"data":"$ pip install -q 'transformers\u003e=4.50,\u003c4.54' scipy\n"}
,{"stream_name":"stdout","time":3.934801364,"data":"     ━━━━━━━━━━━━━━━━━━━━━━━━━━━━━━━━━━━━━━━ 40.9/40.9 kB 139.8 kB/s eta 0:00:00\n"}
,{"stream_name":"stdout","time":4.919415545,"data":"   ━━━━━━━━━━━━━━━━━━━━━━━━━━━━━━━━━━━━━━━━ 10.8/10.8 MB 98.0 MB/s eta 0:00:00\n"}
,{"stream_name":"stdout","time":4.951002407,"data":"   ━━━━━━━━━━━━━━━━━━━━━━━━━━━━━━━━━━━━━━━━ 566.4/566.4 kB 28.9 MB/s eta 0:00:00\n"}
,{"stream_name":"stdout","time":4.995129574,"data":"   ━━━━━━━━━━━━━━━━━━━━━━━━━━━━━━━━━━━━━━━━ 3.1/3.1 MB 96.1 MB/s eta 0:00:00\n"}
,{"stream_name":"stdout","time":30.854431294,"data":"CUDA: True devices: 2\n"}
,{"stream_name":"stdout","time":31.820807605,"data":"12 prompts across 4 families\n"}
,{"stream_name":"stdout","time":32.048457532,"data":"\n"}
,{"stream_name":"stdout","time":32.048485102,"data":"=== s06144 (step 6144) ===\n"}
,{"stream_name":"stdout","time":32.76058413,"data":"  backfilled 2 config attrs from the final model: ['test_time_noise', 'test_time_noise_type']\n"}
,{"stream_name":"stderr","time":148.310945251,"data":"\rFetching 4 files:   0%|          | 0/4 [00:00\u003c?, ?it/s]\rFetching 4 files:  25%|██▌       | 1/4 [01:35\u003c04:45, 95.00s/it]\rFetching 4 files: 100%|██████████| 4/4 [01:35\u003c00:00, 23.75s/it]\n"}
,{"stream_name":"stderr","time":148.817679418,"data":"\rLoading checkpoint shards:   0%|          | 0/4 [00:00\u003c?, ?it/s]\rLoading checkpoint shards: 100%|██████████| 4/4 [00:00\u003c00:00, 58.90it/s]\n"}
,{"stream_name":"stdout","time":200.078028831,"data":"    s06144 count0: rho_orbit=0.8489(n=24,fit 0.979)  rho_step=0.9193(n=62,fit 0.900)  d0=61.27  ||h||=73.10\n"}
,{"stream_name":"stdout","time":240.569058477,"data":"    s06144 count1: rho_orbit=0.8644(n=21,fit 0.984)  rho_step=0.9075(n=49,fit 0.916)  d0=61.84  ||h||=73.10\n"}
,{"stream_name":"stdout","time":288.524395244,"data":"    s06144 count2: rho_orbit=0.8551(n=24,fit 0.974)  rho_step=0.8760(n=39,fit 0.958)  d0=61.33  ||h||=73.10\n"}
,{"stream_name":"stdout","time":322.975947986,"data":"    s06144 nesti3: rho_orbit=nan(n=1,fit nan)  rho_step=0.8363(n=70,fit 0.995)  d0=62.92  ||h||=73.10\n"}
,{"stream_name":"stdout","time":356.353355061,"data":"    s06144 nesti4: rho_orbit=nan(n=1,fit nan)  rho_step=0.8444(n=74,fit 0.989)  d0=61.87  ||h||=73.10\n"}
,{"stream_name":"stdout","time":389.774755829,"data":"    s06144 nesti5: rho_orbit=0.8580(n=79,fit 0.993)  rho_step=0.8313(n=67,fit 0.997)  d0=66.28  ||h||=73.10\n"}
,{"stream_name":"stdout","time":409.69775262,"data":"    s06144 arith6: rho_orbit=0.8803(n=91,fit 0.987)  rho_step=0.8860(n=96,fit 0.995)  d0=64.21  ||h||=73.10\n"}
,{"stream_name":"stdout","time":429.51351479,"data":"    s06144 arith7: rho_orbit=0.8867(n=96,fit 0.995)  rho_step=0.8892(n=100,fit 0.997)  d0=62.48  ||h||=73.10\n"}
,{"stream_name":"stdout","time":449.322073177,"data":"    s06144 arith8: rho_orbit=0.8851(n=97,fit 0.998)  rho_step=0.8846(n=98,fit 0.998)  d0=62.14  ||h||=73.10\n"}
,{"stream_name":"stdout","time":467.113262303,"data":"    s06144 commo9: rho_orbit=0.8045(n=58,fit 0.995)  rho_step=0.7836(n=54,fit 0.998)  d0=58.91  ||h||=73.10\n"}
,{"stream_name":"stdout","time":485.382642891,"data":"    s06144 commo10: rho_orbit=0.7941(n=55,fit 0.999)  rho_step=0.7974(n=57,fit 0.997)  d0=63.77  ||h||=73.11\n"}
,{"stream_name":"stdout","time":503.877277014,"data":"    s06144 commo11: rho_orbit=0.8021(n=58,fit 0.999)  rho_step=0.8010(n=58,fit 1.000)  d0=69.32  ||h||=73.10\n"}
,{"stream_name":"stdout","time":503.920958792,"data":"  s06144: rho_orbit=0.8479+-0.0353  rho_step=0.8547+-0.0454\n"}
,{"stream_name":"stdout","time":516.231706915,"data":"  after cleanup: 14.41 GiB free of 14.56 GiB\n"}
,{"stream_name":"stdout","time":517.144032237,"data":"    purged /root/.cache/huggingface/hub/models--tomg-group-umd--step-00006144-recurrence_full_512_0\n"}
,{"stream_name":"stdout","time":517.144713442,"data":"\n"}
,{"stream_name":"stdout","time":517.144724795,"data":"=== s10752 (step 10752) ===\n"}
,{"stream_name":"stdout","time":517.772765706,"data":"  backfilled 2 config attrs from the final model: ['test_time_noise', 'test_time_noise_type']\n"}
,{"stream_name":"stderr","time":590.245190041,"data":"\rFetching 4 files:   0%|          | 0/4 [00:00\u003c?, ?it/s]\rFetching 4 files:  25%|██▌       | 1/4 [01:11\u003c03:33, 71.22s/it]\rFetching 4 files:  50%|█████     | 2/4 [01:11\u003c00:58, 29.45s/it]\rFetching 4 files: 100%|██████████| 4/4 [01:11\u003c00:00, 17.86s/it]\n"}
,{"stream_name":"stderr","time":590.337020311,"data":"\rLoading checkpoint shards:   0%|          | 0/4 [00:00\u003c?, ?it/s]\rLoading checkpoint shards: 100%|██████████| 4/4 [00:00\u003c00:00, 54.31it/s]\n"}
,{"stream_name":"stdout","time":734.686500776,"data":"    s10752 count0: rho_orbit=0.9118(n=99,fit 0.965)  rho_step=0.8967(n=95,fit 0.958)  d0=58.42  ||h||=73.44\n"}
,{"stream_name":"stdout","time":783.502522493,"data":"    s10752 count1: rho_orbit=0.9259(n=99,fit 0.935)  rho_step=0.8991(n=99,fit 0.961)  d0=59.25  ||h||=73.44\n"}
,{"stream_name":"stdout","time":833.736126923,"data":"    s10752 count2: rho_orbit=0.9443(n=102,fit 0.821)  rho_step=0.9155(n=99,fit 0.917)  d0=59.14  ||h||=73.44\n"}
,{"stream_name":"stdout","time":866.377009536,"data":"    s10752 nesti3: rho_orbit=0.8884(n=83,fit 0.979)  rho_step=0.8695(n=80,fit 0.977)  d0=59.50  ||h||=73.44\n"}
,{"stream_name":"stdout","time":900.789830635,"data":"    s10752 nesti4: rho_orbit=0.8406(n=68,fit 0.998)  rho_step=0.8394(n=70,fit 0.997)  d0=60.15  ||h||=73.44\n"}
,{"stream_name":"stdout","time":934.113836982,"data":"    s10752 nesti5: rho_orbit=0.8391(n=70,fit 0.996)  rho_step=0.8508(n=74,fit 0.991)  d0=64.14  ||h||=73.44\n"}
,{"stream_name":"stdout","time":953.879220181,"data":"    s10752 arith6: rho_orbit=0.8509(n=73,fit 0.998)  rho_step=0.8295(n=67,fit 0.999)  d0=61.71  ||h||=73.44\n"}
,{"stream_name":"stdout","time":973.556130812,"data":"    s10752 arith7: rho_orbit=0.8452(n=72,fit 0.999)  rho_step=0.8501(n=76,fit 0.999)  d0=59.71  ||h||=73.44\n"}
,{"stream_name":"stdout","time":993.193564966,"data":"    s10752 arith8: rho_orbit=0.8307(n=67,fit 0.998)  rho_step=0.8357(n=70,fit 0.999)  d0=58.96  ||h||=73.44\n"}
,{"stream_name":"stdout","time":1010.854214622,"data":"    s10752 commo9: rho_orbit=0.7889(n=54,fit 0.995)  rho_step=0.8033(n=59,fit 0.992)  d0=58.45  ||h||=73.44\n"}
,{"stream_name":"stdout","time":1029.057604782,"data":"    s10752 commo10: rho_orbit=0.7971(n=56,fit 0.999)  rho_step=0.8038(n=59,fit 0.998)  d0=61.45  ||h||=73.45\n"}
,{"stream_name":"stdout","time":1047.422411486,"data":"    s10752 commo11: rho_orbit=0.8401(n=70,fit 0.998)  rho_step=0.8338(n=69,fit 0.997)  d0=68.07  ||h||=73.45\n"}
,{"stream_name":"stdout","time":1047.46382762,"data":"  s10752: rho_orbit=0.8586+-0.0489  rho_step=0.8523+-0.0363\n"}
,{"stream_name":"stdout","time":1060.174137302,"data":"  after cleanup: 14.41 GiB free of 14.56 GiB\n"}
,{"stream_name":"stdout","time":1060.649740988,"data":"    purged /root/.cache/huggingface/hub/models--tomg-group-umd--step-00010752-recurrence_full_512_0\n"}
,{"stream_name":"stdout","time":1060.651028202,"data":"\n"}
,{"stream_name":"stdout","time":1060.651081847,"data":"=== SHARD RESULT ===\n"}
,{"stream_name":"stdout","time":1060.651087608,"data":"  step   6144  rho_orbit=0.8479+-0.0353  rho_step=0.8547\n"}
,{"stream_name":"stdout","time":1060.651094963,"data":"  step  10752  rho_orbit=0.8586+-0.0489  rho_step=0.8523\n"}
,{"stream_name":"stdout","time":1060.651099541,"data":"\n"}
,{"stream_name":"stdout","time":1060.651136748,"data":"  anchors from geometry-rho-direct (D44), for reference:\n"}
,{"stream_name":"stdout","time":1060.651338982,"data":"    step      0  rho_orbit=0.7150 +-0.0069\n"}
,{"stream_name":"stdout","time":1060.651354135,"data":"    step 100000  rho_orbit=0.8866 +-0.0362\n"}
,{"stream_name":"stderr","time":1069.96173209,"data":"/usr/local/lib/python3.12/dist-packages/mistune.py:435: SyntaxWarning: invalid escape sequence '\\|'\n"}
,{"stream_name":"stderr","time":1069.96176741,"data":"  cells[i][c] = re.sub('\\\\\\\\\\|', '|', cell)\n"}
,{"stream_name":"stderr","time":1070.235942296,"data":"/usr/local/lib/python3.12/dist-packages/nbconvert/filters/filter_links.py:36: SyntaxWarning: invalid escape sequence '\\_'\n"}
,{"stream_name":"stderr","time":1070.235968804,"data":"  text = re.sub(r'_', '\\_', text) # Escape underscores in display text\n"}
,{"stream_name":"stderr","time":1071.504672324,"data":"[NbConvertApp] Converting notebook __script__.ipynb to html\n"}
,{"stream_name":"stderr","time":1072.547249855,"data":"[NbConvertApp] Writing 334138 bytes to __results__.html\n"}
]