[{"stream_name":"stdout","time":1.246727768,"data":"$ pip install -q 'transformers\u003e=4.50,\u003c4.54'\n"}
,{"stream_name":"stdout","time":4.602705879,"data":"     ━━━━━━━━━━━━━━━━━━━━━━━━━━━━━━━━━━━━━━━━ 40.9/40.9 kB 2.3 MB/s eta 0:00:00\n"}
,{"stream_name":"stdout","time":5.669724678,"data":"   ━━━━━━━━━━━━━━━━━━━━━━━━━━━━━━━━━━━━━━━━ 10.8/10.8 MB 86.3 MB/s eta 0:00:00\n"}
,{"stream_name":"stdout","time":5.694880059,"data":"   ━━━━━━━━━━━━━━━━━━━━━━━━━━━━━━━━━━━━━━━━ 566.4/566.4 kB 31.9 MB/s eta 0:00:00\n"}
,{"stream_name":"stdout","time":5.763784484,"data":"   ━━━━━━━━━━━━━━━━━━━━━━━━━━━━━━━━━━━━━━━━ 3.1/3.1 MB 52.0 MB/s eta 0:00:00\n"}
,{"stream_name":"stdout","time":36.050495962,"data":"CUDA: True\n"}
,{"stream_name":"stderr","time":120.237659417,"data":"\rFetching 4 files:   0%|          | 0/4 [00:00\u003c?, ?it/s]\rFetching 4 files:  25%|██▌       | 1/4 [01:01\u003c03:04, 61.49s/it]\rFetching 4 files: 100%|██████████| 4/4 [01:01\u003c00:00, 15.37s/it]\n"}
,{"stream_name":"stderr","time":120.39449321,"data":"\rLoading checkpoint shards:   0%|          | 0/4 [00:00\u003c?, ?it/s]\rLoading checkpoint shards: 100%|██████████| 4/4 [00:00\u003c00:00, 51.53it/s]\n"}
,{"stream_name":"stdout","time":143.490964087,"data":"  a seed0 done\n"}
,{"stream_name":"stdout","time":151.952349401,"data":"  a seed1 done\n"}
,{"stream_name":"stdout","time":160.671151357,"data":"  a seed2 done\n"}
,{"stream_name":"stdout","time":169.67439289,"data":"  a seed3 done\n"}
,{"stream_name":"stdout","time":179.093405611,"data":"  a seed4 done\n"}
,{"stream_name":"stdout","time":188.881024072,"data":"  a seed5 done\n"}
,{"stream_name":"stdout","time":199.101545088,"data":"  a seed6 done\n"}
,{"stream_name":"stdout","time":209.906717115,"data":"  a seed7 done\n"}
,{"stream_name":"stdout","time":221.424805382,"data":"  a seed8 done\n"}
,{"stream_name":"stdout","time":233.332588166,"data":"  a seed9 done\n"}
,{"stream_name":"stdout","time":244.68796324,"data":"  a seed10 done\n"}
,{"stream_name":"stdout","time":255.518193419,"data":"  a seed11 done\n"}
,{"stream_name":"stdout","time":266.114094166,"data":"  b_bal seed0 done\n"}
,{"stream_name":"stdout","time":276.694480296,"data":"  b_bal seed1 done\n"}
,{"stream_name":"stdout","time":287.427727022,"data":"  b_bal seed2 done\n"}
,{"stream_name":"stdout","time":298.472182911,"data":"  b_bal seed3 done\n"}
,{"stream_name":"stdout","time":309.741716525,"data":"  b_bal seed4 done\n"}
,{"stream_name":"stdout","time":321.090872028,"data":"  b_bal seed5 done\n"}
,{"stream_name":"stdout","time":332.363538239,"data":"  b_bal seed6 done\n"}
,{"stream_name":"stdout","time":343.529791429,"data":"  b_bal seed7 done\n"}
,{"stream_name":"stdout","time":354.509920439,"data":"  b_bal seed8 done\n"}
,{"stream_name":"stdout","time":365.406395562,"data":"  b_bal seed9 done\n"}
,{"stream_name":"stdout","time":376.344063856,"data":"  b_bal seed10 done\n"}
,{"stream_name":"stdout","time":387.415072776,"data":"  b_bal seed11 done\n"}
,{"stream_name":"stdout","time":387.418072381,"data":"\n"}
,{"stream_name":"stdout","time":387.418092507,"data":"=== register decodability vs recurrent depth ===\n"}
,{"stream_name":"stdout","time":387.418099467,"data":"\n"}
,{"stream_name":"stdout","time":387.418105027,"data":"  a:\n"}
,{"stream_name":"stdout","time":387.41949329,"data":"    r=  1: register_r = +0.2480 (sd 0.0944, n=12)   |cos(v, v_final)| = 0.454\n"}
,{"stream_name":"stdout","time":387.419994486,"data":"    r=  2: register_r = +0.2568 (sd 0.0947, n=12)   |cos(v, v_final)| = 0.562\n"}
,{"stream_name":"stdout","time":387.420289493,"data":"    r=  4: register_r = +0.2415 (sd 0.0870, n=12)   |cos(v, v_final)| = 0.727\n"}
,{"stream_name":"stdout","time":387.420639091,"data":"    r=  8: register_r = +0.2550 (sd 0.0743, n=12)   |cos(v, v_final)| = 0.906\n"}
,{"stream_name":"stdout","time":387.4210264,"data":"    r= 16: register_r = +0.2512 (sd 0.0766, n=12)   |cos(v, v_final)| = 0.992\n"}
,{"stream_name":"stdout","time":387.421324607,"data":"    r= 32: register_r = +0.2502 (sd 0.0756, n=12)   |cos(v, v_final)| = 1.000\n"}
,{"stream_name":"stdout","time":387.421667191,"data":"    r= 64: register_r = +0.2495 (sd 0.0748, n=12)   |cos(v, v_final)| = 1.000\n"}
,{"stream_name":"stdout","time":387.425492708,"data":"    rho(unroll, register_r) = +0.0059, p = 9.576e-01, n=84\n"}
,{"stream_name":"stdout","time":387.425520041,"data":"    =\u003e no evidence the register develops with depth\n"}
,{"stream_name":"stdout","time":387.425573915,"data":"\n"}
,{"stream_name":"stdout","time":387.425579838,"data":"  b_bal:\n"}
,{"stream_name":"stdout","time":387.425959033,"data":"    r=  1: register_r = +0.1797 (sd 0.1299, n=12)   |cos(v, v_final)| = 0.429\n"}
,{"stream_name":"stdout","time":387.426271299,"data":"    r=  2: register_r = +0.2166 (sd 0.1270, n=12)   |cos(v, v_final)| = 0.495\n"}
,{"stream_name":"stdout","time":387.426572264,"data":"    r=  4: register_r = +0.2331 (sd 0.1258, n=12)   |cos(v, v_final)| = 0.706\n"}
,{"stream_name":"stdout","time":387.426887926,"data":"    r=  8: register_r = +0.2051 (sd 0.1213, n=12)   |cos(v, v_final)| = 0.916\n"}
,{"stream_name":"stdout","time":387.4272048,"data":"    r= 16: register_r = +0.2075 (sd 0.1262, n=12)   |cos(v, v_final)| = 0.993\n"}
,{"stream_name":"stdout","time":387.427522076,"data":"    r= 32: register_r = +0.2069 (sd 0.1246, n=12)   |cos(v, v_final)| = 1.000\n"}
,{"stream_name":"stdout","time":387.427922315,"data":"    r= 64: register_r = +0.2068 (sd 0.1241, n=12)   |cos(v, v_final)| = 1.000\n"}
,{"stream_name":"stdout","time":387.429117874,"data":"    rho(unroll, register_r) = +0.0221, p = 8.419e-01, n=84\n"}
,{"stream_name":"stdout","time":387.429158405,"data":"    =\u003e no evidence the register develops with depth\n"}
,{"stream_name":"stdout","time":387.429201524,"data":"\n"}
,{"stream_name":"stdout","time":387.429277834,"data":"DONE\n"}
,{"stream_name":"stderr","time":393.238852655,"data":"/usr/local/lib/python3.12/dist-packages/mistune.py:435: SyntaxWarning: invalid escape sequence '\\|'\n"}
,{"stream_name":"stderr","time":393.238879254,"data":"  cells[i][c] = re.sub('\\\\\\\\\\|', '|', cell)\n"}
,{"stream_name":"stderr","time":393.495911741,"data":"/usr/local/lib/python3.12/dist-packages/nbconvert/filters/filter_links.py:36: SyntaxWarning: invalid escape sequence '\\_'\n"}
,{"stream_name":"stderr","time":393.495940536,"data":"  text = re.sub(r'_', '\\_', text) # Escape underscores in display text\n"}
,{"stream_name":"stderr","time":394.146608515,"data":"[NbConvertApp] Converting notebook __script__.ipynb to html\n"}
,{"stream_name":"stderr","time":395.165493703,"data":"[NbConvertApp] Writing 312632 bytes to __results__.html\n"}
]