[{"stream_name":"stdout","time":1.2459291000000001,"data":"$ pip install -q 'transformers\u003e=4.50,\u003c4.54' scipy\n"}
,{"stream_name":"stdout","time":6.259369688,"data":"     ━━━━━━━━━━━━━━━━━━━━━━━━━━━━━━━━━━━━━━━━ 40.9/40.9 kB 2.8 MB/s eta 0:00:00\n"}
,{"stream_name":"stdout","time":7.223676226,"data":"   ━━━━━━━━━━━━━━━━━━━━━━━━━━━━━━━━━━━━━━━━ 10.8/10.8 MB 110.5 MB/s eta 0:00:00\n"}
,{"stream_name":"stdout","time":7.253320565,"data":"   ━━━━━━━━━━━━━━━━━━━━━━━━━━━━━━━━━━━━━━━━ 566.4/566.4 kB 26.4 MB/s eta 0:00:00\n"}
,{"stream_name":"stdout","time":7.298840166,"data":"   ━━━━━━━━━━━━━━━━━━━━━━━━━━━━━━━━━━━━━━━━ 3.1/3.1 MB 82.0 MB/s eta 0:00:00\n"}
,{"stream_name":"stdout","time":42.836224249,"data":"CUDA: True devices: 2\n"}
,{"stream_name":"stdout","time":44.330235689,"data":"12 prompts across 4 families\n"}
,{"stream_name":"stdout","time":44.794393389,"data":"\n"}
,{"stream_name":"stdout","time":44.794437993,"data":"=== s23808 (step 23808) ===\n"}
,{"stream_name":"stdout","time":45.495277706,"data":"  backfilled 2 config attrs from the final model: ['test_time_noise', 'test_time_noise_type']\n"}
,{"stream_name":"stderr","time":140.22461829,"data":"\rFetching 4 files:   0%|          | 0/4 [00:00\u003c?, ?it/s]\rFetching 4 files:  25%|██▌       | 1/4 [01:06\u003c03:18, 66.25s/it]\rFetching 4 files:  50%|█████     | 2/4 [01:06\u003c00:55, 27.52s/it]\rFetching 4 files: 100%|██████████| 4/4 [01:06\u003c00:00, 16.66s/it]\n"}
,{"stream_name":"stderr","time":140.760204617,"data":"\rLoading checkpoint shards:   0%|          | 0/4 [00:00\u003c?, ?it/s]\rLoading checkpoint shards: 100%|██████████| 4/4 [00:00\u003c00:00, 60.97it/s]\n"}
,{"stream_name":"stdout","time":188.090500175,"data":"    s23808 count0: rho_orbit=0.8350(n=65,fit 0.998)  rho_step=0.8186(n=62,fit 0.999)  d0=55.39  ||h||=74.44\n"}
,{"stream_name":"stdout","time":223.061559843,"data":"    s23808 count1: rho_orbit=0.8466(n=70,fit 0.992)  rho_step=0.8289(n=68,fit 0.991)  d0=59.02  ||h||=74.44\n"}
,{"stream_name":"stdout","time":260.212738249,"data":"    s23808 count2: rho_orbit=0.8264(n=62,fit 0.996)  rho_step=0.8172(n=61,fit 0.999)  d0=58.90  ||h||=74.44\n"}
,{"stream_name":"stdout","time":285.237667807,"data":"    s23808 nesti3: rho_orbit=0.8817(n=90,fit 0.962)  rho_step=0.8701(n=87,fit 0.965)  d0=59.13  ||h||=74.44\n"}
,{"stream_name":"stdout","time":311.361656635,"data":"    s23808 nesti4: rho_orbit=0.8278(n=64,fit 0.998)  rho_step=0.8316(n=65,fit 0.999)  d0=60.76  ||h||=74.44\n"}
,{"stream_name":"stdout","time":337.662466071,"data":"    s23808 nesti5: rho_orbit=0.8803(n=92,fit 0.964)  rho_step=0.8672(n=86,fit 0.970)  d0=63.04  ||h||=74.44\n"}
,{"stream_name":"stdout","time":353.34016124,"data":"    s23808 arith6: rho_orbit=0.8273(n=63,fit 0.998)  rho_step=0.8334(n=69,fit 0.997)  d0=59.84  ||h||=74.44\n"}
,{"stream_name":"stdout","time":369.263400387,"data":"    s23808 arith7: rho_orbit=0.9058(n=96,fit 0.955)  rho_step=0.8705(n=82,fit 0.967)  d0=59.07  ||h||=74.44\n"}
,{"stream_name":"stdout","time":385.436173197,"data":"    s23808 arith8: rho_orbit=0.8940(n=95,fit 0.938)  rho_step=0.9240(n=96,fit 0.754)  d0=55.94  ||h||=74.44\n"}
,{"stream_name":"stdout","time":400.45246861,"data":"    s23808 commo9: rho_orbit=0.7871(n=52,fit 0.998)  rho_step=0.7937(n=54,fit 0.997)  d0=57.04  ||h||=74.45\n"}
,{"stream_name":"stdout","time":415.826691285,"data":"    s23808 commo10: rho_orbit=0.8956(n=60,fit 0.804)  rho_step=0.8987(n=60,fit 0.822)  d0=57.15  ||h||=74.45\n"}
,{"stream_name":"stdout","time":431.509340943,"data":"    s23808 commo11: rho_orbit=0.7878(n=54,fit 0.999)  rho_step=0.8171(n=64,fit 0.985)  d0=65.72  ||h||=74.45\n"}
,{"stream_name":"stdout","time":431.545324882,"data":"  s23808: rho_orbit=0.8496+-0.0412  rho_step=0.8476+-0.0385\n"}
,{"stream_name":"stdout","time":443.993311565,"data":"  after cleanup: 14.41 GiB free of 14.56 GiB\n"}
,{"stream_name":"stdout","time":444.866313475,"data":"    purged /root/.cache/huggingface/hub/models--tomg-group-umd--step-00023808-recurrence_full_512_0\n"}
,{"stream_name":"stdout","time":444.867121069,"data":"\n"}
,{"stream_name":"stdout","time":444.867133628,"data":"=== s29824 (step 29824) ===\n"}
,{"stream_name":"stdout","time":445.591084003,"data":"  backfilled 2 config attrs from the final model: ['test_time_noise', 'test_time_noise_type']\n"}
,{"stream_name":"stderr","time":518.777189051,"data":"\rFetching 4 files:   0%|          | 0/4 [00:00\u003c?, ?it/s]\rFetching 4 files:  25%|██▌       | 1/4 [01:07\u003c03:21, 67.25s/it]\rFetching 4 files:  75%|███████▌  | 3/4 [01:12\u003c00:19, 19.22s/it]\rFetching 4 files: 100%|██████████| 4/4 [01:12\u003c00:00, 18.01s/it]\n"}
,{"stream_name":"stderr","time":518.931830487,"data":"\rLoading checkpoint shards:   0%|          | 0/4 [00:00\u003c?, ?it/s]\rLoading checkpoint shards:  50%|█████     | 2/4 [00:00\u003c00:00, 19.34it/s]\rLoading checkpoint shards: 100%|██████████| 4/4 [00:00\u003c00:00, 30.60it/s]\n"}
,{"stream_name":"stdout","time":653.325006188,"data":"    s29824 count0: rho_orbit=0.8789(n=91,fit 0.983)  rho_step=0.8692(n=90,fit 0.988)  d0=54.11  ||h||=74.92\n"}
,{"stream_name":"stdout","time":691.855350705,"data":"    s29824 count1: rho_orbit=0.8541(n=75,fit 0.994)  rho_step=0.8477(n=77,fit 0.998)  d0=56.53  ||h||=74.92\n"}
,{"stream_name":"stdout","time":732.006043996,"data":"    s29824 count2: rho_orbit=0.8837(n=94,fit 0.988)  rho_step=0.8648(n=85,fit 0.993)  d0=56.43  ||h||=74.92\n"}
,{"stream_name":"stdout","time":759.172123954,"data":"    s29824 nesti3: rho_orbit=0.8502(n=74,fit 0.937)  rho_step=0.8468(n=72,fit 0.995)  d0=58.49  ||h||=74.92\n"}
,{"stream_name":"stdout","time":787.575222721,"data":"    s29824 nesti4: rho_orbit=0.8919(n=86,fit 0.864)  rho_step=0.8424(n=66,fit 0.995)  d0=58.21  ||h||=74.93\n"}
,{"stream_name":"stdout","time":815.690018689,"data":"    s29824 nesti5: rho_orbit=0.8318(n=65,fit 0.999)  rho_step=0.8292(n=67,fit 0.998)  d0=62.74  ||h||=74.92\n"}
,{"stream_name":"stdout","time":832.436864055,"data":"    s29824 arith6: rho_orbit=0.9074(n=101,fit 0.878)  rho_step=0.8978(n=93,fit 0.934)  d0=58.82  ||h||=74.92\n"}
,{"stream_name":"stdout","time":849.385125016,"data":"    s29824 arith7: rho_orbit=0.8621(n=77,fit 0.996)  rho_step=0.8405(n=72,fit 0.999)  d0=59.12  ||h||=74.92\n"}
,{"stream_name":"stdout","time":866.577201456,"data":"    s29824 arith8: rho_orbit=0.8896(n=90,fit 0.974)  rho_step=0.8733(n=83,fit 0.986)  d0=54.50  ||h||=74.92\n"}
,{"stream_name":"stdout","time":882.339035056,"data":"    s29824 commo9: rho_orbit=0.8013(n=57,fit 0.999)  rho_step=0.8021(n=57,fit 0.998)  d0=57.66  ||h||=74.94\n"}
,{"stream_name":"stdout","time":898.414401142,"data":"    s29824 commo10: rho_orbit=0.8108(n=25,fit 0.995)  rho_step=0.8272(n=31,fit 0.983)  d0=56.62  ||h||=74.94\n"}
,{"stream_name":"stdout","time":914.611746391,"data":"    s29824 commo11: rho_orbit=0.8128(n=60,fit 0.999)  rho_step=0.8177(n=65,fit 0.998)  d0=63.55  ||h||=74.93\n"}
,{"stream_name":"stdout","time":914.64911099,"data":"  s29824: rho_orbit=0.8562+-0.0356  rho_step=0.8466+-0.0265\n"}
,{"stream_name":"stdout","time":927.49380139,"data":"  after cleanup: 14.41 GiB free of 14.56 GiB\n"}
,{"stream_name":"stdout","time":927.970552628,"data":"    purged /root/.cache/huggingface/hub/models--tomg-group-umd--step-00029824-recurrence_full_512_0\n"}
,{"stream_name":"stdout","time":927.97515532,"data":"\n"}
,{"stream_name":"stdout","time":927.975171775,"data":"=== SHARD RESULT ===\n"}
,{"stream_name":"stdout","time":927.975213107,"data":"  step  23808  rho_orbit=0.8496+-0.0412  rho_step=0.8476\n"}
,{"stream_name":"stdout","time":927.975239821,"data":"  step  29824  rho_orbit=0.8562+-0.0356  rho_step=0.8466\n"}
,{"stream_name":"stdout","time":927.975308487,"data":"\n"}
,{"stream_name":"stdout","time":927.975315942,"data":"  anchors from geometry-rho-direct (D44), for reference:\n"}
,{"stream_name":"stdout","time":927.975380428,"data":"    step      0  rho_orbit=0.7150 +-0.0069\n"}
,{"stream_name":"stdout","time":927.975448881,"data":"    step 100000  rho_orbit=0.8866 +-0.0362\n"}
,{"stream_name":"stderr","time":942.954945288,"data":"/usr/local/lib/python3.12/dist-packages/mistune.py:435: SyntaxWarning: invalid escape sequence '\\|'\n"}
,{"stream_name":"stderr","time":942.954989153,"data":"  cells[i][c] = re.sub('\\\\\\\\\\|', '|', cell)\n"}
,{"stream_name":"stderr","time":943.470587324,"data":"/usr/local/lib/python3.12/dist-packages/nbconvert/filters/filter_links.py:36: SyntaxWarning: invalid escape sequence '\\_'\n"}
,{"stream_name":"stderr","time":943.470615517,"data":"  text = re.sub(r'_', '\\_', text) # Escape underscores in display text\n"}
,{"stream_name":"stderr","time":946.176878395,"data":"[NbConvertApp] Converting notebook __script__.ipynb to html\n"}
,{"stream_name":"stderr","time":947.557058877,"data":"[NbConvertApp] Writing 334139 bytes to __results__.html\n"}
]