[{"stream_name":"stdout","time":0.751315211,"data":"$ pip install -q 'transformers\u003e=4.50,\u003c4.54' scipy\n"}
,{"stream_name":"stdout","time":3.744655225,"data":"     ━━━━━━━━━━━━━━━━━━━━━━━━━━━━━━━━━━━━━━━━ 40.9/40.9 kB 1.9 MB/s eta 0:00:00\n"}
,{"stream_name":"stdout","time":4.956609185,"data":"   ━━━━━━━━━━━━━━━━━━━━━━━━━━━━━━━━━━━━━━━━ 10.8/10.8 MB 93.8 MB/s eta 0:00:00\n"}
,{"stream_name":"stdout","time":4.986746709,"data":"   ━━━━━━━━━━━━━━━━━━━━━━━━━━━━━━━━━━━━━━━━ 566.4/566.4 kB 36.3 MB/s eta 0:00:00\n"}
,{"stream_name":"stdout","time":5.04139589,"data":"   ━━━━━━━━━━━━━━━━━━━━━━━━━━━━━━━━━━━━━━━━ 3.1/3.1 MB 76.5 MB/s eta 0:00:00\n"}
,{"stream_name":"stdout","time":33.22868644,"data":"CUDA: True devices: 2\n"}
,{"stream_name":"stdout","time":34.133941375,"data":"12 prompts across 4 families\n"}
,{"stream_name":"stdout","time":34.351336106,"data":"\n"}
,{"stream_name":"stdout","time":34.351363365,"data":"=== s11904 (step 11904) ===\n"}
,{"stream_name":"stdout","time":34.877480814,"data":"  backfilled 2 config attrs from the final model: ['test_time_noise', 'test_time_noise_type']\n"}
,{"stream_name":"stderr","time":141.138501525,"data":"\rFetching 4 files:   0%|          | 0/4 [00:00\u003c?, ?it/s]\rFetching 4 files:  25%|██▌       | 1/4 [01:10\u003c03:31, 70.61s/it]\rFetching 4 files:  75%|███████▌  | 3/4 [01:24\u003c00:23, 23.42s/it]\rFetching 4 files: 100%|██████████| 4/4 [01:24\u003c00:00, 21.10s/it]\n"}
,{"stream_name":"stderr","time":141.710626301,"data":"\rLoading checkpoint shards:   0%|          | 0/4 [00:00\u003c?, ?it/s]\rLoading checkpoint shards: 100%|██████████| 4/4 [00:00\u003c00:00, 47.73it/s]\n"}
,{"stream_name":"stdout","time":191.51527578,"data":"    s11904 count0: rho_orbit=0.8886(n=93,fit 0.984)  rho_step=0.8699(n=86,fit 0.988)  d0=58.03  ||h||=73.53\n"}
,{"stream_name":"stdout","time":232.583383721,"data":"    s11904 count1: rho_orbit=0.8777(n=89,fit 0.984)  rho_step=0.8742(n=89,fit 0.986)  d0=59.59  ||h||=73.53\n"}
,{"stream_name":"stdout","time":279.061366084,"data":"    s11904 count2: rho_orbit=0.9080(n=98,fit 0.957)  rho_step=0.8979(n=95,fit 0.971)  d0=59.57  ||h||=73.53\n"}
,{"stream_name":"stdout","time":307.749321182,"data":"    s11904 nesti3: rho_orbit=0.8716(n=82,fit 0.991)  rho_step=0.8706(n=81,fit 0.977)  d0=59.96  ||h||=73.53\n"}
,{"stream_name":"stdout","time":338.567371999,"data":"    s11904 nesti4: rho_orbit=0.8282(n=67,fit 0.997)  rho_step=0.8189(n=62,fit 0.999)  d0=60.35  ||h||=73.53\n"}
,{"stream_name":"stdout","time":368.142816898,"data":"    s11904 nesti5: rho_orbit=0.8479(n=73,fit 0.997)  rho_step=0.8531(n=74,fit 0.991)  d0=64.35  ||h||=73.53\n"}
,{"stream_name":"stdout","time":385.367505884,"data":"    s11904 arith6: rho_orbit=0.8442(n=71,fit 0.998)  rho_step=0.8355(n=70,fit 0.999)  d0=61.90  ||h||=73.53\n"}
,{"stream_name":"stdout","time":402.500085093,"data":"    s11904 arith7: rho_orbit=0.8470(n=74,fit 1.000)  rho_step=0.8329(n=69,fit 0.999)  d0=59.91  ||h||=73.53\n"}
,{"stream_name":"stdout","time":419.826383622,"data":"    s11904 arith8: rho_orbit=0.8311(n=68,fit 0.997)  rho_step=0.8289(n=67,fit 0.998)  d0=58.51  ||h||=73.53\n"}
,{"stream_name":"stdout","time":435.675010114,"data":"    s11904 commo9: rho_orbit=0.7860(n=53,fit 0.998)  rho_step=0.7941(n=57,fit 0.991)  d0=57.93  ||h||=73.53\n"}
,{"stream_name":"stdout","time":451.954801112,"data":"    s11904 commo10: rho_orbit=0.7948(n=54,fit 0.999)  rho_step=0.7738(n=51,fit 0.999)  d0=60.40  ||h||=73.54\n"}
,{"stream_name":"stdout","time":468.470605557,"data":"    s11904 commo11: rho_orbit=0.8271(n=66,fit 0.991)  rho_step=0.8328(n=69,fit 0.996)  d0=67.62  ||h||=73.54\n"}
,{"stream_name":"stdout","time":468.507064115,"data":"  s11904: rho_orbit=0.8460+-0.0362  rho_step=0.8402+-0.0353\n"}
,{"stream_name":"stdout","time":481.798639326,"data":"  after cleanup: 14.41 GiB free of 14.56 GiB\n"}
,{"stream_name":"stdout","time":482.879860671,"data":"    purged /root/.cache/huggingface/hub/models--tomg-group-umd--step-00011904-recurrence_full_512_0\n"}
,{"stream_name":"stdout","time":482.880621881,"data":"\n"}
,{"stream_name":"stdout","time":482.880637622,"data":"=== s17920 (step 17920) ===\n"}
,{"stream_name":"stdout","time":483.426994718,"data":"  backfilled 2 config attrs from the final model: ['test_time_noise', 'test_time_noise_type']\n"}
,{"stream_name":"stderr","time":558.799705616,"data":"\rFetching 4 files:   0%|          | 0/4 [00:00\u003c?, ?it/s]\rFetching 4 files:  25%|██▌       | 1/4 [01:07\u003c03:23, 67.84s/it]\rFetching 4 files:  75%|███████▌  | 3/4 [01:14\u003c00:20, 20.03s/it]\rFetching 4 files: 100%|██████████| 4/4 [01:14\u003c00:00, 18.61s/it]\n"}
,{"stream_name":"stderr","time":559.010120968,"data":"\rLoading checkpoint shards:   0%|          | 0/4 [00:00\u003c?, ?it/s]\rLoading checkpoint shards:  25%|██▌       | 1/4 [00:00\u003c00:00,  9.59it/s]\rLoading checkpoint shards: 100%|██████████| 4/4 [00:00\u003c00:00, 21.45it/s]\n"}
,{"stream_name":"stdout","time":664.564399686,"data":"    s17920 count0: rho_orbit=0.8821(n=90,fit 0.990)  rho_step=0.8608(n=83,fit 0.996)  d0=55.09  ||h||=73.98\n"}
,{"stream_name":"stdout","time":708.466201436,"data":"    s17920 count1: rho_orbit=0.8805(n=87,fit 0.995)  rho_step=0.8768(n=89,fit 0.994)  d0=56.85  ||h||=73.98\n"}
,{"stream_name":"stdout","time":754.287091913,"data":"    s17920 count2: rho_orbit=0.8965(n=99,fit 0.973)  rho_step=0.8792(n=90,fit 0.974)  d0=58.00  ||h||=73.98\n"}
,{"stream_name":"stdout","time":783.492013937,"data":"    s17920 nesti3: rho_orbit=0.8671(n=87,fit 0.987)  rho_step=0.8573(n=82,fit 0.986)  d0=57.41  ||h||=73.99\n"}
,{"stream_name":"stdout","time":814.075382532,"data":"    s17920 nesti4: rho_orbit=0.8465(n=69,fit 0.993)  rho_step=0.8315(n=65,fit 0.997)  d0=58.40  ||h||=73.99\n"}
,{"stream_name":"stdout","time":843.826337134,"data":"    s17920 nesti5: rho_orbit=0.8883(n=98,fit 0.992)  rho_step=0.8591(n=82,fit 0.984)  d0=62.09  ||h||=73.99\n"}
,{"stream_name":"stdout","time":861.298717698,"data":"    s17920 arith6: rho_orbit=0.8079(n=9,fit 0.991)  rho_step=0.8707(n=88,fit 0.992)  d0=59.29  ||h||=73.98\n"}
,{"stream_name":"stdout","time":878.579268406,"data":"    s17920 arith7: rho_orbit=0.8835(n=91,fit 0.960)  rho_step=0.8587(n=82,fit 0.989)  d0=57.94  ||h||=73.98\n"}
,{"stream_name":"stdout","time":895.757334888,"data":"    s17920 arith8: rho_orbit=0.8583(n=29,fit 0.984)  rho_step=0.8686(n=88,fit 0.977)  d0=55.38  ||h||=73.98\n"}
,{"stream_name":"stdout","time":911.417081373,"data":"    s17920 commo9: rho_orbit=0.9055(n=96,fit 0.950)  rho_step=0.8960(n=94,fit 0.918)  d0=56.93  ||h||=73.98\n"}
,{"stream_name":"stdout","time":927.586264806,"data":"    s17920 commo10: rho_orbit=0.8629(n=72,fit 0.947)  rho_step=0.8971(n=71,fit 0.812)  d0=57.74  ||h||=73.99\n"}
,{"stream_name":"stdout","time":944.074662438,"data":"    s17920 commo11: rho_orbit=0.8032(n=58,fit 0.999)  rho_step=0.7972(n=57,fit 1.000)  d0=64.40  ||h||=73.99\n"}
,{"stream_name":"stdout","time":944.110164462,"data":"  s17920: rho_orbit=0.8652+-0.0324  rho_step=0.8628+-0.0273\n"}
,{"stream_name":"stdout","time":957.229572986,"data":"  after cleanup: 14.41 GiB free of 14.56 GiB\n"}
,{"stream_name":"stdout","time":957.701038009,"data":"    purged /root/.cache/huggingface/hub/models--tomg-group-umd--step-00017920-recurrence_full_512_0\n"}
,{"stream_name":"stdout","time":957.702340105,"data":"\n"}
,{"stream_name":"stdout","time":957.702359868,"data":"=== SHARD RESULT ===\n"}
,{"stream_name":"stdout","time":957.705202829,"data":"  step  11904  rho_orbit=0.8460+-0.0362  rho_step=0.8402\n"}
,{"stream_name":"stdout","time":957.70687443,"data":"  step  17920  rho_orbit=0.8652+-0.0324  rho_step=0.8628\n"}
,{"stream_name":"stdout","time":957.706899999,"data":"\n"}
,{"stream_name":"stdout","time":957.706904511,"data":"  anchors from geometry-rho-direct (D44), for reference:\n"}
,{"stream_name":"stdout","time":957.706908607,"data":"    step      0  rho_orbit=0.7150 +-0.0069\n"}
,{"stream_name":"stdout","time":957.706914203,"data":"    step 100000  rho_orbit=0.8866 +-0.0362\n"}
,{"stream_name":"stderr","time":966.269377402,"data":"/usr/local/lib/python3.12/dist-packages/mistune.py:435: SyntaxWarning: invalid escape sequence '\\|'\n"}
,{"stream_name":"stderr","time":966.269416912,"data":"  cells[i][c] = re.sub('\\\\\\\\\\|', '|', cell)\n"}
,{"stream_name":"stderr","time":966.54689074,"data":"/usr/local/lib/python3.12/dist-packages/nbconvert/filters/filter_links.py:36: SyntaxWarning: invalid escape sequence '\\_'\n"}
,{"stream_name":"stderr","time":966.546936502,"data":"  text = re.sub(r'_', '\\_', text) # Escape underscores in display text\n"}
,{"stream_name":"stderr","time":967.766612699,"data":"[NbConvertApp] Converting notebook __script__.ipynb to html\n"}
,{"stream_name":"stderr","time":968.852179496,"data":"[NbConvertApp] Writing 334139 bytes to __results__.html\n"}
]