[{"stream_name":"stdout","time":1.4073007419999999,"data":"$ pip install -q 'transformers\u003e=4.50,\u003c4.54' scikit-learn scipy\n"}
,{"stream_name":"stdout","time":4.912187161,"data":"     ━━━━━━━━━━━━━━━━━━━━━━━━━━━━━━━━━━━━━━━━ 40.9/40.9 kB 2.4 MB/s eta 0:00:00\n"}
,{"stream_name":"stdout","time":5.877101466,"data":"   ━━━━━━━━━━━━━━━━━━━━━━━━━━━━━━━━━━━━━━━━ 10.8/10.8 MB 101.2 MB/s eta 0:00:00\n"}
,{"stream_name":"stdout","time":5.899464589,"data":"   ━━━━━━━━━━━━━━━━━━━━━━━━━━━━━━━━━━━━━━━━ 566.4/566.4 kB 35.4 MB/s eta 0:00:00\n"}
,{"stream_name":"stdout","time":5.946587172,"data":"   ━━━━━━━━━━━━━━━━━━━━━━━━━━━━━━━━━━━━━━━━ 3.1/3.1 MB 83.1 MB/s eta 0:00:00\n"}
,{"stream_name":"stdout","time":34.364920462,"data":"CUDA: True\n"}
,{"stream_name":"stderr","time":126.044460251,"data":"\rFetching 4 files:   0%|          | 0/4 [00:00\u003c?, ?it/s]\rFetching 4 files:  25%|██▌       | 1/4 [01:09\u003c03:28, 69.50s/it]\rFetching 4 files: 100%|██████████| 4/4 [01:09\u003c00:00, 17.37s/it]\n"}
,{"stream_name":"stderr","time":126.214630781,"data":"\rLoading checkpoint shards:   0%|          | 0/4 [00:00\u003c?, ?it/s]\rLoading checkpoint shards: 100%|██████████| 4/4 [00:00\u003c00:00, 52.79it/s]\n"}
,{"stream_name":"stdout","time":554.237777404,"data":"  40 prompts done\n"}
,{"stream_name":"stdout","time":1000.515542607,"data":"  80 prompts done\n"}
,{"stream_name":"stdout","time":1446.307985133,"data":"  120 prompts done\n"}
,{"stream_name":"stdout","time":1891.713251362,"data":"  160 prompts done\n"}
,{"stream_name":"stdout","time":2336.89616801,"data":"  200 prompts done\n"}
,{"stream_name":"stdout","time":2559.530215561,"data":"\n"}
,{"stream_name":"stdout","time":2559.530267399,"data":"prompts: 220   distinct token lengths: [74]   totals span 4..56\n"}
,{"stream_name":"stdout","time":2559.543805407,"data":"\n"}
,{"stream_name":"stdout","time":2559.543830826,"data":"=== can the TOTAL be read off the ANSWER TOKEN, and does it improve with depth? ===\n"}
,{"stream_name":"stdout","time":2559.5438418,"data":"     r        R2   null mean   null p95        p\n"}
,{"stream_name":"stdout","time":2565.963322573,"data":"     1   +0.6545     -0.1056    -0.0272    0.000\n"}
,{"stream_name":"stdout","time":2572.234051803,"data":"     2   +0.9098     -0.1612    -0.0559    0.000\n"}
,{"stream_name":"stdout","time":2578.870544977,"data":"     4   +0.9743     -0.2546    -0.0975    0.000\n"}
,{"stream_name":"stdout","time":2585.20663594,"data":"     8   +0.9688     -0.3042    -0.1303    0.000\n"}
,{"stream_name":"stdout","time":2591.517710328,"data":"    16   +0.9863     -0.2145    -0.1018    0.000\n"}
,{"stream_name":"stdout","time":2597.773913963,"data":"    24   +0.9915     -0.2245    -0.1016    0.000\n"}
,{"stream_name":"stdout","time":2604.180834892,"data":"    32   +0.9922     -0.2050    -0.0715    0.000\n"}
,{"stream_name":"stdout","time":2610.654096681,"data":"    48   +0.9928     -0.1908    -0.0798    0.000\n"}
,{"stream_name":"stdout","time":2617.092577193,"data":"    64   +0.9928     -0.1964    -0.0977    0.000\n"}
,{"stream_name":"stdout","time":2617.097638827,"data":"\n"}
,{"stream_name":"stdout","time":2617.097812388,"data":"=== does readout fail worse on HARDER instances, and where? ===\n"}
,{"stream_name":"stdout","time":2617.098043489,"data":"    (the direct link to D35: if hard instances are read out worse while\n"}
,{"stream_name":"stdout","time":2617.09934979,"data":"     the curve is climbing, that is why they need more depth)\n"}
,{"stream_name":"stdout","time":2617.099377909,"data":"     r   rho(count, |err|)         p   mean |err|\n"}
,{"stream_name":"stdout","time":2617.104982829,"data":"     1             -0.0234    0.7303        6.938\n"}
,{"stream_name":"stdout","time":2617.106203657,"data":"     2             -0.0682    0.3141        3.287\n"}
,{"stream_name":"stdout","time":2617.107417278,"data":"     4             +0.1121    0.0973        1.803\n"}
,{"stream_name":"stdout","time":2617.10857781,"data":"     8             +0.1625    0.0159        1.941\n"}
,{"stream_name":"stdout","time":2617.109695001,"data":"    16             -0.0918    0.1747        1.275\n"}
,{"stream_name":"stdout","time":2617.110800118,"data":"    24             -0.0341    0.6145        1.012\n"}
,{"stream_name":"stdout","time":2617.1119791,"data":"    32             -0.0175    0.7963        0.980\n"}
,{"stream_name":"stdout","time":2617.113017571,"data":"    48             -0.0172    0.8002        0.934\n"}
,{"stream_name":"stdout","time":2617.114043143,"data":"    64             -0.0225    0.7405        0.934\n"}
,{"stream_name":"stdout","time":2617.114885232,"data":"\n"}
,{"stream_name":"stdout","time":2617.115034994,"data":"  rho(unroll, readout R2) = +0.9667, p = 0.0000\n"}
,{"stream_name":"stdout","time":2617.115222601,"data":"  R2 at r=1: +0.6545   at r=64: +0.9928   change +0.3383\n"}
,{"stream_name":"stdout","time":2617.115280284,"data":"\n"}
,{"stream_name":"stdout","time":2617.115437126,"data":"  =\u003e READOUT IMPROVES WITH DEPTH. The register exists from r=1 (D37) but\n"}
,{"stream_name":"stdout","time":2617.11560041,"data":"     getting it into the answer token takes recurrence -- which is a\n"}
,{"stream_name":"stdout","time":2617.115750532,"data":"     concrete answer to what the extra depth in D35 is buying.\n"}
,{"stream_name":"stdout","time":2617.115827186,"data":"\n"}
,{"stream_name":"stdout","time":2617.115931318,"data":"DONE\n"}
,{"stream_name":"stderr","time":2623.381664658,"data":"/usr/local/lib/python3.12/dist-packages/mistune.py:435: SyntaxWarning: invalid escape sequence '\\|'\n"}
,{"stream_name":"stderr","time":2623.381700603,"data":"  cells[i][c] = re.sub('\\\\\\\\\\|', '|', cell)\n"}
,{"stream_name":"stderr","time":2623.691069643,"data":"/usr/local/lib/python3.12/dist-packages/nbconvert/filters/filter_links.py:36: SyntaxWarning: invalid escape sequence '\\_'\n"}
,{"stream_name":"stderr","time":2623.691098018,"data":"  text = re.sub(r'_', '\\_', text) # Escape underscores in display text\n"}
,{"stream_name":"stderr","time":2624.336392859,"data":"[NbConvertApp] Converting notebook __script__.ipynb to html\n"}
,{"stream_name":"stderr","time":2625.33229218,"data":"[NbConvertApp] Writing 312002 bytes to __results__.html\n"}
]